******************************************************************************
                  TI ARM Linker PC v16.9.6                     
******************************************************************************
>> Linked Sun Jan 28 12:45:29 2018

OUTPUT FILE NAME:   <Sean_Link_Lab02.out>
ENTRY POINT SYMBOL: "_c_int00"  address: 00002fbd


MEMORY CONFIGURATION

         name            origin    length      used     unused   attr    fill
----------------------  --------  ---------  --------  --------  ----  --------
  FLASH                 00000000   00040000  00003b98  0003c468  R  X
  SRAM                  20000000   00008000  0000086f  00007791  RW X


SEGMENT ALLOCATION MAP

run origin  load origin   length   init length attrs members
----------  ----------- ---------- ----------- ----- -------
00000000    00000000    00003b98   00003b98    r-x
  00000000    00000000    0000026c   0000026c    r-- .intvecs
  0000026c    0000026c    000033e0   000033e0    r-x .text
  0000364c    0000364c    000004fc   000004fc    r-- .const
  00003b48    00003b48    00000050   00000050    r-- .cinit
20000000    20000000    0000086f   00000000    rw-
  20000000    20000000    00000800   00000000    rw- .stack
  20000800    20000800    00000038   00000000    rw- .bss
  20000838    20000838    00000037   00000000    rw- .data


SECTION ALLOCATION MAP

 output                                  attributes/
section   page    origin      length       input sections
--------  ----  ----------  ----------   ----------------
.intvecs   0    00000000    0000026c     
                  00000000    0000026c     startup_ccs.obj (.intvecs)

.text      0    0000026c    000033e0     
                  0000026c    0000113e     rtsv7M4_T_le_v4SPD16_eabi.lib : _printfi.obj (.text)
                  000013aa    00000002     cfal96x64x16.obj (.text:CFAL96x64x16Flush)
                  000013ac    000002ec     hello.obj (.text:main)
                  00001698    000002c0     hello.obj (.text:displayInfoOnBoard)
                  00001958    00000254     grlib.lib : string.obj (.text:GrFontGlyphRender)
                  00001bac    000001f4     rtsv7M4_T_le_v4SPD16_eabi.lib : ull_div_t2.obj (.text)
                  00001da0    000001b6                                   : fd_add_t2.obj (.text)
                  00001f56    00000002     startup_ccs.obj (.text:FaultISR)
                  00001f58    00000184     cfal96x64x16.obj (.text:CFAL96x64x16Init)
                  000020dc    0000013a     cfal96x64x16.obj (.text:CFAL96x64x16PixelDrawMultiple)
                  00002216    00000136     rtsv7M4_T_le_v4SPD16_eabi.lib : fd_div_t2.obj (.text)
                  0000234c    00000132     driverlib.lib : gpio.obj (.text:GPIOPadConfigSet)
                  0000247e    00000002     startup_ccs.obj (.text:IntDefaultHandler)
                  00002480    000000fc     hello.obj (.text:readButtonPressFromBoard)
                  0000257c    000000fc     rtsv7M4_T_le_v4SPD16_eabi.lib : fd_mul_t2.obj (.text)
                  00002678    000000fc                                   : s_scalbn.obj (.text)
                  00002774    000000c0     grlib.lib : string.obj (.text:GrDefaultStringRenderer)
                  00002834    0000009c     rtsv7M4_T_le_v4SPD16_eabi.lib : memcpy_t2.obj (.text)
                  000028d0    0000008e     cfal96x64x16.obj (.text:CFAL96x64x16LineDrawV)
                  0000295e    00000086     grlib.lib : rectangle.obj (.text:GrRectFill)
                  000029e4    00000086     rtsv7M4_T_le_v4SPD16_eabi.lib : fd_cmp_t2.obj (.text:__aeabi_cdcmple)
                  00002a6a    00000086                                   : fd_cmp_t2.obj (.text:__aeabi_cdrcmple)
                  00002af0    0000007a                                   : memset_t2.obj (.text)
                  00002b6a    00000002     startup_ccs.obj (.text:NmiSR)
                  00002b6c    00000070     rtsv7M4_T_le_v4SPD16_eabi.lib : autoinit.obj (.text)
                  00002bdc    0000006c     cfal96x64x16.obj (.text:CFAL96x64x16LineDrawH)
                  00002c48    00000068     grlib.lib : context.obj (.text:GrContextInit)
                  00002cb0    00000068               : string.obj (.text:GrStringWidthGet)
                  00002d18    00000068     rtsv7M4_T_le_v4SPD16_eabi.lib : copy_decompress_lzss.obj (.text:decompress:lzss)
                  00002d80    00000064     hello.obj (.text:clearOLED)
                  00002de4    00000064     rtsv7M4_T_le_v4SPD16_eabi.lib : s_frexp.obj (.text)
                  00002e48    00000060                                   : sprintf.obj (.text)
                  00002ea8    0000005c     buttons.obj (.text:ButtonsInit)
                  00002f04    0000005c     hello.obj (.text:blinkLED)
                  00002f60    0000005a     grlib.lib : string.obj (.text:FontWideGlyphDataGet)
                  00002fba    00000002     rtsv7M4_T_le_v4SPD16_eabi.lib : mpu_init.obj (.text)
                  00002fbc    00000054                                   : boot.obj (.text)
                  00003010    00000054                                   : exit.obj (.text)
                  00003064    00000054                                   : ltoa.obj (.text)
                  000030b8    00000050     cfal96x64x16.obj (.text:CFAL96x64x16WriteCommand)
                  00003108    00000050     cfal96x64x16.obj (.text:CFAL96x64x16WriteData)
                  00003158    0000004c     rtsv7M4_T_le_v4SPD16_eabi.lib : atoi.obj (.text)
                  000031a4    0000004c                                   : cpy_tbl.obj (.text)
                  000031f0    0000004a     grlib.lib : string.obj (.text:UpdateContextCharMapping)
                  0000323a    00000048     rtsv7M4_T_le_v4SPD16_eabi.lib : fd_toi_t2.obj (.text)
                  00003282    0000003a     grlib.lib : string.obj (.text:FontGlyphDataGet)
                  000032bc    00000038     driverlib.lib : sysctl.obj (.text:SysCtlPeripheralReady)
                  000032f4    00000034                   : sysctl.obj (.text:SysCtlPeripheralEnable)
                  00003328    00000034     hello.obj (.text:getCharacterFromComputer)
                  0000335c    00000032     cfal96x64x16.obj (.text:CFAL96x64x16PixelDraw)
                  0000338e    0000002e     grlib.lib : string.obj (.text:GrStringNextCharGet)
                  000033bc    0000002e     rtsv7M4_T_le_v4SPD16_eabi.lib : i_tofd_t2.obj (.text)
                  000033ea    0000002c     grlib.lib : string.obj (.text:GrFontBaselineGet)
                  00003416    0000002a     cfal96x64x16.obj (.text:CFAL96x64x16RectFill)
                  00003440    0000002a     driverlib.lib : gpio.obj (.text:GPIODirModeSet)
                  0000346a    00000002     rtsv7M4_T_le_v4SPD16_eabi.lib : startup.obj (.text)
                  0000346c    00000028     hello.obj (.text:UARTSend)
                  00003494    00000026     grlib.lib : string.obj (.text:GrFontInfoGet)
                  000034ba    00000022               : string.obj (.text:GrFontGlyphDataGet)
                  000034dc    0000001e               : string.obj (.text:GrFontCodepageGet)
                  000034fa    0000001c     rtsv7M4_T_le_v4SPD16_eabi.lib : memccpy.obj (.text)
                  00003516    00000018     driverlib.lib : gpio.obj (.text:GPIOPinTypeGPIOOutput)
                  0000352e    00000002     --HOLE-- [fill = 0]
                  00003530    00000018     rtsv7M4_T_le_v4SPD16_eabi.lib : args_main.obj (.text)
                  00003548    00000018                                   : strcmp.obj (.text)
                  00003560    00000016     cfal96x64x16.obj (.text:CFAL96x64x16ColorTranslate)
                  00003576    00000016     grlib.lib : string.obj (.text:GrStringDraw)
                  0000358c    00000016     rtsv7M4_T_le_v4SPD16_eabi.lib : strchr.obj (.text)
                  000035a2    00000002     --HOLE-- [fill = 0]
                  000035a4    00000014                                   : _lock.obj (.text)
                  000035b8    00000014                                   : s_copysign.obj (.text)
                  000035cc    00000014                                   : strlen.obj (.text)
                  000035e0    00000012     hello.obj (.text:floodCharacter)
                  000035f2    0000000e     driverlib.lib : uart.obj (.text:UARTCharGetNonBlocking)
                  00003600    0000000e                   : uart.obj (.text:UARTCharsAvail)
                  0000360e    0000000e     rtsv7M4_T_le_v4SPD16_eabi.lib : copy_decompress_none.obj (.text:decompress:none)
                  0000361c    0000000c                                   : copy_zero_init.obj (.text:decompress:ZI)
                  00003628    00000008     grlib.lib : charmap.obj (.text:GrMapISO8859_1_Unicode)
                  00003630    00000006     driverlib.lib : gpio.obj (.text:GPIOPinRead)
                  00003636    00000006                   : gpio.obj (.text:GPIOPinWrite)
                  0000363c    00000006     grlib.lib : string.obj (.text:GrContextFontSet)
                  00003642    00000006     startup_ccs.obj (.text:ResetISR)
                  00003648    00000004     rtsv7M4_T_le_v4SPD16_eabi.lib : pre_init.obj (.text)

.const     0    0000364c    000004fc     
                  0000364c    000002f8     grlib.lib : fontfixed6x8.obj (.const:.string:g_pui8FontFixed6x8Data)
                  00003944    00000101     rtsv7M4_T_le_v4SPD16_eabi.lib : ctype.obj (.const:.string:_ctypes_)
                  00003a45    00000003     --HOLE-- [fill = 0]
                  00003a48    000000c8     grlib.lib : fontfixed6x8.obj (.const:g_sFontFixed6x8)
                  00003b10    00000028     cfal96x64x16.obj (.const:g_sCFAL96x64x16)
                  00003b38    00000010     grlib.lib : context.obj (.const)

.cinit     0    00003b48    00000050     
                  00003b48    00000029     (.cinit..data.load) [load image, compression = lzss]
                  00003b71    00000003     --HOLE-- [fill = 0]
                  00003b74    0000000c     (__TI_handler_table)
                  00003b80    00000008     (.cinit..bss.load) [load image, compression = zero_init]
                  00003b88    00000010     (__TI_cinit_table)

.init_array 
*          0    00000000    00000000     UNINITIALIZED

.stack     0    20000000    00000800     UNINITIALIZED
                  20000000    00000800     --HOLE--

.bss       0    20000800    00000038     UNINITIALIZED
                  20000800    0000002c     hello.obj (.bss:sContext)
                  2000082c    00000008     hello.obj (.bss:sRect)
                  20000834    00000004     (.common:g_psGrLibDefaults)

.data      0    20000838    00000037     UNINITIALIZED
                  20000838    00000013     cfal96x64x16.obj (.data:g_ui8DisplayInitCommands)
                  2000084b    00000001     --HOLE--
                  2000084c    0000000c     rtsv7M4_T_le_v4SPD16_eabi.lib : exit.obj (.data:$O1$$)
                  20000858    00000008                                   : _lock.obj (.data:$O1$$)
                  20000860    00000004     hello.obj (.data)
                  20000864    00000004     rtsv7M4_T_le_v4SPD16_eabi.lib : errno.obj (.data)
                  20000868    00000004                                   : stkdepth_vars.obj (.data)
                  2000086c    00000003     buttons.obj (.data)

MODULE SUMMARY

       Module                     code    ro data   rw data
       ------                     ----    -------   -------
    .\
       hello.obj                  2006    0         56     
       startup_ccs.obj            12      620       0      
    +--+--------------------------+-------+---------+---------+
       Total:                     2018    620       56     
                                                           
    .\drivers\
       cfal96x64x16.obj           1228    40        19     
       buttons.obj                92      0         3      
    +--+--------------------------+-------+---------+---------+
       Total:                     1320    40        22     
                                                           
    C:/ti/TivaWare_C_Series-2.1.3.156/driverlib/ccs/Debug/driverlib.lib
       gpio.obj                   384     0         0      
       sysctl.obj                 108     0         0      
       uart.obj                   28      0         0      
    +--+--------------------------+-------+---------+---------+
       Total:                     520     0         0      
                                                           
    C:/ti/TivaWare_C_Series-2.1.3.156/grlib/ccs/Debug/grlib.lib
       string.obj                 1334    0         0      
       fontfixed6x8.obj           0       960       0      
       rectangle.obj              134     0         0      
       context.obj                104     16        4      
       charmap.obj                8       0         0      
    +--+--------------------------+-------+---------+---------+
       Total:                     1580    976       4      
                                                           
    C:\ti\ccsv7\tools\compiler\ti-cgt-arm_16.9.6.LTS\lib\rtsv7M4_T_le_v4SPD16_eabi.lib
       _printfi.obj               4414    0         0      
       ull_div_t2.obj             500     0         0      
       fd_add_t2.obj              438     0         0      
       fd_div_t2.obj              310     0         0      
       fd_cmp_t2.obj              268     0         0      
       ctype.obj                  0       257       0      
       fd_mul_t2.obj              252     0         0      
       s_scalbn.obj               252     0         0      
       memcpy_t2.obj              156     0         0      
       memset_t2.obj              122     0         0      
       autoinit.obj               112     0         0      
       copy_decompress_lzss.obj   104     0         0      
       s_frexp.obj                100     0         0      
       exit.obj                   84      0         12     
       sprintf.obj                96      0         0      
       boot.obj                   84      0         0      
       ltoa.obj                   84      0         0      
       atoi.obj                   76      0         0      
       cpy_tbl.obj                76      0         0      
       fd_toi_t2.obj              72      0         0      
       i_tofd_t2.obj              46      0         0      
       _lock.obj                  20      0         8      
       memccpy.obj                28      0         0      
       args_main.obj              24      0         0      
       strcmp.obj                 24      0         0      
       strchr.obj                 22      0         0      
       s_copysign.obj             20      0         0      
       strlen.obj                 20      0         0      
       copy_decompress_none.obj   14      0         0      
       copy_zero_init.obj         12      0         0      
       errno.obj                  0       0         4      
       pre_init.obj               4       0         0      
       stkdepth_vars.obj          0       0         4      
       mpu_init.obj               2       0         0      
       startup.obj                2       0         0      
    +--+--------------------------+-------+---------+---------+
       Total:                     7838    257       28     
                                                           
       Stack:                     0       0         2048   
       Linker Generated:          0       77        0      
    +--+--------------------------+-------+---------+---------+
       Grand Total:               13276   1970      2158   


LINKER GENERATED COPY TABLES

__TI_cinit_table @ 00003b88 records: 2, size/record: 8, table size: 16
	.data: load addr=00003b48, load size=00000029 bytes, run addr=20000838, run size=00000037 bytes, compression=lzss
	.bss: load addr=00003b80, load size=00000008 bytes, run addr=20000800, run size=00000038 bytes, compression=zero_init


LINKER GENERATED HANDLER TABLE

__TI_handler_table @ 00003b74 records: 3, size/record: 4, table size: 12
	index: 0, handler: __TI_decompress_lzss
	index: 1, handler: __TI_decompress_none
	index: 2, handler: __TI_zero_init


GLOBAL SYMBOLS: SORTED ALPHABETICALLY BY Name 

address   name                           
-------   ----                           
00002ea9  ButtonsInit                    
00003011  C$$EXIT                        
00001f59  CFAL96x64x16Init               
00003441  GPIODirModeSet                 
0000234d  GPIOPadConfigSet               
00003631  GPIOPinRead                    
00003517  GPIOPinTypeGPIOOutput          
00003637  GPIOPinWrite                   
0000363d  GrContextFontSet               
00002c49  GrContextInit                  
00002775  GrDefaultStringRenderer        
000033eb  GrFontBaselineGet              
000034dd  GrFontCodepageGet              
000034bb  GrFontGlyphDataGet             
00001959  GrFontGlyphRender              
00003495  GrFontInfoGet                  
00003629  GrMapISO8859_1_Unicode         
0000295f  GrRectFill                     
00003577  GrStringDraw                   
0000338f  GrStringNextCharGet            
00002cb1  GrStringWidthGet               
00003643  ResetISR                       
UNDEFED   SHT$$INIT_ARRAY$$Base          
UNDEFED   SHT$$INIT_ARRAY$$Limit         
000032f5  SysCtlPeripheralEnable         
000032bd  SysCtlPeripheralReady          
000035f3  UARTCharGetNonBlocking         
00003601  UARTCharsAvail                 
0000346d  UARTSend                       
20000800  __STACK_END                    
00000800  __STACK_SIZE                   
20000200  __STACK_TOP                    
00003b88  __TI_CINIT_Base                
00003b98  __TI_CINIT_Limit               
00003b74  __TI_Handler_Table_Base        
00003b80  __TI_Handler_Table_Limit       
00002b6d  __TI_auto_init                 
2000084c  __TI_cleanup_ptr               
00002d19  __TI_decompress_lzss           
0000360f  __TI_decompress_none           
20000850  __TI_dtors_ptr                 
20000854  __TI_enable_exit_profile_output
ffffffff  __TI_pprof_out_hndl            
00000ab1  __TI_printfi                   
ffffffff  __TI_prof_data_size            
ffffffff  __TI_prof_data_start           
00000000  __TI_static_base__             
0000361d  __TI_zero_init                 
000029e5  __aeabi_cdcmpeq                
000029e5  __aeabi_cdcmple                
00002a6b  __aeabi_cdrcmple               
0000323b  __aeabi_d2iz                   
00001dab  __aeabi_dadd                   
00002217  __aeabi_ddiv                   
0000257d  __aeabi_dmul                   
00001da1  __aeabi_dsub                   
000033bd  __aeabi_i2d                    
00002af1  __aeabi_memclr                 
00002af1  __aeabi_memclr4                
00002af1  __aeabi_memclr8                
00002835  __aeabi_memcpy                 
00002835  __aeabi_memcpy4                
00002835  __aeabi_memcpy8                
00002af3  __aeabi_memset                 
00002af3  __aeabi_memset4                
00002af3  __aeabi_memset8                
00001bad  __aeabi_uldivmod               
ffffffff  __binit__                      
ffffffff  __c_args__                     
00002fbb  __mpu_init                     
20000000  __stack                        
00003531  _args_main                     
00002fbd  _c_int00                       
00003944  _ctypes_                       
20000858  _lock                          
000035b3  _nop                           
000035ab  _register_lock                 
000035a5  _register_unlock               
0000346b  _system_post_cinit             
00003649  _system_pre_init               
2000085c  _unlock                        
00003015  abort                          
00003159  atoi                           
ffffffff  binit                          
00002f05  blinkLED                       
00002d81  clearOLED                      
000031a5  copy_in                        
000035b9  copysign                       
000035b9  copysignl                      
00001699  displayInfoOnBoard             
20000864  errno                          
0000301d  exit                           
000035e1  floodCharacter                 
00002de5  frexp                          
00002de5  frexpl                         
00000000  g_pfnVectors                   
00003b38  g_psDefaultCodePointMapTable   
00003b10  g_sCFAL96x64x16                
00003a48  g_sFontFixed6x8                
00003329  getCharacterFromComputer       
00002679  ldexp                          
00002679  ldexpl                         
00003065  ltoa                           
000013ad  main                           
20000868  main_func_sp                   
000034fb  memccpy                        
00002835  memcpy                         
00002af9  memset                         
00002481  readButtonPressFromBoard       
00002679  scalbn                         
00002679  scalbnl                        
00002e49  sprintf                        
0000358d  strchr                         
00003549  strcmp                         
000035cd  strlen                         


GLOBAL SYMBOLS: SORTED BY Symbol Address 

address   name                           
-------   ----                           
00000000  __TI_static_base__             
00000000  g_pfnVectors                   
00000800  __STACK_SIZE                   
00000ab1  __TI_printfi                   
000013ad  main                           
00001699  displayInfoOnBoard             
00001959  GrFontGlyphRender              
00001bad  __aeabi_uldivmod               
00001da1  __aeabi_dsub                   
00001dab  __aeabi_dadd                   
00001f59  CFAL96x64x16Init               
00002217  __aeabi_ddiv                   
0000234d  GPIOPadConfigSet               
00002481  readButtonPressFromBoard       
0000257d  __aeabi_dmul                   
00002679  ldexp                          
00002679  ldexpl                         
00002679  scalbn                         
00002679  scalbnl                        
00002775  GrDefaultStringRenderer        
00002835  __aeabi_memcpy                 
00002835  __aeabi_memcpy4                
00002835  __aeabi_memcpy8                
00002835  memcpy                         
0000295f  GrRectFill                     
000029e5  __aeabi_cdcmpeq                
000029e5  __aeabi_cdcmple                
00002a6b  __aeabi_cdrcmple               
00002af1  __aeabi_memclr                 
00002af1  __aeabi_memclr4                
00002af1  __aeabi_memclr8                
00002af3  __aeabi_memset                 
00002af3  __aeabi_memset4                
00002af3  __aeabi_memset8                
00002af9  memset                         
00002b6d  __TI_auto_init                 
00002c49  GrContextInit                  
00002cb1  GrStringWidthGet               
00002d19  __TI_decompress_lzss           
00002d81  clearOLED                      
00002de5  frexp                          
00002de5  frexpl                         
00002e49  sprintf                        
00002ea9  ButtonsInit                    
00002f05  blinkLED                       
00002fbb  __mpu_init                     
00002fbd  _c_int00                       
00003011  C$$EXIT                        
00003015  abort                          
0000301d  exit                           
00003065  ltoa                           
00003159  atoi                           
000031a5  copy_in                        
0000323b  __aeabi_d2iz                   
000032bd  SysCtlPeripheralReady          
000032f5  SysCtlPeripheralEnable         
00003329  getCharacterFromComputer       
0000338f  GrStringNextCharGet            
000033bd  __aeabi_i2d                    
000033eb  GrFontBaselineGet              
00003441  GPIODirModeSet                 
0000346b  _system_post_cinit             
0000346d  UARTSend                       
00003495  GrFontInfoGet                  
000034bb  GrFontGlyphDataGet             
000034dd  GrFontCodepageGet              
000034fb  memccpy                        
00003517  GPIOPinTypeGPIOOutput          
00003531  _args_main                     
00003549  strcmp                         
00003577  GrStringDraw                   
0000358d  strchr                         
000035a5  _register_unlock               
000035ab  _register_lock                 
000035b3  _nop                           
000035b9  copysign                       
000035b9  copysignl                      
000035cd  strlen                         
000035e1  floodCharacter                 
000035f3  UARTCharGetNonBlocking         
00003601  UARTCharsAvail                 
0000360f  __TI_decompress_none           
0000361d  __TI_zero_init                 
00003629  GrMapISO8859_1_Unicode         
00003631  GPIOPinRead                    
00003637  GPIOPinWrite                   
0000363d  GrContextFontSet               
00003643  ResetISR                       
00003649  _system_pre_init               
00003944  _ctypes_                       
00003a48  g_sFontFixed6x8                
00003b10  g_sCFAL96x64x16                
00003b38  g_psDefaultCodePointMapTable   
00003b74  __TI_Handler_Table_Base        
00003b80  __TI_Handler_Table_Limit       
00003b88  __TI_CINIT_Base                
00003b98  __TI_CINIT_Limit               
20000000  __stack                        
20000200  __STACK_TOP                    
20000800  __STACK_END                    
2000084c  __TI_cleanup_ptr               
20000850  __TI_dtors_ptr                 
20000854  __TI_enable_exit_profile_output
20000858  _lock                          
2000085c  _unlock                        
20000864  errno                          
20000868  main_func_sp                   
ffffffff  __TI_pprof_out_hndl            
ffffffff  __TI_prof_data_size            
ffffffff  __TI_prof_data_start           
ffffffff  __binit__                      
ffffffff  __c_args__                     
ffffffff  binit                          
UNDEFED   SHT$$INIT_ARRAY$$Base          
UNDEFED   SHT$$INIT_ARRAY$$Limit         

[115 symbols]
