<?xml version="1.0"?>
<link_info>
   <banner>TI ARM Linker PC v16.9.6.LTS</banner>
   <copyright>Copyright (c) 1996-2017 Texas Instruments Incorporated</copyright>
   <link_time>0x5a622a66</link_time>
   <link_errors>0x0</link_errors>
   <output_file>Sean_Link_Lab01.out</output_file>
   <entry_point>
      <name>_c_int00</name>
      <address>0x1301</address>
   </entry_point>
   <input_file_list>
      <input_file id="fl-2">
         <path>.\</path>
         <kind>object</kind>
         <file>hello.obj</file>
         <name>hello.obj</name>
      </input_file>
      <input_file id="fl-3">
         <path>.\</path>
         <kind>object</kind>
         <file>startup_ccs.obj</file>
         <name>startup_ccs.obj</name>
      </input_file>
      <input_file id="fl-4">
         <path>.\drivers\</path>
         <kind>object</kind>
         <file>cfal96x64x16.obj</file>
         <name>cfal96x64x16.obj</name>
      </input_file>
      <input_file id="fl-5">
         <path>.\utils\</path>
         <kind>object</kind>
         <file>uartstdio.obj</file>
         <name>uartstdio.obj</name>
      </input_file>
      <input_file id="fl-b">
         <kind>object</kind>
         <file>&lt;internal&gt;</file>
         <name>&lt;internal&gt;</name>
      </input_file>
      <input_file id="fl-c1">
         <path>C:\ti\ccsv7\tools\compiler\ti-cgt-arm_16.9.6.LTS\lib\</path>
         <kind>archive</kind>
         <file>rtsv7M4_T_le_v4SPD16_eabi.lib</file>
         <name>boot.obj</name>
      </input_file>
      <input_file id="fl-c2">
         <path>C:\ti\ccsv7\tools\compiler\ti-cgt-arm_16.9.6.LTS\lib\</path>
         <kind>archive</kind>
         <file>rtsv7M4_T_le_v4SPD16_eabi.lib</file>
         <name>copy_decompress_lzss.obj</name>
      </input_file>
      <input_file id="fl-c3">
         <path>C:\ti\ccsv7\tools\compiler\ti-cgt-arm_16.9.6.LTS\lib\</path>
         <kind>archive</kind>
         <file>rtsv7M4_T_le_v4SPD16_eabi.lib</file>
         <name>copy_decompress_none.obj</name>
      </input_file>
      <input_file id="fl-c4">
         <path>C:\ti\ccsv7\tools\compiler\ti-cgt-arm_16.9.6.LTS\lib\</path>
         <kind>archive</kind>
         <file>rtsv7M4_T_le_v4SPD16_eabi.lib</file>
         <name>copy_zero_init.obj</name>
      </input_file>
      <input_file id="fl-c5">
         <path>C:\ti\ccsv7\tools\compiler\ti-cgt-arm_16.9.6.LTS\lib\</path>
         <kind>archive</kind>
         <file>rtsv7M4_T_le_v4SPD16_eabi.lib</file>
         <name>exit.obj</name>
      </input_file>
      <input_file id="fl-c6">
         <path>C:\ti\ccsv7\tools\compiler\ti-cgt-arm_16.9.6.LTS\lib\</path>
         <kind>archive</kind>
         <file>rtsv7M4_T_le_v4SPD16_eabi.lib</file>
         <name>memcpy_t2.obj</name>
      </input_file>
      <input_file id="fl-c7">
         <path>C:\ti\ccsv7\tools\compiler\ti-cgt-arm_16.9.6.LTS\lib\</path>
         <kind>archive</kind>
         <file>rtsv7M4_T_le_v4SPD16_eabi.lib</file>
         <name>memset_t2.obj</name>
      </input_file>
      <input_file id="fl-c8">
         <path>C:\ti\ccsv7\tools\compiler\ti-cgt-arm_16.9.6.LTS\lib\</path>
         <kind>archive</kind>
         <file>rtsv7M4_T_le_v4SPD16_eabi.lib</file>
         <name>mpu_init.obj</name>
      </input_file>
      <input_file id="fl-c9">
         <path>C:\ti\ccsv7\tools\compiler\ti-cgt-arm_16.9.6.LTS\lib\</path>
         <kind>archive</kind>
         <file>rtsv7M4_T_le_v4SPD16_eabi.lib</file>
         <name>pre_init.obj</name>
      </input_file>
      <input_file id="fl-ca">
         <path>C:\ti\ccsv7\tools\compiler\ti-cgt-arm_16.9.6.LTS\lib\</path>
         <kind>archive</kind>
         <file>rtsv7M4_T_le_v4SPD16_eabi.lib</file>
         <name>stkdepth_vars.obj</name>
      </input_file>
      <input_file id="fl-cb">
         <path>C:\ti\ccsv7\tools\compiler\ti-cgt-arm_16.9.6.LTS\lib\</path>
         <kind>archive</kind>
         <file>rtsv7M4_T_le_v4SPD16_eabi.lib</file>
         <name>u_divt2.obj</name>
      </input_file>
      <input_file id="fl-cc">
         <path>C:\ti\ccsv7\tools\compiler\ti-cgt-arm_16.9.6.LTS\lib\</path>
         <kind>archive</kind>
         <file>rtsv7M4_T_le_v4SPD16_eabi.lib</file>
         <name>_lock.obj</name>
      </input_file>
      <input_file id="fl-cd">
         <path>C:\ti\ccsv7\tools\compiler\ti-cgt-arm_16.9.6.LTS\lib\</path>
         <kind>archive</kind>
         <file>rtsv7M4_T_le_v4SPD16_eabi.lib</file>
         <name>args_main.obj</name>
      </input_file>
      <input_file id="fl-ce">
         <path>C:\ti\ccsv7\tools\compiler\ti-cgt-arm_16.9.6.LTS\lib\</path>
         <kind>archive</kind>
         <file>rtsv7M4_T_le_v4SPD16_eabi.lib</file>
         <name>autoinit.obj</name>
      </input_file>
      <input_file id="fl-cf">
         <path>C:\ti\ccsv7\tools\compiler\ti-cgt-arm_16.9.6.LTS\lib\</path>
         <kind>archive</kind>
         <file>rtsv7M4_T_le_v4SPD16_eabi.lib</file>
         <name>cpy_tbl.obj</name>
      </input_file>
      <input_file id="fl-d0">
         <path>C:\ti\ccsv7\tools\compiler\ti-cgt-arm_16.9.6.LTS\lib\</path>
         <kind>archive</kind>
         <file>rtsv7M4_T_le_v4SPD16_eabi.lib</file>
         <name>i_div0.obj</name>
      </input_file>
      <input_file id="fl-d1">
         <path>C:\ti\ccsv7\tools\compiler\ti-cgt-arm_16.9.6.LTS\lib\</path>
         <kind>archive</kind>
         <file>rtsv7M4_T_le_v4SPD16_eabi.lib</file>
         <name>startup.obj</name>
      </input_file>
      <input_file id="fl-d2">
         <path>C:\ti\TivaWare_C_Series-2.1.3.156\driverlib\ccs\Debug\</path>
         <kind>archive</kind>
         <file>driverlib.lib</file>
         <name>gpio.obj</name>
      </input_file>
      <input_file id="fl-d3">
         <path>C:\ti\TivaWare_C_Series-2.1.3.156\driverlib\ccs\Debug\</path>
         <kind>archive</kind>
         <file>driverlib.lib</file>
         <name>interrupt.obj</name>
      </input_file>
      <input_file id="fl-d4">
         <path>C:\ti\TivaWare_C_Series-2.1.3.156\driverlib\ccs\Debug\</path>
         <kind>archive</kind>
         <file>driverlib.lib</file>
         <name>sysctl.obj</name>
      </input_file>
      <input_file id="fl-d5">
         <path>C:\ti\TivaWare_C_Series-2.1.3.156\driverlib\ccs\Debug\</path>
         <kind>archive</kind>
         <file>driverlib.lib</file>
         <name>uart.obj</name>
      </input_file>
      <input_file id="fl-d6">
         <path>C:\ti\TivaWare_C_Series-2.1.3.156\driverlib\ccs\Debug\</path>
         <kind>archive</kind>
         <file>driverlib.lib</file>
         <name>cpu.obj</name>
      </input_file>
      <input_file id="fl-d7">
         <path>C:\ti\TivaWare_C_Series-2.1.3.156\grlib\ccs\Debug\</path>
         <kind>archive</kind>
         <file>grlib.lib</file>
         <name>context.obj</name>
      </input_file>
      <input_file id="fl-d8">
         <path>C:\ti\TivaWare_C_Series-2.1.3.156\grlib\ccs\Debug\</path>
         <kind>archive</kind>
         <file>grlib.lib</file>
         <name>rectangle.obj</name>
      </input_file>
      <input_file id="fl-d9">
         <path>C:\ti\TivaWare_C_Series-2.1.3.156\grlib\ccs\Debug\</path>
         <kind>archive</kind>
         <file>grlib.lib</file>
         <name>string.obj</name>
      </input_file>
      <input_file id="fl-da">
         <path>C:\ti\TivaWare_C_Series-2.1.3.156\grlib\ccs\Debug\</path>
         <kind>archive</kind>
         <file>grlib.lib</file>
         <name>fontcm12.obj</name>
      </input_file>
      <input_file id="fl-db">
         <path>C:\ti\TivaWare_C_Series-2.1.3.156\grlib\ccs\Debug\</path>
         <kind>archive</kind>
         <file>grlib.lib</file>
         <name>charmap.obj</name>
      </input_file>
      <input_file id="fl-dc">
         <path>C:\ti\TivaWare_C_Series-2.1.3.156\grlib\ccs\Debug\</path>
         <kind>archive</kind>
         <file>grlib.lib</file>
         <name>line.obj</name>
      </input_file>
   </input_file_list>
   <object_component_list>
      <object_component id="oc-f">
         <name>.intvecs</name>
         <load_address>0x0</load_address>
         <run_address>0x0</run_address>
         <size>0x26c</size>
         <input_file_ref idref="fl-3"/>
      </object_component>
      <object_component id="oc-23a">
         <name>.text:GrFontGlyphRender</name>
         <load_address>0x26c</load_address>
         <run_address>0x26c</run_address>
         <size>0x254</size>
         <input_file_ref idref="fl-d9"/>
      </object_component>
      <object_component id="oc-17a">
         <name>.text:UARTvprintf</name>
         <load_address>0x4c0</load_address>
         <run_address>0x4c0</run_address>
         <size>0x1ea</size>
         <input_file_ref idref="fl-5"/>
      </object_component>
      <object_component id="oc-205">
         <name>.text:CFAL96x64x16Flush</name>
         <load_address>0x6aa</load_address>
         <run_address>0x6aa</run_address>
         <size>0x2</size>
         <input_file_ref idref="fl-4"/>
      </object_component>
      <object_component id="oc-bc">
         <name>.text:main</name>
         <load_address>0x6ac</load_address>
         <run_address>0x6ac</run_address>
         <size>0x1dc</size>
         <input_file_ref idref="fl-2"/>
      </object_component>
      <object_component id="oc-f1">
         <name>.text:CFAL96x64x16Init</name>
         <load_address>0x888</load_address>
         <run_address>0x888</run_address>
         <size>0x184</size>
         <input_file_ref idref="fl-4"/>
      </object_component>
      <object_component id="oc-1ed">
         <name>.text:CFAL96x64x16PixelDrawMultiple</name>
         <load_address>0xa0c</load_address>
         <run_address>0xa0c</run_address>
         <size>0x13a</size>
         <input_file_ref idref="fl-4"/>
      </object_component>
      <object_component id="oc-1d4">
         <name>.text:GPIOPadConfigSet</name>
         <load_address>0xb46</load_address>
         <run_address>0xb46</run_address>
         <size>0x132</size>
         <input_file_ref idref="fl-d2"/>
      </object_component>
      <object_component id="oc-197">
         <name>.text:GrDefaultStringRenderer</name>
         <load_address>0xc78</load_address>
         <run_address>0xc78</run_address>
         <size>0xc0</size>
         <input_file_ref idref="fl-d9"/>
      </object_component>
      <object_component id="oc-51">
         <name>.text</name>
         <load_address>0xd38</load_address>
         <run_address>0xd38</run_address>
         <size>0x9c</size>
         <input_file_ref idref="fl-c6"/>
      </object_component>
      <object_component id="oc-1f9">
         <name>.text:CFAL96x64x16LineDrawV</name>
         <load_address>0xdd4</load_address>
         <run_address>0xdd4</run_address>
         <size>0x8e</size>
         <input_file_ref idref="fl-4"/>
      </object_component>
      <object_component id="oc-fd">
         <name>.text:GrRectFill</name>
         <load_address>0xe62</load_address>
         <run_address>0xe62</run_address>
         <size>0x86</size>
         <input_file_ref idref="fl-d8"/>
      </object_component>
      <object_component id="oc-5d">
         <name>.text</name>
         <load_address>0xee8</load_address>
         <run_address>0xee8</run_address>
         <size>0x7a</size>
         <input_file_ref idref="fl-c7"/>
      </object_component>
      <object_component id="oc-37">
         <name>.text:FaultISR</name>
         <load_address>0xf62</load_address>
         <run_address>0xf62</run_address>
         <size>0x2</size>
         <input_file_ref idref="fl-3"/>
      </object_component>
      <object_component id="oc-75">
         <name>.text</name>
         <load_address>0xf64</load_address>
         <run_address>0xf64</run_address>
         <size>0x70</size>
         <input_file_ref idref="fl-ce"/>
      </object_component>
      <object_component id="oc-1f3">
         <name>.text:CFAL96x64x16LineDrawH</name>
         <load_address>0xfd4</load_address>
         <run_address>0xfd4</run_address>
         <size>0x6c</size>
         <input_file_ref idref="fl-4"/>
      </object_component>
      <object_component id="oc-f7">
         <name>.text:GrContextInit</name>
         <load_address>0x1040</load_address>
         <run_address>0x1040</run_address>
         <size>0x68</size>
         <input_file_ref idref="fl-d7"/>
      </object_component>
      <object_component id="oc-10f">
         <name>.text:GrStringWidthGet</name>
         <load_address>0x10a8</load_address>
         <run_address>0x10a8</run_address>
         <size>0x68</size>
         <input_file_ref idref="fl-d9"/>
      </object_component>
      <object_component id="oc-12">
         <name>.text:decompress:lzss</name>
         <load_address>0x1110</load_address>
         <run_address>0x1110</run_address>
         <size>0x68</size>
         <input_file_ref idref="fl-c2"/>
      </object_component>
      <object_component id="oc-103">
         <name>.text:GrRectDraw</name>
         <load_address>0x1178</load_address>
         <run_address>0x1178</run_address>
         <size>0x66</size>
         <input_file_ref idref="fl-d8"/>
      </object_component>
      <object_component id="oc-3d">
         <name>.text:IntDefaultHandler</name>
         <load_address>0x11de</load_address>
         <run_address>0x11de</run_address>
         <size>0x2</size>
         <input_file_ref idref="fl-3"/>
      </object_component>
      <object_component id="oc-e5">
         <name>.text:ConfigureUART</name>
         <load_address>0x11e0</load_address>
         <run_address>0x11e0</run_address>
         <size>0x64</size>
         <input_file_ref idref="fl-2"/>
      </object_component>
      <object_component id="oc-173">
         <name>.text:UARTStdioConfig</name>
         <load_address>0x1244</load_address>
         <run_address>0x1244</run_address>
         <size>0x60</size>
         <input_file_ref idref="fl-5"/>
      </object_component>
      <object_component id="oc-25a">
         <name>.text:FontWideGlyphDataGet</name>
         <load_address>0x12a4</load_address>
         <run_address>0x12a4</run_address>
         <size>0x5a</size>
         <input_file_ref idref="fl-d9"/>
      </object_component>
      <object_component id="oc-31">
         <name>.text:NmiSR</name>
         <load_address>0x12fe</load_address>
         <run_address>0x12fe</run_address>
         <size>0x2</size>
         <input_file_ref idref="fl-3"/>
      </object_component>
      <object_component id="oc-24">
         <name>.text</name>
         <load_address>0x1300</load_address>
         <run_address>0x1300</run_address>
         <size>0x54</size>
         <input_file_ref idref="fl-c1"/>
      </object_component>
      <object_component id="oc-81">
         <name>.text</name>
         <load_address>0x1354</load_address>
         <run_address>0x1354</run_address>
         <size>0x54</size>
         <input_file_ref idref="fl-c5"/>
      </object_component>
      <object_component id="oc-133">
         <name>.text:ButtonsInit</name>
         <load_address>0x13a8</load_address>
         <run_address>0x13a8</run_address>
         <size>0x50</size>
         <input_file_ref idref="fl-2"/>
      </object_component>
      <object_component id="oc-187">
         <name>.text:CFAL96x64x16WriteCommand</name>
         <load_address>0x13f8</load_address>
         <run_address>0x13f8</run_address>
         <size>0x50</size>
         <input_file_ref idref="fl-4"/>
      </object_component>
      <object_component id="oc-275">
         <name>.text:CFAL96x64x16WriteData</name>
         <load_address>0x1448</load_address>
         <run_address>0x1448</run_address>
         <size>0x50</size>
         <input_file_ref idref="fl-4"/>
      </object_component>
      <object_component id="oc-ae">
         <name>.text</name>
         <load_address>0x1498</load_address>
         <run_address>0x1498</run_address>
         <size>0x4c</size>
         <input_file_ref idref="fl-cf"/>
      </object_component>
      <object_component id="oc-1b3">
         <name>.text:UpdateContextCharMapping</name>
         <load_address>0x14e4</load_address>
         <run_address>0x14e4</run_address>
         <size>0x4a</size>
         <input_file_ref idref="fl-d9"/>
      </object_component>
      <object_component id="oc-292">
         <name>.text</name>
         <load_address>0x152e</load_address>
         <run_address>0x152e</run_address>
         <size>0x2</size>
         <input_file_ref idref="fl-d0"/>
      </object_component>
      <object_component id="oc-228">
         <name>.text:UARTwrite</name>
         <load_address>0x1530</load_address>
         <run_address>0x1530</run_address>
         <size>0x48</size>
         <input_file_ref idref="fl-5"/>
      </object_component>
      <object_component id="oc-1a6">
         <name>.text:GrLineDrawH</name>
         <load_address>0x1578</load_address>
         <run_address>0x1578</run_address>
         <size>0x46</size>
         <input_file_ref idref="fl-dc"/>
      </object_component>
      <object_component id="oc-1ac">
         <name>.text:GrLineDrawV</name>
         <load_address>0x15be</load_address>
         <run_address>0x15be</run_address>
         <size>0x46</size>
         <input_file_ref idref="fl-dc"/>
      </object_component>
      <object_component id="oc-22e">
         <name>.text</name>
         <load_address>0x1604</load_address>
         <run_address>0x1604</run_address>
         <size>0x40</size>
         <input_file_ref idref="fl-cb"/>
      </object_component>
      <object_component id="oc-260">
         <name>.text:FontGlyphDataGet</name>
         <load_address>0x1644</load_address>
         <run_address>0x1644</run_address>
         <size>0x3a</size>
         <input_file_ref idref="fl-d9"/>
      </object_component>
      <object_component id="oc-69">
         <name>.text</name>
         <load_address>0x167e</load_address>
         <run_address>0x167e</run_address>
         <size>0x2</size>
         <input_file_ref idref="fl-c8"/>
      </object_component>
      <object_component id="oc-127">
         <name>.text:SysCtlPeripheralReady</name>
         <load_address>0x1680</load_address>
         <run_address>0x1680</run_address>
         <size>0x38</size>
         <input_file_ref idref="fl-d4"/>
      </object_component>
      <object_component id="oc-121">
         <name>.text:SysCtlPeripheralEnable</name>
         <load_address>0x16b8</load_address>
         <run_address>0x16b8</run_address>
         <size>0x34</size>
         <input_file_ref idref="fl-d4"/>
      </object_component>
      <object_component id="oc-1e7">
         <name>.text:CFAL96x64x16PixelDraw</name>
         <load_address>0x16ec</load_address>
         <run_address>0x16ec</run_address>
         <size>0x32</size>
         <input_file_ref idref="fl-4"/>
      </object_component>
      <object_component id="oc-1bc">
         <name>.text:GrStringNextCharGet</name>
         <load_address>0x171e</load_address>
         <run_address>0x171e</run_address>
         <size>0x2e</size>
         <input_file_ref idref="fl-d9"/>
      </object_component>
      <object_component id="oc-115">
         <name>.text:GrFontBaselineGet</name>
         <load_address>0x174c</load_address>
         <run_address>0x174c</run_address>
         <size>0x2c</size>
         <input_file_ref idref="fl-d9"/>
      </object_component>
      <object_component id="oc-18d">
         <name>.text:CFAL96x64x16RectFill</name>
         <load_address>0x1778</load_address>
         <run_address>0x1778</run_address>
         <size>0x2a</size>
         <input_file_ref idref="fl-4"/>
      </object_component>
      <object_component id="oc-1da">
         <name>.text:GPIODirModeSet</name>
         <load_address>0x17a2</load_address>
         <run_address>0x17a2</run_address>
         <size>0x2a</size>
         <input_file_ref idref="fl-d2"/>
      </object_component>
      <object_component id="oc-1c8">
         <name>.text:GrFontInfoGet</name>
         <load_address>0x17cc</load_address>
         <run_address>0x17cc</run_address>
         <size>0x26</size>
         <input_file_ref idref="fl-d9"/>
      </object_component>
      <object_component id="oc-1c2">
         <name>.text:GrFontGlyphDataGet</name>
         <load_address>0x17f2</load_address>
         <run_address>0x17f2</run_address>
         <size>0x22</size>
         <input_file_ref idref="fl-d9"/>
      </object_component>
      <object_component id="oc-250">
         <name>.text:GrFontCodepageGet</name>
         <load_address>0x1814</load_address>
         <run_address>0x1814</run_address>
         <size>0x1e</size>
         <input_file_ref idref="fl-d9"/>
      </object_component>
      <object_component id="oc-eb">
         <name>.text:UARTprintf</name>
         <load_address>0x1832</load_address>
         <run_address>0x1832</run_address>
         <size>0x1a</size>
         <input_file_ref idref="fl-5"/>
      </object_component>
      <object_component id="oc-12d">
         <name>.text:GPIOPinTypeGPIOOutput</name>
         <load_address>0x184c</load_address>
         <run_address>0x184c</run_address>
         <size>0x18</size>
         <input_file_ref idref="fl-d2"/>
      </object_component>
      <object_component id="oc-7b">
         <name>.text</name>
         <load_address>0x1864</load_address>
         <run_address>0x1864</run_address>
         <size>0x18</size>
         <input_file_ref idref="fl-cd"/>
      </object_component>
      <object_component id="oc-1ff">
         <name>.text:CFAL96x64x16ColorTranslate</name>
         <load_address>0x187c</load_address>
         <run_address>0x187c</run_address>
         <size>0x16</size>
         <input_file_ref idref="fl-4"/>
      </object_component>
      <object_component id="oc-11b">
         <name>.text:GrStringDraw</name>
         <load_address>0x1892</load_address>
         <run_address>0x1892</run_address>
         <size>0x16</size>
         <input_file_ref idref="fl-d9"/>
      </object_component>
      <object_component id="oc-155">
         <name>.text</name>
         <load_address>0x18a8</load_address>
         <run_address>0x18a8</run_address>
         <size>0x14</size>
         <input_file_ref idref="fl-cc"/>
      </object_component>
      <object_component id="oc-18">
         <name>.text:decompress:none</name>
         <load_address>0x18bc</load_address>
         <run_address>0x18bc</run_address>
         <size>0xe</size>
         <input_file_ref idref="fl-c3"/>
      </object_component>
      <object_component id="oc-1e">
         <name>.text:decompress:ZI</name>
         <load_address>0x18ca</load_address>
         <run_address>0x18ca</run_address>
         <size>0xc</size>
         <input_file_ref idref="fl-c4"/>
      </object_component>
      <object_component id="oc-241">
         <name>.text:GrMapISO8859_1_Unicode</name>
         <load_address>0x18d6</load_address>
         <run_address>0x18d6</run_address>
         <size>0x8</size>
         <input_file_ref idref="fl-db"/>
      </object_component>
      <object_component id="oc-139">
         <name>.text:GPIOPinWrite</name>
         <load_address>0x18de</load_address>
         <run_address>0x18de</run_address>
         <size>0x6</size>
         <input_file_ref idref="fl-d2"/>
      </object_component>
      <object_component id="oc-109">
         <name>.text:GrContextFontSet</name>
         <load_address>0x18e4</load_address>
         <run_address>0x18e4</run_address>
         <size>0x6</size>
         <input_file_ref idref="fl-d9"/>
      </object_component>
      <object_component id="oc-2b">
         <name>.text:ResetISR</name>
         <load_address>0x18ea</load_address>
         <run_address>0x18ea</run_address>
         <size>0x6</size>
         <input_file_ref idref="fl-3"/>
      </object_component>
      <object_component id="oc-16d">
         <name>.text:UARTClockSourceSet</name>
         <load_address>0x18f0</load_address>
         <run_address>0x18f0</run_address>
         <size>0x6</size>
         <input_file_ref idref="fl-d5"/>
      </object_component>
      <object_component id="oc-6f">
         <name>.text</name>
         <load_address>0x18f6</load_address>
         <run_address>0x18f6</run_address>
         <size>0x4</size>
         <input_file_ref idref="fl-c9"/>
      </object_component>
      <object_component id="oc-b4">
         <name>.text</name>
         <load_address>0x18fa</load_address>
         <run_address>0x18fa</run_address>
         <size>0x2</size>
         <input_file_ref idref="fl-d1"/>
      </object_component>
      <object_component id="oc-20e">
         <name>.const:.string:g_pui8Cm12Data</name>
         <load_address>0x18fc</load_address>
         <run_address>0x18fc</run_address>
         <size>0x55f</size>
         <input_file_ref idref="fl-da"/>
      </object_component>
      <object_component id="oc-142">
         <name>.const:g_sFontCm12</name>
         <load_address>0x1e5c</load_address>
         <run_address>0x1e5c</run_address>
         <size>0xc8</size>
         <input_file_ref idref="fl-da"/>
      </object_component>
      <object_component id="oc-13f">
         <name>.const:g_sCFAL96x64x16</name>
         <load_address>0x1f24</load_address>
         <run_address>0x1f24</run_address>
         <size>0x28</size>
         <input_file_ref idref="fl-4"/>
      </object_component>
      <object_component id="oc-19d">
         <name>.const</name>
         <load_address>0x1f4c</load_address>
         <run_address>0x1f4c</run_address>
         <size>0x10</size>
         <input_file_ref idref="fl-d7"/>
      </object_component>
      <object_component id="oc-21e">
         <name>.const:g_ui32UARTBase</name>
         <load_address>0x1f5c</load_address>
         <run_address>0x1f5c</run_address>
         <size>0xc</size>
         <input_file_ref idref="fl-5"/>
      </object_component>
      <object_component id="oc-21b">
         <name>.const:g_ui32UARTPeriph</name>
         <load_address>0x1f68</load_address>
         <run_address>0x1f68</run_address>
         <size>0xc</size>
         <input_file_ref idref="fl-5"/>
      </object_component>
      <object_component id="oc-2c6">
         <name>.cinit..data.load</name>
         <load_address>0x1f78</load_address>
         <run_address>0x1f78</run_address>
         <size>0x27</size>
      </object_component>
      <object_component id="oc-2c4">
         <name>__TI_handler_table</name>
         <load_address>0x1fa0</load_address>
         <run_address>0x1fa0</run_address>
         <size>0xc</size>
      </object_component>
      <object_component id="oc-2c7">
         <name>.cinit..bss.load</name>
         <load_address>0x1fb0</load_address>
         <run_address>0x1fb0</run_address>
         <size>0x8</size>
      </object_component>
      <object_component id="oc-2c5">
         <name>__TI_cinit_table</name>
         <load_address>0x1fb8</load_address>
         <run_address>0x1fb8</run_address>
         <size>0x10</size>
      </object_component>
      <object_component id="oc-1e2">
         <name>.data</name>
         <load_address>0x20000213</load_address>
         <run_address>0x20000213</run_address>
         <size>0x1</size>
         <input_file_ref idref="fl-2"/>
      </object_component>
      <object_component id="oc-193">
         <name>.data:g_ui8DisplayInitCommands</name>
         <load_address>0x20000200</load_address>
         <run_address>0x20000200</run_address>
         <size>0x13</size>
         <input_file_ref idref="fl-4"/>
      </object_component>
      <object_component id="oc-221">
         <name>.data</name>
         <load_address>0x20000228</load_address>
         <run_address>0x20000228</run_address>
         <size>0x5</size>
         <input_file_ref idref="fl-5"/>
      </object_component>
      <object_component id="oc-c4">
         <name>.data:$O1$$</name>
         <load_address>0x20000214</load_address>
         <run_address>0x20000214</run_address>
         <size>0xc</size>
         <input_file_ref idref="fl-c5"/>
      </object_component>
      <object_component id="oc-87">
         <name>.data</name>
         <load_address>0x20000230</load_address>
         <run_address>0x20000230</run_address>
         <size>0x4</size>
         <input_file_ref idref="fl-ca"/>
      </object_component>
      <object_component id="oc-c7">
         <name>.data:$O1$$</name>
         <load_address>0x20000220</load_address>
         <run_address>0x20000220</run_address>
         <size>0x8</size>
         <input_file_ref idref="fl-cc"/>
      </object_component>
      <object_component id="oc-1a0">
         <name>.common:g_psGrLibDefaults</name>
         <uninitialized>true</uninitialized>
         <run_address>0x20000234</run_address>
         <size>0x4</size>
      </object_component>
      <object_component id="oc-2a">
         <name>.stack</name>
         <uninitialized>true</uninitialized>
         <run_address>0x20000000</run_address>
         <size>0x0</size>
         <input_file_ref idref="fl-c1"/>
      </object_component>
      <object_component id="oc-2c8">
         <name>.stack</name>
         <uninitialized>true</uninitialized>
         <run_address>0x20000000</run_address>
         <size>0x0</size>
      </object_component>
      <object_component id="oc-14b">
         <name>.debug_info</name>
         <load_address>0x0</load_address>
         <run_address>0x0</run_address>
         <size>0x806</size>
         <input_file_ref idref="fl-2"/>
      </object_component>
      <object_component id="oc-1e3">
         <name>.debug_info</name>
         <load_address>0x806</load_address>
         <run_address>0x806</run_address>
         <size>0xdf</size>
         <input_file_ref idref="fl-2"/>
      </object_component>
      <object_component id="oc-e6">
         <name>.debug_info</name>
         <load_address>0x8e5</load_address>
         <run_address>0x8e5</run_address>
         <size>0x156</size>
         <input_file_ref idref="fl-2"/>
      </object_component>
      <object_component id="oc-134">
         <name>.debug_info</name>
         <load_address>0xa3b</load_address>
         <run_address>0xa3b</run_address>
         <size>0x11c</size>
         <input_file_ref idref="fl-2"/>
      </object_component>
      <object_component id="oc-bd">
         <name>.debug_info</name>
         <load_address>0xb57</load_address>
         <run_address>0xb57</run_address>
         <size>0x314</size>
         <input_file_ref idref="fl-2"/>
      </object_component>
      <object_component id="oc-146">
         <name>.debug_info</name>
         <load_address>0xe6b</load_address>
         <run_address>0xe6b</run_address>
         <size>0x6bd</size>
         <input_file_ref idref="fl-2"/>
      </object_component>
      <object_component id="oc-cf">
         <name>.debug_info</name>
         <load_address>0x1528</load_address>
         <run_address>0x1528</run_address>
         <size>0x8b</size>
         <input_file_ref idref="fl-2"/>
      </object_component>
      <object_component id="oc-91">
         <name>.debug_info</name>
         <load_address>0x15b3</load_address>
         <run_address>0x15b3</run_address>
         <size>0x18b</size>
         <input_file_ref idref="fl-2"/>
      </object_component>
      <object_component id="oc-182">
         <name>.debug_info</name>
         <load_address>0x173e</load_address>
         <run_address>0x173e</run_address>
         <size>0x4e</size>
         <input_file_ref idref="fl-2"/>
      </object_component>
      <object_component id="oc-45">
         <name>.debug_info</name>
         <load_address>0x178c</load_address>
         <run_address>0x178c</run_address>
         <size>0x28b</size>
         <input_file_ref idref="fl-3"/>
      </object_component>
      <object_component id="oc-10">
         <name>.debug_info</name>
         <load_address>0x1a17</load_address>
         <run_address>0x1a17</run_address>
         <size>0xdc</size>
         <input_file_ref idref="fl-3"/>
      </object_component>
      <object_component id="oc-2c">
         <name>.debug_info</name>
         <load_address>0x1af3</load_address>
         <run_address>0x1af3</run_address>
         <size>0x10c</size>
         <input_file_ref idref="fl-3"/>
      </object_component>
      <object_component id="oc-32">
         <name>.debug_info</name>
         <load_address>0x1bff</load_address>
         <run_address>0x1bff</run_address>
         <size>0xfb</size>
         <input_file_ref idref="fl-3"/>
      </object_component>
      <object_component id="oc-40">
         <name>.debug_info</name>
         <load_address>0x1cfa</load_address>
         <run_address>0x1cfa</run_address>
         <size>0x115</size>
         <input_file_ref idref="fl-3"/>
      </object_component>
      <object_component id="oc-38">
         <name>.debug_info</name>
         <load_address>0x1e0f</load_address>
         <run_address>0x1e0f</run_address>
         <size>0x103</size>
         <input_file_ref idref="fl-3"/>
      </object_component>
      <object_component id="oc-4c">
         <name>.debug_info</name>
         <load_address>0x1f12</load_address>
         <run_address>0x1f12</run_address>
         <size>0x84</size>
         <input_file_ref idref="fl-3"/>
      </object_component>
      <object_component id="oc-20d">
         <name>.debug_info</name>
         <load_address>0x1f96</load_address>
         <run_address>0x1f96</run_address>
         <size>0x4f2</size>
         <input_file_ref idref="fl-4"/>
      </object_component>
      <object_component id="oc-194">
         <name>.debug_info</name>
         <load_address>0x2488</load_address>
         <run_address>0x2488</run_address>
         <size>0x137</size>
         <input_file_ref idref="fl-4"/>
      </object_component>
      <object_component id="oc-140">
         <name>.debug_info</name>
         <load_address>0x25bf</load_address>
         <run_address>0x25bf</run_address>
         <size>0x127</size>
         <input_file_ref idref="fl-4"/>
      </object_component>
      <object_component id="oc-208">
         <name>.debug_info</name>
         <load_address>0x26e6</load_address>
         <run_address>0x26e6</run_address>
         <size>0x20f</size>
         <input_file_ref idref="fl-4"/>
      </object_component>
      <object_component id="oc-202">
         <name>.debug_info</name>
         <load_address>0x28f5</load_address>
         <run_address>0x28f5</run_address>
         <size>0x25b</size>
         <input_file_ref idref="fl-4"/>
      </object_component>
      <object_component id="oc-1f0">
         <name>.debug_info</name>
         <load_address>0x2b50</load_address>
         <run_address>0x2b50</run_address>
         <size>0x486</size>
         <input_file_ref idref="fl-4"/>
      </object_component>
      <object_component id="oc-1ea">
         <name>.debug_info</name>
         <load_address>0x2fd6</load_address>
         <run_address>0x2fd6</run_address>
         <size>0x2e3</size>
         <input_file_ref idref="fl-4"/>
      </object_component>
      <object_component id="oc-278">
         <name>.debug_info</name>
         <load_address>0x32b9</load_address>
         <run_address>0x32b9</run_address>
         <size>0x26a</size>
         <input_file_ref idref="fl-4"/>
      </object_component>
      <object_component id="oc-1fc">
         <name>.debug_info</name>
         <load_address>0x3523</load_address>
         <run_address>0x3523</run_address>
         <size>0x32a</size>
         <input_file_ref idref="fl-4"/>
      </object_component>
      <object_component id="oc-18a">
         <name>.debug_info</name>
         <load_address>0x384d</load_address>
         <run_address>0x384d</run_address>
         <size>0x26c</size>
         <input_file_ref idref="fl-4"/>
      </object_component>
      <object_component id="oc-1f6">
         <name>.debug_info</name>
         <load_address>0x3ab9</load_address>
         <run_address>0x3ab9</run_address>
         <size>0x30b</size>
         <input_file_ref idref="fl-4"/>
      </object_component>
      <object_component id="oc-190">
         <name>.debug_info</name>
         <load_address>0x3dc4</load_address>
         <run_address>0x3dc4</run_address>
         <size>0x29a</size>
         <input_file_ref idref="fl-4"/>
      </object_component>
      <object_component id="oc-f4">
         <name>.debug_info</name>
         <load_address>0x405e</load_address>
         <run_address>0x405e</run_address>
         <size>0x2e1</size>
         <input_file_ref idref="fl-4"/>
      </object_component>
      <object_component id="oc-181">
         <name>.debug_info</name>
         <load_address>0x433f</load_address>
         <run_address>0x433f</run_address>
         <size>0x2ad</size>
         <input_file_ref idref="fl-5"/>
      </object_component>
      <object_component id="oc-225">
         <name>.debug_info</name>
         <load_address>0x45ec</load_address>
         <run_address>0x45ec</run_address>
         <size>0xfa</size>
         <input_file_ref idref="fl-5"/>
      </object_component>
      <object_component id="oc-21f">
         <name>.debug_info</name>
         <load_address>0x46e6</load_address>
         <run_address>0x46e6</run_address>
         <size>0x102</size>
         <input_file_ref idref="fl-5"/>
      </object_component>
      <object_component id="oc-21c">
         <name>.debug_info</name>
         <load_address>0x47e8</load_address>
         <run_address>0x47e8</run_address>
         <size>0x106</size>
         <input_file_ref idref="fl-5"/>
      </object_component>
      <object_component id="oc-229">
         <name>.debug_info</name>
         <load_address>0x48ee</load_address>
         <run_address>0x48ee</run_address>
         <size>0x1f1</size>
         <input_file_ref idref="fl-5"/>
      </object_component>
      <object_component id="oc-17b">
         <name>.debug_info</name>
         <load_address>0x4adf</load_address>
         <run_address>0x4adf</run_address>
         <size>0x323</size>
         <input_file_ref idref="fl-5"/>
      </object_component>
      <object_component id="oc-ec">
         <name>.debug_info</name>
         <load_address>0x4e02</load_address>
         <run_address>0x4e02</run_address>
         <size>0x1be</size>
         <input_file_ref idref="fl-5"/>
      </object_component>
      <object_component id="oc-222">
         <name>.debug_info</name>
         <load_address>0x4fc0</load_address>
         <run_address>0x4fc0</run_address>
         <size>0x23c</size>
         <input_file_ref idref="fl-5"/>
      </object_component>
      <object_component id="oc-174">
         <name>.debug_info</name>
         <load_address>0x51fc</load_address>
         <run_address>0x51fc</run_address>
         <size>0x254</size>
         <input_file_ref idref="fl-5"/>
      </object_component>
      <object_component id="oc-25">
         <name>.debug_info</name>
         <load_address>0x5450</load_address>
         <run_address>0x5450</run_address>
         <size>0x160</size>
         <input_file_ref idref="fl-c1"/>
      </object_component>
      <object_component id="oc-9b">
         <name>.debug_info</name>
         <load_address>0x55b0</load_address>
         <run_address>0x55b0</run_address>
         <size>0x293</size>
         <input_file_ref idref="fl-c2"/>
      </object_component>
      <object_component id="oc-15">
         <name>.debug_info</name>
         <load_address>0x5843</load_address>
         <run_address>0x5843</run_address>
         <size>0x245</size>
         <input_file_ref idref="fl-c2"/>
      </object_component>
      <object_component id="oc-47">
         <name>.debug_info</name>
         <load_address>0x5a88</load_address>
         <run_address>0x5a88</run_address>
         <size>0x60</size>
         <input_file_ref idref="fl-c2"/>
      </object_component>
      <object_component id="oc-96">
         <name>.debug_info</name>
         <load_address>0x5ae8</load_address>
         <run_address>0x5ae8</run_address>
         <size>0x46</size>
         <input_file_ref idref="fl-c2"/>
      </object_component>
      <object_component id="oc-5c">
         <name>.debug_info</name>
         <load_address>0x5b2e</load_address>
         <run_address>0x5b2e</run_address>
         <size>0x2da</size>
         <input_file_ref idref="fl-c3"/>
      </object_component>
      <object_component id="oc-19">
         <name>.debug_info</name>
         <load_address>0x5e08</load_address>
         <run_address>0x5e08</run_address>
         <size>0x1df</size>
         <input_file_ref idref="fl-c3"/>
      </object_component>
      <object_component id="oc-57">
         <name>.debug_info</name>
         <load_address>0x5fe7</load_address>
         <run_address>0x5fe7</run_address>
         <size>0x46</size>
         <input_file_ref idref="fl-c3"/>
      </object_component>
      <object_component id="oc-9d">
         <name>.debug_info</name>
         <load_address>0x602d</load_address>
         <run_address>0x602d</run_address>
         <size>0x2c</size>
         <input_file_ref idref="fl-c3"/>
      </object_component>
      <object_component id="oc-68">
         <name>.debug_info</name>
         <load_address>0x6059</load_address>
         <run_address>0x6059</run_address>
         <size>0x2c9</size>
         <input_file_ref idref="fl-c4"/>
      </object_component>
      <object_component id="oc-21">
         <name>.debug_info</name>
         <load_address>0x6322</load_address>
         <run_address>0x6322</run_address>
         <size>0x1aa</size>
         <input_file_ref idref="fl-c4"/>
      </object_component>
      <object_component id="oc-63">
         <name>.debug_info</name>
         <load_address>0x64cc</load_address>
         <run_address>0x64cc</run_address>
         <size>0x46</size>
         <input_file_ref idref="fl-c4"/>
      </object_component>
      <object_component id="oc-a5">
         <name>.debug_info</name>
         <load_address>0x6512</load_address>
         <run_address>0x6512</run_address>
         <size>0x2c</size>
         <input_file_ref idref="fl-c4"/>
      </object_component>
      <object_component id="oc-cb">
         <name>.debug_info</name>
         <load_address>0x653e</load_address>
         <run_address>0x653e</run_address>
         <size>0x3ce</size>
         <input_file_ref idref="fl-c5"/>
      </object_component>
      <object_component id="oc-c5">
         <name>.debug_info</name>
         <load_address>0x690c</load_address>
         <run_address>0x690c</run_address>
         <size>0x185</size>
         <input_file_ref idref="fl-c5"/>
      </object_component>
      <object_component id="oc-83">
         <name>.debug_info</name>
         <load_address>0x6a91</load_address>
         <run_address>0x6a91</run_address>
         <size>0x214</size>
         <input_file_ref idref="fl-c5"/>
      </object_component>
      <object_component id="oc-53">
         <name>.debug_info</name>
         <load_address>0x6ca5</load_address>
         <run_address>0x6ca5</run_address>
         <size>0x111</size>
         <input_file_ref idref="fl-c6"/>
      </object_component>
      <object_component id="oc-60">
         <name>.debug_info</name>
         <load_address>0x6db6</load_address>
         <run_address>0x6db6</run_address>
         <size>0x13f</size>
         <input_file_ref idref="fl-c7"/>
      </object_component>
      <object_component id="oc-6c">
         <name>.debug_info</name>
         <load_address>0x6ef5</load_address>
         <run_address>0x6ef5</run_address>
         <size>0x138</size>
         <input_file_ref idref="fl-c8"/>
      </object_component>
      <object_component id="oc-73">
         <name>.debug_info</name>
         <load_address>0x702d</load_address>
         <run_address>0x702d</run_address>
         <size>0x148</size>
         <input_file_ref idref="fl-c9"/>
      </object_component>
      <object_component id="oc-88">
         <name>.debug_info</name>
         <load_address>0x7175</load_address>
         <run_address>0x7175</run_address>
         <size>0x109</size>
         <input_file_ref idref="fl-ca"/>
      </object_component>
      <object_component id="oc-231">
         <name>.debug_info</name>
         <load_address>0x727e</load_address>
         <run_address>0x727e</run_address>
         <size>0x13a</size>
         <input_file_ref idref="fl-cb"/>
      </object_component>
      <object_component id="oc-15d">
         <name>.debug_info</name>
         <load_address>0x73b8</load_address>
         <run_address>0x73b8</run_address>
         <size>0x2be</size>
         <input_file_ref idref="fl-cc"/>
      </object_component>
      <object_component id="oc-c8">
         <name>.debug_info</name>
         <load_address>0x7676</load_address>
         <run_address>0x7676</run_address>
         <size>0x113</size>
         <input_file_ref idref="fl-cc"/>
      </object_component>
      <object_component id="oc-156">
         <name>.debug_info</name>
         <load_address>0x7789</load_address>
         <run_address>0x7789</run_address>
         <size>0x21f</size>
         <input_file_ref idref="fl-cc"/>
      </object_component>
      <object_component id="oc-c3">
         <name>.debug_info</name>
         <load_address>0x79a8</load_address>
         <run_address>0x79a8</run_address>
         <size>0x300</size>
         <input_file_ref idref="fl-cd"/>
      </object_component>
      <object_component id="oc-7c">
         <name>.debug_info</name>
         <load_address>0x7ca8</load_address>
         <run_address>0x7ca8</run_address>
         <size>0x167</size>
         <input_file_ref idref="fl-cd"/>
      </object_component>
      <object_component id="oc-14e">
         <name>.debug_info</name>
         <load_address>0x7e0f</load_address>
         <run_address>0x7e0f</run_address>
         <size>0x5e</size>
         <input_file_ref idref="fl-cd"/>
      </object_component>
      <object_component id="oc-bb">
         <name>.debug_info</name>
         <load_address>0x7e6d</load_address>
         <run_address>0x7e6d</run_address>
         <size>0x483</size>
         <input_file_ref idref="fl-ce"/>
      </object_component>
      <object_component id="oc-76">
         <name>.debug_info</name>
         <load_address>0x82f0</load_address>
         <run_address>0x82f0</run_address>
         <size>0x190</size>
         <input_file_ref idref="fl-ce"/>
      </object_component>
      <object_component id="oc-db">
         <name>.debug_info</name>
         <load_address>0x8480</load_address>
         <run_address>0x8480</run_address>
         <size>0x39</size>
         <input_file_ref idref="fl-ce"/>
      </object_component>
      <object_component id="oc-168">
         <name>.debug_info</name>
         <load_address>0x84b9</load_address>
         <run_address>0x84b9</run_address>
         <size>0x39</size>
         <input_file_ref idref="fl-ce"/>
      </object_component>
      <object_component id="oc-e0">
         <name>.debug_info</name>
         <load_address>0x84f2</load_address>
         <run_address>0x84f2</run_address>
         <size>0xcd</size>
         <input_file_ref idref="fl-ce"/>
      </object_component>
      <object_component id="oc-d7">
         <name>.debug_info</name>
         <load_address>0x85bf</load_address>
         <run_address>0x85bf</run_address>
         <size>0x37a</size>
         <input_file_ref idref="fl-cf"/>
      </object_component>
      <object_component id="oc-b1">
         <name>.debug_info</name>
         <load_address>0x8939</load_address>
         <run_address>0x8939</run_address>
         <size>0x183</size>
         <input_file_ref idref="fl-cf"/>
      </object_component>
      <object_component id="oc-163">
         <name>.debug_info</name>
         <load_address>0x8abc</load_address>
         <run_address>0x8abc</run_address>
         <size>0x2c</size>
         <input_file_ref idref="fl-cf"/>
      </object_component>
      <object_component id="oc-294">
         <name>.debug_info</name>
         <load_address>0x8ae8</load_address>
         <run_address>0x8ae8</run_address>
         <size>0x147</size>
         <input_file_ref idref="fl-d0"/>
      </object_component>
      <object_component id="oc-b5">
         <name>.debug_info</name>
         <load_address>0x8c2f</load_address>
         <run_address>0x8c2f</run_address>
         <size>0x145</size>
         <input_file_ref idref="fl-d1"/>
      </object_component>
      <object_component id="oc-1e1">
         <name>.debug_info</name>
         <load_address>0x8d74</load_address>
         <run_address>0x8d74</run_address>
         <size>0x230</size>
         <input_file_ref idref="fl-d2"/>
      </object_component>
      <object_component id="oc-13a">
         <name>.debug_info</name>
         <load_address>0x8fa4</load_address>
         <run_address>0x8fa4</run_address>
         <size>0x2a3</size>
         <input_file_ref idref="fl-d2"/>
      </object_component>
      <object_component id="oc-1db">
         <name>.debug_info</name>
         <load_address>0x9247</load_address>
         <run_address>0x9247</run_address>
         <size>0x2b3</size>
         <input_file_ref idref="fl-d2"/>
      </object_component>
      <object_component id="oc-1d5">
         <name>.debug_info</name>
         <load_address>0x94fa</load_address>
         <run_address>0x94fa</run_address>
         <size>0x316</size>
         <input_file_ref idref="fl-d2"/>
      </object_component>
      <object_component id="oc-12e">
         <name>.debug_info</name>
         <load_address>0x9810</load_address>
         <run_address>0x9810</run_address>
         <size>0x2b7</size>
         <input_file_ref idref="fl-d2"/>
      </object_component>
      <object_component id="oc-1d2">
         <name>.debug_info</name>
         <load_address>0x9ac7</load_address>
         <run_address>0x9ac7</run_address>
         <size>0x298</size>
         <input_file_ref idref="fl-d4"/>
      </object_component>
      <object_component id="oc-129">
         <name>.debug_info</name>
         <load_address>0x9d5f</load_address>
         <run_address>0x9d5f</run_address>
         <size>0x27f</size>
         <input_file_ref idref="fl-d4"/>
      </object_component>
      <object_component id="oc-123">
         <name>.debug_info</name>
         <load_address>0x9fde</load_address>
         <run_address>0x9fde</run_address>
         <size>0x27d</size>
         <input_file_ref idref="fl-d4"/>
      </object_component>
      <object_component id="oc-26a">
         <name>.debug_info</name>
         <load_address>0xa25b</load_address>
         <run_address>0xa25b</run_address>
         <size>0x5f</size>
         <input_file_ref idref="fl-d4"/>
      </object_component>
      <object_component id="oc-21a">
         <name>.debug_info</name>
         <load_address>0xa2ba</load_address>
         <run_address>0xa2ba</run_address>
         <size>0x227</size>
         <input_file_ref idref="fl-d5"/>
      </object_component>
      <object_component id="oc-16e">
         <name>.debug_info</name>
         <load_address>0xa4e1</load_address>
         <run_address>0xa4e1</run_address>
         <size>0x291</size>
         <input_file_ref idref="fl-d5"/>
      </object_component>
      <object_component id="oc-1a1">
         <name>.debug_info</name>
         <load_address>0xa772</load_address>
         <run_address>0xa772</run_address>
         <size>0x464</size>
         <input_file_ref idref="fl-d7"/>
      </object_component>
      <object_component id="oc-19e">
         <name>.debug_info</name>
         <load_address>0xabd6</load_address>
         <run_address>0xabd6</run_address>
         <size>0x167</size>
         <input_file_ref idref="fl-d7"/>
      </object_component>
      <object_component id="oc-f9">
         <name>.debug_info</name>
         <load_address>0xad3d</load_address>
         <run_address>0xad3d</run_address>
         <size>0x27d</size>
         <input_file_ref idref="fl-d7"/>
      </object_component>
      <object_component id="oc-1a5">
         <name>.debug_info</name>
         <load_address>0xafba</load_address>
         <run_address>0xafba</run_address>
         <size>0x3d9</size>
         <input_file_ref idref="fl-d8"/>
      </object_component>
      <object_component id="oc-fe">
         <name>.debug_info</name>
         <load_address>0xb393</load_address>
         <run_address>0xb393</run_address>
         <size>0x284</size>
         <input_file_ref idref="fl-d8"/>
      </object_component>
      <object_component id="oc-104">
         <name>.debug_info</name>
         <load_address>0xb617</load_address>
         <run_address>0xb617</run_address>
         <size>0x2b1</size>
         <input_file_ref idref="fl-d8"/>
      </object_component>
      <object_component id="oc-1ba">
         <name>.debug_info</name>
         <load_address>0xb8c8</load_address>
         <run_address>0xb8c8</run_address>
         <size>0x51c</size>
         <input_file_ref idref="fl-d9"/>
      </object_component>
      <object_component id="oc-1bd">
         <name>.debug_info</name>
         <load_address>0xbde4</load_address>
         <run_address>0xbde4</run_address>
         <size>0x2fe</size>
         <input_file_ref idref="fl-d9"/>
      </object_component>
      <object_component id="oc-25b">
         <name>.debug_info</name>
         <load_address>0xc0e2</load_address>
         <run_address>0xc0e2</run_address>
         <size>0x315</size>
         <input_file_ref idref="fl-d9"/>
      </object_component>
      <object_component id="oc-261">
         <name>.debug_info</name>
         <load_address>0xc3f7</load_address>
         <run_address>0xc3f7</run_address>
         <size>0x34b</size>
         <input_file_ref idref="fl-d9"/>
      </object_component>
      <object_component id="oc-1c3">
         <name>.debug_info</name>
         <load_address>0xc742</load_address>
         <run_address>0xc742</run_address>
         <size>0x2cc</size>
         <input_file_ref idref="fl-d9"/>
      </object_component>
      <object_component id="oc-1c9">
         <name>.debug_info</name>
         <load_address>0xca0e</load_address>
         <run_address>0xca0e</run_address>
         <size>0x341</size>
         <input_file_ref idref="fl-d9"/>
      </object_component>
      <object_component id="oc-110">
         <name>.debug_info</name>
         <load_address>0xcd4f</load_address>
         <run_address>0xcd4f</run_address>
         <size>0x450</size>
         <input_file_ref idref="fl-d9"/>
      </object_component>
      <object_component id="oc-11c">
         <name>.debug_info</name>
         <load_address>0xd19f</load_address>
         <run_address>0xd19f</run_address>
         <size>0x2b7</size>
         <input_file_ref idref="fl-d9"/>
      </object_component>
      <object_component id="oc-251">
         <name>.debug_info</name>
         <load_address>0xd456</load_address>
         <run_address>0xd456</run_address>
         <size>0x254</size>
         <input_file_ref idref="fl-d9"/>
      </object_component>
      <object_component id="oc-1b4">
         <name>.debug_info</name>
         <load_address>0xd6aa</load_address>
         <run_address>0xd6aa</run_address>
         <size>0x2b6</size>
         <input_file_ref idref="fl-d9"/>
      </object_component>
      <object_component id="oc-23c">
         <name>.debug_info</name>
         <load_address>0xd960</load_address>
         <run_address>0xd960</run_address>
         <size>0x47f</size>
         <input_file_ref idref="fl-d9"/>
      </object_component>
      <object_component id="oc-117">
         <name>.debug_info</name>
         <load_address>0xdddf</load_address>
         <run_address>0xdddf</run_address>
         <size>0x2c0</size>
         <input_file_ref idref="fl-d9"/>
      </object_component>
      <object_component id="oc-198">
         <name>.debug_info</name>
         <load_address>0xe09f</load_address>
         <run_address>0xe09f</run_address>
         <size>0x4bd</size>
         <input_file_ref idref="fl-d9"/>
      </object_component>
      <object_component id="oc-10a">
         <name>.debug_info</name>
         <load_address>0xe55c</load_address>
         <run_address>0xe55c</run_address>
         <size>0x28d</size>
         <input_file_ref idref="fl-d9"/>
      </object_component>
      <object_component id="oc-213">
         <name>.debug_info</name>
         <load_address>0xe7e9</load_address>
         <run_address>0xe7e9</run_address>
         <size>0x35e</size>
         <input_file_ref idref="fl-da"/>
      </object_component>
      <object_component id="oc-20f">
         <name>.debug_info</name>
         <load_address>0xeb47</load_address>
         <run_address>0xeb47</run_address>
         <size>0x151</size>
         <input_file_ref idref="fl-da"/>
      </object_component>
      <object_component id="oc-143">
         <name>.debug_info</name>
         <load_address>0xec98</load_address>
         <run_address>0xec98</run_address>
         <size>0x14c</size>
         <input_file_ref idref="fl-da"/>
      </object_component>
      <object_component id="oc-29b">
         <name>.debug_info</name>
         <load_address>0xede4</load_address>
         <run_address>0xede4</run_address>
         <size>0x3cd</size>
         <input_file_ref idref="fl-db"/>
      </object_component>
      <object_component id="oc-242">
         <name>.debug_info</name>
         <load_address>0xf1b1</load_address>
         <run_address>0xf1b1</run_address>
         <size>0x2b1</size>
         <input_file_ref idref="fl-db"/>
      </object_component>
      <object_component id="oc-24e">
         <name>.debug_info</name>
         <load_address>0xf462</load_address>
         <run_address>0xf462</run_address>
         <size>0x364</size>
         <input_file_ref idref="fl-dc"/>
      </object_component>
      <object_component id="oc-1ad">
         <name>.debug_info</name>
         <load_address>0xf7c6</load_address>
         <run_address>0xf7c6</run_address>
         <size>0x2c2</size>
         <input_file_ref idref="fl-dc"/>
      </object_component>
      <object_component id="oc-1a8">
         <name>.debug_info</name>
         <load_address>0xfa88</load_address>
         <run_address>0xfa88</run_address>
         <size>0x2c2</size>
         <input_file_ref idref="fl-dc"/>
      </object_component>
      <object_component id="oc-2c9">
         <name>.debug_info</name>
         <load_address>0xfd4a</load_address>
         <run_address>0xfd4a</run_address>
         <size>0x9f</size>
      </object_component>
      <object_component id="oc-215">
         <name>.debug_line</name>
         <load_address>0x0</load_address>
         <run_address>0x0</run_address>
         <size>0x186</size>
         <input_file_ref idref="fl-2"/>
      </object_component>
      <object_component id="oc-274">
         <name>.debug_line</name>
         <load_address>0x186</load_address>
         <run_address>0x186</run_address>
         <size>0x2e</size>
         <input_file_ref idref="fl-2"/>
      </object_component>
      <object_component id="oc-ea">
         <name>.debug_line</name>
         <load_address>0x1b4</load_address>
         <run_address>0x1b4</run_address>
         <size>0x49</size>
         <input_file_ref idref="fl-2"/>
      </object_component>
      <object_component id="oc-138">
         <name>.debug_line</name>
         <load_address>0x1fd</load_address>
         <run_address>0x1fd</run_address>
         <size>0x48</size>
         <input_file_ref idref="fl-2"/>
      </object_component>
      <object_component id="oc-c1">
         <name>.debug_line</name>
         <load_address>0x245</load_address>
         <run_address>0x245</run_address>
         <size>0xad</size>
         <input_file_ref idref="fl-2"/>
      </object_component>
      <object_component id="oc-149">
         <name>.debug_line</name>
         <load_address>0x2f2</load_address>
         <run_address>0x2f2</run_address>
         <size>0x53</size>
         <input_file_ref idref="fl-2"/>
      </object_component>
      <object_component id="oc-d2">
         <name>.debug_line</name>
         <load_address>0x345</load_address>
         <run_address>0x345</run_address>
         <size>0x20</size>
         <input_file_ref idref="fl-2"/>
      </object_component>
      <object_component id="oc-94">
         <name>.debug_line</name>
         <load_address>0x365</load_address>
         <run_address>0x365</run_address>
         <size>0x65</size>
         <input_file_ref idref="fl-2"/>
      </object_component>
      <object_component id="oc-185">
         <name>.debug_line</name>
         <load_address>0x3ca</load_address>
         <run_address>0x3ca</run_address>
         <size>0x65</size>
         <input_file_ref idref="fl-2"/>
      </object_component>
      <object_component id="oc-90">
         <name>.debug_line</name>
         <load_address>0x42f</load_address>
         <run_address>0x42f</run_address>
         <size>0x34</size>
         <input_file_ref idref="fl-3"/>
      </object_component>
      <object_component id="oc-44">
         <name>.debug_line</name>
         <load_address>0x463</load_address>
         <run_address>0x463</run_address>
         <size>0x34</size>
         <input_file_ref idref="fl-3"/>
      </object_component>
      <object_component id="oc-30">
         <name>.debug_line</name>
         <load_address>0x497</load_address>
         <run_address>0x497</run_address>
         <size>0x46</size>
         <input_file_ref idref="fl-3"/>
      </object_component>
      <object_component id="oc-36">
         <name>.debug_line</name>
         <load_address>0x4dd</load_address>
         <run_address>0x4dd</run_address>
         <size>0x49</size>
         <input_file_ref idref="fl-3"/>
      </object_component>
      <object_component id="oc-3f">
         <name>.debug_line</name>
         <load_address>0x526</load_address>
         <run_address>0x526</run_address>
         <size>0x49</size>
         <input_file_ref idref="fl-3"/>
      </object_component>
      <object_component id="oc-3b">
         <name>.debug_line</name>
         <load_address>0x56f</load_address>
         <run_address>0x56f</run_address>
         <size>0x49</size>
         <input_file_ref idref="fl-3"/>
      </object_component>
      <object_component id="oc-4f">
         <name>.debug_line</name>
         <load_address>0x5b8</load_address>
         <run_address>0x5b8</run_address>
         <size>0x20</size>
         <input_file_ref idref="fl-3"/>
      </object_component>
      <object_component id="oc-282">
         <name>.debug_line</name>
         <load_address>0x5d8</load_address>
         <run_address>0x5d8</run_address>
         <size>0x20</size>
         <input_file_ref idref="fl-4"/>
      </object_component>
      <object_component id="oc-239">
         <name>.debug_line</name>
         <load_address>0x5f8</load_address>
         <run_address>0x5f8</run_address>
         <size>0x78</size>
         <input_file_ref idref="fl-4"/>
      </object_component>
      <object_component id="oc-20c">
         <name>.debug_line</name>
         <load_address>0x670</load_address>
         <run_address>0x670</run_address>
         <size>0x78</size>
         <input_file_ref idref="fl-4"/>
      </object_component>
      <object_component id="oc-207">
         <name>.debug_line</name>
         <load_address>0x6e8</load_address>
         <run_address>0x6e8</run_address>
         <size>0x8a</size>
         <input_file_ref idref="fl-4"/>
      </object_component>
      <object_component id="oc-201">
         <name>.debug_line</name>
         <load_address>0x772</load_address>
         <run_address>0x772</run_address>
         <size>0x8d</size>
         <input_file_ref idref="fl-4"/>
      </object_component>
      <object_component id="oc-1ef">
         <name>.debug_line</name>
         <load_address>0x7ff</load_address>
         <run_address>0x7ff</run_address>
         <size>0x137</size>
         <input_file_ref idref="fl-4"/>
      </object_component>
      <object_component id="oc-1e9">
         <name>.debug_line</name>
         <load_address>0x936</load_address>
         <run_address>0x936</run_address>
         <size>0x9b</size>
         <input_file_ref idref="fl-4"/>
      </object_component>
      <object_component id="oc-276">
         <name>.debug_line</name>
         <load_address>0x9d1</load_address>
         <run_address>0x9d1</run_address>
         <size>0x9f</size>
         <input_file_ref idref="fl-4"/>
      </object_component>
      <object_component id="oc-1fb">
         <name>.debug_line</name>
         <load_address>0xa70</load_address>
         <run_address>0xa70</run_address>
         <size>0xb4</size>
         <input_file_ref idref="fl-4"/>
      </object_component>
      <object_component id="oc-188">
         <name>.debug_line</name>
         <load_address>0xb24</load_address>
         <run_address>0xb24</run_address>
         <size>0xa1</size>
         <input_file_ref idref="fl-4"/>
      </object_component>
      <object_component id="oc-1f5">
         <name>.debug_line</name>
         <load_address>0xbc5</load_address>
         <run_address>0xbc5</run_address>
         <size>0xac</size>
         <input_file_ref idref="fl-4"/>
      </object_component>
      <object_component id="oc-18e">
         <name>.debug_line</name>
         <load_address>0xc71</load_address>
         <run_address>0xc71</run_address>
         <size>0x9a</size>
         <input_file_ref idref="fl-4"/>
      </object_component>
      <object_component id="oc-f2">
         <name>.debug_line</name>
         <load_address>0xd0b</load_address>
         <run_address>0xd0b</run_address>
         <size>0xda</size>
         <input_file_ref idref="fl-4"/>
      </object_component>
      <object_component id="oc-235">
         <name>.debug_line</name>
         <load_address>0xde5</load_address>
         <run_address>0xde5</run_address>
         <size>0x20</size>
         <input_file_ref idref="fl-5"/>
      </object_component>
      <object_component id="oc-290">
         <name>.debug_line</name>
         <load_address>0xe05</load_address>
         <run_address>0xe05</run_address>
         <size>0x57</size>
         <input_file_ref idref="fl-5"/>
      </object_component>
      <object_component id="oc-28c">
         <name>.debug_line</name>
         <load_address>0xe5c</load_address>
         <run_address>0xe5c</run_address>
         <size>0x57</size>
         <input_file_ref idref="fl-5"/>
      </object_component>
      <object_component id="oc-28a">
         <name>.debug_line</name>
         <load_address>0xeb3</load_address>
         <run_address>0xeb3</run_address>
         <size>0x57</size>
         <input_file_ref idref="fl-5"/>
      </object_component>
      <object_component id="oc-22c">
         <name>.debug_line</name>
         <load_address>0xf0a</load_address>
         <run_address>0xf0a</run_address>
         <size>0x87</size>
         <input_file_ref idref="fl-5"/>
      </object_component>
      <object_component id="oc-17f">
         <name>.debug_line</name>
         <load_address>0xf91</load_address>
         <run_address>0xf91</run_address>
         <size>0x18c</size>
         <input_file_ref idref="fl-5"/>
      </object_component>
      <object_component id="oc-ef">
         <name>.debug_line</name>
         <load_address>0x111d</load_address>
         <run_address>0x111d</run_address>
         <size>0x6e</size>
         <input_file_ref idref="fl-5"/>
      </object_component>
      <object_component id="oc-28e">
         <name>.debug_line</name>
         <load_address>0x118b</load_address>
         <run_address>0x118b</run_address>
         <size>0xb2</size>
         <input_file_ref idref="fl-5"/>
      </object_component>
      <object_component id="oc-177">
         <name>.debug_line</name>
         <load_address>0x123d</load_address>
         <run_address>0x123d</run_address>
         <size>0x78</size>
         <input_file_ref idref="fl-5"/>
      </object_component>
      <object_component id="oc-28">
         <name>.debug_line</name>
         <load_address>0x12b5</load_address>
         <run_address>0x12b5</run_address>
         <size>0x53</size>
         <input_file_ref idref="fl-c1"/>
      </object_component>
      <object_component id="oc-d5">
         <name>.debug_line</name>
         <load_address>0x1308</load_address>
         <run_address>0x1308</run_address>
         <size>0x20</size>
         <input_file_ref idref="fl-c2"/>
      </object_component>
      <object_component id="oc-17">
         <name>.debug_line</name>
         <load_address>0x1328</load_address>
         <run_address>0x1328</run_address>
         <size>0xa9</size>
         <input_file_ref idref="fl-c2"/>
      </object_component>
      <object_component id="oc-4a">
         <name>.debug_line</name>
         <load_address>0x13d1</load_address>
         <run_address>0x13d1</run_address>
         <size>0x3a</size>
         <input_file_ref idref="fl-c2"/>
      </object_component>
      <object_component id="oc-99">
         <name>.debug_line</name>
         <load_address>0x140b</load_address>
         <run_address>0x140b</run_address>
         <size>0x8a</size>
         <input_file_ref idref="fl-c2"/>
      </object_component>
      <object_component id="oc-a3">
         <name>.debug_line</name>
         <load_address>0x1495</load_address>
         <run_address>0x1495</run_address>
         <size>0x8a</size>
         <input_file_ref idref="fl-c3"/>
      </object_component>
      <object_component id="oc-1d">
         <name>.debug_line</name>
         <load_address>0x151f</load_address>
         <run_address>0x151f</run_address>
         <size>0x55</size>
         <input_file_ref idref="fl-c3"/>
      </object_component>
      <object_component id="oc-5a">
         <name>.debug_line</name>
         <load_address>0x1574</load_address>
         <run_address>0x1574</run_address>
         <size>0x3a</size>
         <input_file_ref idref="fl-c3"/>
      </object_component>
      <object_component id="oc-a0">
         <name>.debug_line</name>
         <load_address>0x15ae</load_address>
         <run_address>0x15ae</run_address>
         <size>0x8a</size>
         <input_file_ref idref="fl-c3"/>
      </object_component>
      <object_component id="oc-ab">
         <name>.debug_line</name>
         <load_address>0x1638</load_address>
         <run_address>0x1638</run_address>
         <size>0x8a</size>
         <input_file_ref idref="fl-c4"/>
      </object_component>
      <object_component id="oc-23">
         <name>.debug_line</name>
         <load_address>0x16c2</load_address>
         <run_address>0x16c2</run_address>
         <size>0x4f</size>
         <input_file_ref idref="fl-c4"/>
      </object_component>
      <object_component id="oc-66">
         <name>.debug_line</name>
         <load_address>0x1711</load_address>
         <run_address>0x1711</run_address>
         <size>0x34</size>
         <input_file_ref idref="fl-c4"/>
      </object_component>
      <object_component id="oc-a8">
         <name>.debug_line</name>
         <load_address>0x1745</load_address>
         <run_address>0x1745</run_address>
         <size>0x8a</size>
         <input_file_ref idref="fl-c4"/>
      </object_component>
      <object_component id="oc-160">
         <name>.debug_line</name>
         <load_address>0x17cf</load_address>
         <run_address>0x17cf</run_address>
         <size>0xf2</size>
         <input_file_ref idref="fl-c5"/>
      </object_component>
      <object_component id="oc-154">
         <name>.debug_line</name>
         <load_address>0x18c1</load_address>
         <run_address>0x18c1</run_address>
         <size>0x2a</size>
         <input_file_ref idref="fl-c5"/>
      </object_component>
      <object_component id="oc-82">
         <name>.debug_line</name>
         <load_address>0x18eb</load_address>
         <run_address>0x18eb</run_address>
         <size>0x86</size>
         <input_file_ref idref="fl-c5"/>
      </object_component>
      <object_component id="oc-52">
         <name>.debug_line</name>
         <load_address>0x1971</load_address>
         <run_address>0x1971</run_address>
         <size>0x88</size>
         <input_file_ref idref="fl-c6"/>
      </object_component>
      <object_component id="oc-5e">
         <name>.debug_line</name>
         <load_address>0x19f9</load_address>
         <run_address>0x19f9</run_address>
         <size>0x79</size>
         <input_file_ref idref="fl-c7"/>
      </object_component>
      <object_component id="oc-6b">
         <name>.debug_line</name>
         <load_address>0x1a72</load_address>
         <run_address>0x1a72</run_address>
         <size>0x3d</size>
         <input_file_ref idref="fl-c8"/>
      </object_component>
      <object_component id="oc-70">
         <name>.debug_line</name>
         <load_address>0x1aaf</load_address>
         <run_address>0x1aaf</run_address>
         <size>0x40</size>
         <input_file_ref idref="fl-c9"/>
      </object_component>
      <object_component id="oc-ce">
         <name>.debug_line</name>
         <load_address>0x1aef</load_address>
         <run_address>0x1aef</run_address>
         <size>0x33</size>
         <input_file_ref idref="fl-ca"/>
      </object_component>
      <object_component id="oc-230">
         <name>.debug_line</name>
         <load_address>0x1b22</load_address>
         <run_address>0x1b22</run_address>
         <size>0x5b</size>
         <input_file_ref idref="fl-cb"/>
      </object_component>
      <object_component id="oc-218">
         <name>.debug_line</name>
         <load_address>0x1b7d</load_address>
         <run_address>0x1b7d</run_address>
         <size>0x20</size>
         <input_file_ref idref="fl-cc"/>
      </object_component>
      <object_component id="oc-15c">
         <name>.debug_line</name>
         <load_address>0x1b9d</load_address>
         <run_address>0x1b9d</run_address>
         <size>0x2b</size>
         <input_file_ref idref="fl-cc"/>
      </object_component>
      <object_component id="oc-159">
         <name>.debug_line</name>
         <load_address>0x1bc8</load_address>
         <run_address>0x1bc8</run_address>
         <size>0x68</size>
         <input_file_ref idref="fl-cc"/>
      </object_component>
      <object_component id="oc-14d">
         <name>.debug_line</name>
         <load_address>0x1c30</load_address>
         <run_address>0x1c30</run_address>
         <size>0x2b</size>
         <input_file_ref idref="fl-cd"/>
      </object_component>
      <object_component id="oc-80">
         <name>.debug_line</name>
         <load_address>0x1c5b</load_address>
         <run_address>0x1c5b</run_address>
         <size>0x4a</size>
         <input_file_ref idref="fl-cd"/>
      </object_component>
      <object_component id="oc-151">
         <name>.debug_line</name>
         <load_address>0x1ca5</load_address>
         <run_address>0x1ca5</run_address>
         <size>0x2b</size>
         <input_file_ref idref="fl-cd"/>
      </object_component>
      <object_component id="oc-da">
         <name>.debug_line</name>
         <load_address>0x1cd0</load_address>
         <run_address>0x1cd0</run_address>
         <size>0xa9</size>
         <input_file_ref idref="fl-ce"/>
      </object_component>
      <object_component id="oc-79">
         <name>.debug_line</name>
         <load_address>0x1d79</load_address>
         <run_address>0x1d79</run_address>
         <size>0x8b</size>
         <input_file_ref idref="fl-ce"/>
      </object_component>
      <object_component id="oc-de">
         <name>.debug_line</name>
         <load_address>0x1e04</load_address>
         <run_address>0x1e04</run_address>
         <size>0x2e</size>
         <input_file_ref idref="fl-ce"/>
      </object_component>
      <object_component id="oc-16b">
         <name>.debug_line</name>
         <load_address>0x1e32</load_address>
         <run_address>0x1e32</run_address>
         <size>0x8a</size>
         <input_file_ref idref="fl-ce"/>
      </object_component>
      <object_component id="oc-e3">
         <name>.debug_line</name>
         <load_address>0x1ebc</load_address>
         <run_address>0x1ebc</run_address>
         <size>0x8b</size>
         <input_file_ref idref="fl-ce"/>
      </object_component>
      <object_component id="oc-162">
         <name>.debug_line</name>
         <load_address>0x1f47</load_address>
         <run_address>0x1f47</run_address>
         <size>0x98</size>
         <input_file_ref idref="fl-cf"/>
      </object_component>
      <object_component id="oc-b3">
         <name>.debug_line</name>
         <load_address>0x1fdf</load_address>
         <run_address>0x1fdf</run_address>
         <size>0x68</size>
         <input_file_ref idref="fl-cf"/>
      </object_component>
      <object_component id="oc-166">
         <name>.debug_line</name>
         <load_address>0x2047</load_address>
         <run_address>0x2047</run_address>
         <size>0x2e</size>
         <input_file_ref idref="fl-cf"/>
      </object_component>
      <object_component id="oc-297">
         <name>.debug_line</name>
         <load_address>0x2075</load_address>
         <run_address>0x2075</run_address>
         <size>0x3b</size>
         <input_file_ref idref="fl-d0"/>
      </object_component>
      <object_component id="oc-b9">
         <name>.debug_line</name>
         <load_address>0x20b0</load_address>
         <run_address>0x20b0</run_address>
         <size>0x3c</size>
         <input_file_ref idref="fl-d1"/>
      </object_component>
      <object_component id="oc-272">
         <name>.debug_line</name>
         <load_address>0x20ec</load_address>
         <run_address>0x20ec</run_address>
         <size>0x82</size>
         <input_file_ref idref="fl-d2"/>
      </object_component>
      <object_component id="oc-13d">
         <name>.debug_line</name>
         <load_address>0x216e</load_address>
         <run_address>0x216e</run_address>
         <size>0x92</size>
         <input_file_ref idref="fl-d2"/>
      </object_component>
      <object_component id="oc-1de">
         <name>.debug_line</name>
         <load_address>0x2200</load_address>
         <run_address>0x2200</run_address>
         <size>0x95</size>
         <input_file_ref idref="fl-d2"/>
      </object_component>
      <object_component id="oc-1d8">
         <name>.debug_line</name>
         <load_address>0x2295</load_address>
         <run_address>0x2295</run_address>
         <size>0xd1</size>
         <input_file_ref idref="fl-d2"/>
      </object_component>
      <object_component id="oc-131">
         <name>.debug_line</name>
         <load_address>0x2366</load_address>
         <run_address>0x2366</run_address>
         <size>0x99</size>
         <input_file_ref idref="fl-d2"/>
      </object_component>
      <object_component id="oc-269">
         <name>.debug_line</name>
         <load_address>0x23ff</load_address>
         <run_address>0x23ff</run_address>
         <size>0x13d</size>
         <input_file_ref idref="fl-d4"/>
      </object_component>
      <object_component id="oc-12c">
         <name>.debug_line</name>
         <load_address>0x253c</load_address>
         <run_address>0x253c</run_address>
         <size>0x94</size>
         <input_file_ref idref="fl-d4"/>
      </object_component>
      <object_component id="oc-126">
         <name>.debug_line</name>
         <load_address>0x25d0</load_address>
         <run_address>0x25d0</run_address>
         <size>0x94</size>
         <input_file_ref idref="fl-d4"/>
      </object_component>
      <object_component id="oc-26d">
         <name>.debug_line</name>
         <load_address>0x2664</load_address>
         <run_address>0x2664</run_address>
         <size>0x7f</size>
         <input_file_ref idref="fl-d4"/>
      </object_component>
      <object_component id="oc-288">
         <name>.debug_line</name>
         <load_address>0x26e3</load_address>
         <run_address>0x26e3</run_address>
[...]
            <object_component_ref idref="oc-111"/>
            <object_component_ref idref="oc-11e"/>
            <object_component_ref idref="oc-253"/>
            <object_component_ref idref="oc-1b6"/>
            <object_component_ref idref="oc-23e"/>
            <object_component_ref idref="oc-118"/>
            <object_component_ref idref="oc-199"/>
            <object_component_ref idref="oc-10b"/>
            <object_component_ref idref="oc-210"/>
            <object_component_ref idref="oc-144"/>
            <object_component_ref idref="oc-244"/>
            <object_component_ref idref="oc-1ae"/>
            <object_component_ref idref="oc-1a9"/>
         </contents>
      </logical_group>
      <logical_group id="lg-2c2" display="never" color="cyan">
         <name>.debug_pubtypes</name>
         <load_address>0x0</load_address>
         <run_address>0x0</run_address>
         <size>0x789</size>
         <contents>
            <object_component_ref idref="oc-147"/>
            <object_component_ref idref="oc-d0"/>
            <object_component_ref idref="oc-92"/>
            <object_component_ref idref="oc-183"/>
            <object_component_ref idref="oc-4d"/>
            <object_component_ref idref="oc-48"/>
            <object_component_ref idref="oc-97"/>
            <object_component_ref idref="oc-58"/>
            <object_component_ref idref="oc-9e"/>
            <object_component_ref idref="oc-64"/>
            <object_component_ref idref="oc-a6"/>
            <object_component_ref idref="oc-cc"/>
            <object_component_ref idref="oc-15e"/>
            <object_component_ref idref="oc-14f"/>
            <object_component_ref idref="oc-dc"/>
            <object_component_ref idref="oc-169"/>
            <object_component_ref idref="oc-e1"/>
            <object_component_ref idref="oc-164"/>
            <object_component_ref idref="oc-26b"/>
         </contents>
      </logical_group>
      <load_segment id="lg-2ce" display="no" color="cyan">
         <name>SEGMENT_0</name>
         <load_address>0x0</load_address>
         <run_address>0x0</run_address>
         <size>0x1fc8</size>
         <flags>0x5</flags>
         <contents>
            <logical_group_ref idref="lg-3"/>
            <logical_group_ref idref="lg-4"/>
            <logical_group_ref idref="lg-5"/>
            <logical_group_ref idref="lg-6"/>
         </contents>
      </load_segment>
      <load_segment id="lg-2cf" display="no" color="cyan">
         <name>SEGMENT_1</name>
         <run_address>0x20000000</run_address>
         <size>0x238</size>
         <flags>0x6</flags>
         <contents>
            <logical_group_ref idref="lg-d"/>
            <logical_group_ref idref="lg-a"/>
            <logical_group_ref idref="lg-b"/>
         </contents>
      </load_segment>
   </logical_group_list>
   <placement_map>
      <memory_area display="yes" color="green">
         <name>FLASH</name>
         <page_id>0x0</page_id>
         <origin>0x0</origin>
         <length>0x40000</length>
         <used_space>0x1fc4</used_space>
         <unused_space>0x3e03c</unused_space>
         <attributes>RX</attributes>
         <usage_details>
            <allocated_space>
               <start_address>0x0</start_address>
               <size>0x26c</size>
               <logical_group_ref idref="lg-3"/>
            </allocated_space>
            <allocated_space>
               <start_address>0x26c</start_address>
               <size>0x1690</size>
               <logical_group_ref idref="lg-4"/>
            </allocated_space>
            <allocated_space>
               <start_address>0x18fc</start_address>
               <size>0x678</size>
               <logical_group_ref idref="lg-5"/>
            </allocated_space>
            <available_space>
               <start_address>0x1f74</start_address>
               <size>0x4</size>
            </available_space>
            <allocated_space>
               <start_address>0x1f78</start_address>
               <size>0x50</size>
               <logical_group_ref idref="lg-6"/>
            </allocated_space>
            <available_space>
               <start_address>0x1fc8</start_address>
               <size>0x3e038</size>
            </available_space>
         </usage_details>
      </memory_area>
      <memory_area display="yes" color="green">
         <name>SRAM</name>
         <page_id>0x0</page_id>
         <origin>0x20000000</origin>
         <length>0x8000</length>
         <used_space>0x238</used_space>
         <unused_space>0x7dc8</unused_space>
         <attributes>RWX</attributes>
         <usage_details>
            <allocated_space>
               <start_address>0x20000000</start_address>
               <size>0x200</size>
               <logical_group_ref idref="lg-d"/>
            </allocated_space>
            <allocated_space>
               <start_address>0x20000200</start_address>
               <size>0x34</size>
               <logical_group_ref idref="lg-a"/>
            </allocated_space>
            <allocated_space>
               <start_address>0x20000234</start_address>
               <size>0x4</size>
               <logical_group_ref idref="lg-b"/>
            </allocated_space>
            <available_space>
               <start_address>0x20000238</start_address>
               <size>0x7dc8</size>
            </available_space>
         </usage_details>
      </memory_area>
   </placement_map>
   <cptbl_list>
      <cptbl>
         <name>__TI_cinit_table</name>
         <cprec>
            <name>.data</name>
            <load_address>0x1f78</load_address>
            <load_size>0x27</load_size>
            <run_address>0x20000200</run_address>
            <run_size>0x34</run_size>
            <compression>lzss</compression>
         </cprec>
         <cprec>
            <name>.bss</name>
            <load_address>0x1fb0</load_address>
            <load_size>0x8</load_size>
            <run_address>0x20000234</run_address>
            <run_size>0x4</run_size>
            <compression>zero_init</compression>
         </cprec>
      </cptbl>
   </cptbl_list>
   <handler_table>
      <handler_table_name>__TI_handler_table</handler_table_name>
      <handler>
         <index>0x0</index>
         <name>__TI_decompress_lzss</name>
      </handler>
      <handler>
         <index>0x1</index>
         <name>__TI_decompress_none</name>
      </handler>
      <handler>
         <index>0x2</index>
         <name>__TI_zero_init</name>
      </handler>
   </handler_table>
   <symbol_table>
      <symbol id="sm-1">
         <name>__STACK_TOP</name>
         <value>0x20000200</value>
      </symbol>
      <symbol id="sm-2">
         <name>__TI_CINIT_Base</name>
         <value>0x1fb8</value>
      </symbol>
      <symbol id="sm-3">
         <name>__TI_CINIT_Limit</name>
         <value>0x1fc8</value>
      </symbol>
      <symbol id="sm-4">
         <name>__TI_Handler_Table_Base</name>
         <value>0x1fa0</value>
      </symbol>
      <symbol id="sm-5">
         <name>__TI_Handler_Table_Limit</name>
         <value>0x1fac</value>
      </symbol>
      <symbol id="sm-6">
         <name>binit</name>
         <value>0xffffffff</value>
      </symbol>
      <symbol id="sm-7">
         <name>__binit__</name>
         <value>0xffffffff</value>
      </symbol>
      <symbol id="sm-8">
         <name>__STACK_SIZE</name>
         <value>0x200</value>
      </symbol>
      <symbol id="sm-9">
         <name>__STACK_END</name>
         <value>0x20000200</value>
      </symbol>
      <symbol id="sm-a">
         <name>__c_args__</name>
         <value>0xffffffff</value>
      </symbol>
      <symbol id="sm-b">
         <name>__TI_pprof_out_hndl</name>
         <value>0xffffffff</value>
      </symbol>
      <symbol id="sm-c">
         <name>__TI_prof_data_start</name>
         <value>0xffffffff</value>
      </symbol>
      <symbol id="sm-d">
         <name>__TI_prof_data_size</name>
         <value>0xffffffff</value>
      </symbol>
      <symbol id="sm-76">
         <name>main</name>
         <value>0x6ad</value>
         <object_component_ref idref="oc-bc"/>
      </symbol>
      <symbol id="sm-77">
         <name>ConfigureUART</name>
         <value>0x11e1</value>
         <object_component_ref idref="oc-e5"/>
      </symbol>
      <symbol id="sm-78">
         <name>ButtonsInit</name>
         <value>0x13a9</value>
         <object_component_ref idref="oc-133"/>
      </symbol>
      <symbol id="sm-ae">
         <name>ResetISR</name>
         <value>0x18eb</value>
         <object_component_ref idref="oc-2b"/>
      </symbol>
      <symbol id="sm-af">
         <name>g_pfnVectors</name>
         <value>0x0</value>
         <object_component_ref idref="oc-f"/>
      </symbol>
      <symbol id="sm-146">
         <name>g_sCFAL96x64x16</name>
         <value>0x1f24</value>
         <object_component_ref idref="oc-13f"/>
      </symbol>
      <symbol id="sm-147">
         <name>CFAL96x64x16Init</name>
         <value>0x889</value>
         <object_component_ref idref="oc-f1"/>
      </symbol>
      <symbol id="sm-1b5">
         <name>UARTStdioConfig</name>
         <value>0x1245</value>
         <object_component_ref idref="oc-173"/>
      </symbol>
      <symbol id="sm-1b6">
         <name>UARTwrite</name>
         <value>0x1531</value>
         <object_component_ref idref="oc-228"/>
      </symbol>
      <symbol id="sm-1b7">
         <name>UARTprintf</name>
         <value>0x1833</value>
         <object_component_ref idref="oc-eb"/>
      </symbol>
      <symbol id="sm-1b8">
         <name>UARTvprintf</name>
         <value>0x4c1</value>
         <object_component_ref idref="oc-17a"/>
      </symbol>
      <symbol id="sm-1c9">
         <name>_c_int00</name>
         <value>0x1301</value>
         <object_component_ref idref="oc-24"/>
      </symbol>
      <symbol id="sm-1ca">
         <name>__stack</name>
         <value>0x20000000</value>
         <object_component_ref idref="oc-2a"/>
      </symbol>
      <symbol id="sm-1e8">
         <name>__TI_decompress_lzss</name>
         <value>0x1111</value>
         <object_component_ref idref="oc-12"/>
      </symbol>
      <symbol id="sm-1ff">
         <name>__TI_decompress_none</name>
         <value>0x18bd</value>
         <object_component_ref idref="oc-18"/>
      </symbol>
      <symbol id="sm-216">
         <name>__TI_zero_init</name>
         <value>0x18cb</value>
         <object_component_ref idref="oc-1e"/>
      </symbol>
      <symbol id="sm-237">
         <name>C$$EXIT</name>
         <value>0x1355</value>
         <object_component_ref idref="oc-81"/>
      </symbol>
      <symbol id="sm-238">
         <name>abort</name>
         <value>0x1359</value>
         <object_component_ref idref="oc-81"/>
      </symbol>
      <symbol id="sm-239">
         <name>exit</name>
         <value>0x1361</value>
         <object_component_ref idref="oc-81"/>
      </symbol>
      <symbol id="sm-23a">
         <name>__TI_dtors_ptr</name>
         <value>0x20000218</value>
         <object_component_ref idref="oc-c4"/>
      </symbol>
      <symbol id="sm-23b">
         <name>__TI_cleanup_ptr</name>
         <value>0x20000214</value>
         <object_component_ref idref="oc-c4"/>
      </symbol>
      <symbol id="sm-23c">
         <name>__TI_enable_exit_profile_output</name>
         <value>0x2000021c</value>
         <object_component_ref idref="oc-c4"/>
      </symbol>
      <symbol id="sm-257">
         <name>memcpy</name>
         <value>0xd39</value>
         <object_component_ref idref="oc-51"/>
      </symbol>
      <symbol id="sm-258">
         <name>__aeabi_memcpy</name>
         <value>0xd39</value>
         <object_component_ref idref="oc-51"/>
      </symbol>
      <symbol id="sm-259">
         <name>__aeabi_memcpy8</name>
         <value>0xd39</value>
         <object_component_ref idref="oc-51"/>
      </symbol>
      <symbol id="sm-25a">
         <name>__aeabi_memcpy4</name>
         <value>0xd39</value>
         <object_component_ref idref="oc-51"/>
      </symbol>
      <symbol id="sm-269">
         <name>__aeabi_memset</name>
         <value>0xeeb</value>
         <object_component_ref idref="oc-5d"/>
      </symbol>
      <symbol id="sm-26a">
         <name>memset</name>
         <value>0xef1</value>
         <object_component_ref idref="oc-5d"/>
      </symbol>
      <symbol id="sm-26b">
         <name>__aeabi_memset8</name>
         <value>0xeeb</value>
         <object_component_ref idref="oc-5d"/>
      </symbol>
      <symbol id="sm-26c">
         <name>__aeabi_memset4</name>
         <value>0xeeb</value>
         <object_component_ref idref="oc-5d"/>
      </symbol>
      <symbol id="sm-26d">
         <name>__aeabi_memclr8</name>
         <value>0xee9</value>
         <object_component_ref idref="oc-5d"/>
      </symbol>
      <symbol id="sm-26e">
         <name>__aeabi_memclr4</name>
         <value>0xee9</value>
         <object_component_ref idref="oc-5d"/>
      </symbol>
      <symbol id="sm-26f">
         <name>__aeabi_memclr</name>
         <value>0xee9</value>
         <object_component_ref idref="oc-5d"/>
      </symbol>
      <symbol id="sm-279">
         <name>__mpu_init</name>
         <value>0x167f</value>
         <object_component_ref idref="oc-69"/>
      </symbol>
      <symbol id="sm-283">
         <name>_system_pre_init</name>
         <value>0x18f7</value>
         <object_component_ref idref="oc-6f"/>
      </symbol>
      <symbol id="sm-28b">
         <name>main_func_sp</name>
         <value>0x20000230</value>
         <object_component_ref idref="oc-87"/>
      </symbol>
      <symbol id="sm-29a">
         <name>__aeabi_uidivmod</name>
         <value>0x1605</value>
         <object_component_ref idref="oc-22e"/>
      </symbol>
      <symbol id="sm-29b">
         <name>__aeabi_uidiv</name>
         <value>0x1605</value>
         <object_component_ref idref="oc-22e"/>
      </symbol>
      <symbol id="sm-2b4">
         <name>_nop</name>
         <value>0x18b7</value>
         <object_component_ref idref="oc-155"/>
      </symbol>
      <symbol id="sm-2b5">
         <name>_lock</name>
         <value>0x20000220</value>
         <object_component_ref idref="oc-c7"/>
      </symbol>
      <symbol id="sm-2b6">
         <name>_unlock</name>
         <value>0x20000224</value>
         <object_component_ref idref="oc-c7"/>
      </symbol>
      <symbol id="sm-2b7">
         <name>_register_lock</name>
         <value>0x18af</value>
         <object_component_ref idref="oc-155"/>
      </symbol>
      <symbol id="sm-2b8">
         <name>_register_unlock</name>
         <value>0x18a9</value>
         <object_component_ref idref="oc-155"/>
      </symbol>
      <symbol id="sm-2cc">
         <name>_args_main</name>
         <value>0x1865</value>
         <object_component_ref idref="oc-7b"/>
      </symbol>
      <symbol id="sm-2f6">
         <name>__TI_auto_init</name>
         <value>0xf65</value>
         <object_component_ref idref="oc-75"/>
      </symbol>
      <symbol id="sm-310">
         <name>copy_in</name>
         <value>0x1499</value>
         <object_component_ref idref="oc-ae"/>
      </symbol>
      <symbol id="sm-31a">
         <name>__aeabi_idiv0</name>
         <value>0x152f</value>
         <object_component_ref idref="oc-292"/>
      </symbol>
      <symbol id="sm-324">
         <name>_system_post_cinit</name>
         <value>0x18fb</value>
         <object_component_ref idref="oc-b4"/>
      </symbol>
      <symbol id="sm-34b">
         <name>GPIOPinTypeGPIOOutput</name>
         <value>0x184d</value>
         <object_component_ref idref="oc-12d"/>
      </symbol>
      <symbol id="sm-34c">
         <name>GPIODirModeSet</name>
         <value>0x17a3</value>
         <object_component_ref idref="oc-1da"/>
      </symbol>
      <symbol id="sm-34d">
         <name>GPIOPinWrite</name>
         <value>0x18df</value>
         <object_component_ref idref="oc-139"/>
      </symbol>
      <symbol id="sm-34e">
         <name>GPIOPadConfigSet</name>
         <value>0xb47</value>
         <object_component_ref idref="oc-1d4"/>
      </symbol>
      <symbol id="sm-36e">
         <name>SysCtlPeripheralEnable</name>
         <value>0x16b9</value>
         <object_component_ref idref="oc-121"/>
      </symbol>
      <symbol id="sm-36f">
         <name>SysCtlPeripheralReady</name>
         <value>0x1681</value>
         <object_component_ref idref="oc-127"/>
      </symbol>
      <symbol id="sm-37c">
         <name>UARTClockSourceSet</name>
         <value>0x18f1</value>
         <object_component_ref idref="oc-16d"/>
      </symbol>
      <symbol id="sm-398">
         <name>GrContextInit</name>
         <value>0x1041</value>
         <object_component_ref idref="oc-f7"/>
      </symbol>
      <symbol id="sm-399">
         <name>g_psDefaultCodePointMapTable</name>
         <value>0x1f4c</value>
         <object_component_ref idref="oc-19d"/>
      </symbol>
      <symbol id="sm-3b0">
         <name>GrRectFill</name>
         <value>0xe63</value>
         <object_component_ref idref="oc-fd"/>
      </symbol>
      <symbol id="sm-3b1">
         <name>GrRectDraw</name>
         <value>0x1179</value>
         <object_component_ref idref="oc-103"/>
      </symbol>
      <symbol id="sm-454">
         <name>GrFontInfoGet</name>
         <value>0x17cd</value>
         <object_component_ref idref="oc-1c8"/>
      </symbol>
      <symbol id="sm-455">
         <name>GrDefaultStringRenderer</name>
         <value>0xc79</value>
         <object_component_ref idref="oc-197"/>
      </symbol>
      <symbol id="sm-456">
         <name>GrFontGlyphRender</name>
         <value>0x26d</value>
         <object_component_ref idref="oc-23a"/>
      </symbol>
      <symbol id="sm-457">
         <name>GrContextFontSet</name>
         <value>0x18e5</value>
         <object_component_ref idref="oc-109"/>
      </symbol>
      <symbol id="sm-458">
         <name>GrFontGlyphDataGet</name>
         <value>0x17f3</value>
         <object_component_ref idref="oc-1c2"/>
      </symbol>
      <symbol id="sm-459">
         <name>GrStringDraw</name>
         <value>0x1893</value>
         <object_component_ref idref="oc-11b"/>
      </symbol>
      <symbol id="sm-45a">
         <name>GrFontCodepageGet</name>
         <value>0x1815</value>
         <object_component_ref idref="oc-250"/>
      </symbol>
      <symbol id="sm-45b">
         <name>GrStringNextCharGet</name>
         <value>0x171f</value>
         <object_component_ref idref="oc-1bc"/>
      </symbol>
      <symbol id="sm-45c">
         <name>GrStringWidthGet</name>
         <value>0x10a9</value>
         <object_component_ref idref="oc-10f"/>
      </symbol>
      <symbol id="sm-45d">
         <name>GrFontBaselineGet</name>
         <value>0x174d</value>
         <object_component_ref idref="oc-115"/>
      </symbol>
      <symbol id="sm-46f">
         <name>g_sFontCm12</name>
         <value>0x1e5c</value>
         <object_component_ref idref="oc-142"/>
      </symbol>
      <symbol id="sm-47c">
         <name>GrMapISO8859_1_Unicode</name>
         <value>0x18d7</value>
         <object_component_ref idref="oc-241"/>
      </symbol>
      <symbol id="sm-495">
         <name>GrLineDrawH</name>
         <value>0x1579</value>
         <object_component_ref idref="oc-1a6"/>
      </symbol>
      <symbol id="sm-496">
         <name>GrLineDrawV</name>
         <value>0x15bf</value>
         <object_component_ref idref="oc-1ac"/>
      </symbol>
      <symbol id="sm-497">
         <name>__TI_static_base__</name>
         <value>0x0</value>
      </symbol>
      <symbol id="sm-49a">
         <name>SHT$$INIT_ARRAY$$Limit</name>
         <value>0x0</value>
      </symbol>
      <symbol id="sm-49b">
         <name>SHT$$INIT_ARRAY$$Base</name>
         <value>0x0</value>
      </symbol>
   </symbol_table>
   <title>Link successful</title>
</link_info>
