<?xml version="1.0"?>
<link_info>
   <banner>TI ARM Linker PC v16.9.6.LTS</banner>
   <copyright>Copyright (c) 1996-2017 Texas Instruments Incorporated</copyright>
   <link_time>0x5a6e2859</link_time>
   <link_errors>0x0</link_errors>
   <output_file>Sean_Link_Lab02.out</output_file>
   <entry_point>
      <name>_c_int00</name>
      <address>0x2fbd</address>
   </entry_point>
   <input_file_list>
      <input_file id="fl-2">
         <path>.\</path>
         <kind>object</kind>
         <file>hello.obj</file>
         <name>hello.obj</name>
      </input_file>
      <input_file id="fl-3">
         <path>.\</path>
         <kind>object</kind>
         <file>startup_ccs.obj</file>
         <name>startup_ccs.obj</name>
      </input_file>
      <input_file id="fl-4">
         <path>.\drivers\</path>
         <kind>object</kind>
         <file>buttons.obj</file>
         <name>buttons.obj</name>
      </input_file>
      <input_file id="fl-5">
         <path>.\drivers\</path>
         <kind>object</kind>
         <file>cfal96x64x16.obj</file>
         <name>cfal96x64x16.obj</name>
      </input_file>
      <input_file id="fl-6">
         <path>.\utils\</path>
         <kind>object</kind>
         <file>uartstdio.obj</file>
         <name>uartstdio.obj</name>
      </input_file>
      <input_file id="fl-c">
         <kind>object</kind>
         <file>&lt;internal&gt;</file>
         <name>&lt;internal&gt;</name>
      </input_file>
      <input_file id="fl-c2">
         <path>C:\ti\ccsv7\tools\compiler\ti-cgt-arm_16.9.6.LTS\lib\</path>
         <kind>archive</kind>
         <file>rtsv7M4_T_le_v4SPD16_eabi.lib</file>
         <name>boot.obj</name>
      </input_file>
      <input_file id="fl-c3">
         <path>C:\ti\ccsv7\tools\compiler\ti-cgt-arm_16.9.6.LTS\lib\</path>
         <kind>archive</kind>
         <file>rtsv7M4_T_le_v4SPD16_eabi.lib</file>
         <name>copy_decompress_lzss.obj</name>
      </input_file>
      <input_file id="fl-c4">
         <path>C:\ti\ccsv7\tools\compiler\ti-cgt-arm_16.9.6.LTS\lib\</path>
         <kind>archive</kind>
         <file>rtsv7M4_T_le_v4SPD16_eabi.lib</file>
         <name>copy_decompress_none.obj</name>
      </input_file>
      <input_file id="fl-c5">
         <path>C:\ti\ccsv7\tools\compiler\ti-cgt-arm_16.9.6.LTS\lib\</path>
         <kind>archive</kind>
         <file>rtsv7M4_T_le_v4SPD16_eabi.lib</file>
         <name>copy_zero_init.obj</name>
      </input_file>
      <input_file id="fl-c6">
         <path>C:\ti\ccsv7\tools\compiler\ti-cgt-arm_16.9.6.LTS\lib\</path>
         <kind>archive</kind>
         <file>rtsv7M4_T_le_v4SPD16_eabi.lib</file>
         <name>exit.obj</name>
      </input_file>
      <input_file id="fl-c7">
         <path>C:\ti\ccsv7\tools\compiler\ti-cgt-arm_16.9.6.LTS\lib\</path>
         <kind>archive</kind>
         <file>rtsv7M4_T_le_v4SPD16_eabi.lib</file>
         <name>memcpy_t2.obj</name>
      </input_file>
      <input_file id="fl-c8">
         <path>C:\ti\ccsv7\tools\compiler\ti-cgt-arm_16.9.6.LTS\lib\</path>
         <kind>archive</kind>
         <file>rtsv7M4_T_le_v4SPD16_eabi.lib</file>
         <name>memset_t2.obj</name>
      </input_file>
      <input_file id="fl-c9">
         <path>C:\ti\ccsv7\tools\compiler\ti-cgt-arm_16.9.6.LTS\lib\</path>
         <kind>archive</kind>
         <file>rtsv7M4_T_le_v4SPD16_eabi.lib</file>
         <name>mpu_init.obj</name>
      </input_file>
      <input_file id="fl-ca">
         <path>C:\ti\ccsv7\tools\compiler\ti-cgt-arm_16.9.6.LTS\lib\</path>
         <kind>archive</kind>
         <file>rtsv7M4_T_le_v4SPD16_eabi.lib</file>
         <name>pre_init.obj</name>
      </input_file>
      <input_file id="fl-cb">
         <path>C:\ti\ccsv7\tools\compiler\ti-cgt-arm_16.9.6.LTS\lib\</path>
         <kind>archive</kind>
         <file>rtsv7M4_T_le_v4SPD16_eabi.lib</file>
         <name>sprintf.obj</name>
      </input_file>
      <input_file id="fl-cc">
         <path>C:\ti\ccsv7\tools\compiler\ti-cgt-arm_16.9.6.LTS\lib\</path>
         <kind>archive</kind>
         <file>rtsv7M4_T_le_v4SPD16_eabi.lib</file>
         <name>stkdepth_vars.obj</name>
      </input_file>
      <input_file id="fl-cd">
         <path>C:\ti\ccsv7\tools\compiler\ti-cgt-arm_16.9.6.LTS\lib\</path>
         <kind>archive</kind>
         <file>rtsv7M4_T_le_v4SPD16_eabi.lib</file>
         <name>strcmp.obj</name>
      </input_file>
      <input_file id="fl-ce">
         <path>C:\ti\ccsv7\tools\compiler\ti-cgt-arm_16.9.6.LTS\lib\</path>
         <kind>archive</kind>
         <file>rtsv7M4_T_le_v4SPD16_eabi.lib</file>
         <name>u_divt2.obj</name>
      </input_file>
      <input_file id="fl-cf">
         <path>C:\ti\ccsv7\tools\compiler\ti-cgt-arm_16.9.6.LTS\lib\</path>
         <kind>archive</kind>
         <file>rtsv7M4_T_le_v4SPD16_eabi.lib</file>
         <name>_lock.obj</name>
      </input_file>
      <input_file id="fl-d0">
         <path>C:\ti\ccsv7\tools\compiler\ti-cgt-arm_16.9.6.LTS\lib\</path>
         <kind>archive</kind>
         <file>rtsv7M4_T_le_v4SPD16_eabi.lib</file>
         <name>_printfi.obj</name>
      </input_file>
      <input_file id="fl-d1">
         <path>C:\ti\ccsv7\tools\compiler\ti-cgt-arm_16.9.6.LTS\lib\</path>
         <kind>archive</kind>
         <file>rtsv7M4_T_le_v4SPD16_eabi.lib</file>
         <name>args_main.obj</name>
      </input_file>
      <input_file id="fl-d2">
         <path>C:\ti\ccsv7\tools\compiler\ti-cgt-arm_16.9.6.LTS\lib\</path>
         <kind>archive</kind>
         <file>rtsv7M4_T_le_v4SPD16_eabi.lib</file>
         <name>atoi.obj</name>
      </input_file>
      <input_file id="fl-d3">
         <path>C:\ti\ccsv7\tools\compiler\ti-cgt-arm_16.9.6.LTS\lib\</path>
         <kind>archive</kind>
         <file>rtsv7M4_T_le_v4SPD16_eabi.lib</file>
         <name>autoinit.obj</name>
      </input_file>
      <input_file id="fl-d4">
         <path>C:\ti\ccsv7\tools\compiler\ti-cgt-arm_16.9.6.LTS\lib\</path>
         <kind>archive</kind>
         <file>rtsv7M4_T_le_v4SPD16_eabi.lib</file>
         <name>cpy_tbl.obj</name>
      </input_file>
      <input_file id="fl-d5">
         <path>C:\ti\ccsv7\tools\compiler\ti-cgt-arm_16.9.6.LTS\lib\</path>
         <kind>archive</kind>
         <file>rtsv7M4_T_le_v4SPD16_eabi.lib</file>
         <name>ctype.obj</name>
      </input_file>
      <input_file id="fl-d6">
         <path>C:\ti\ccsv7\tools\compiler\ti-cgt-arm_16.9.6.LTS\lib\</path>
         <kind>archive</kind>
         <file>rtsv7M4_T_le_v4SPD16_eabi.lib</file>
         <name>fd_add_t2.obj</name>
      </input_file>
      <input_file id="fl-d7">
         <path>C:\ti\ccsv7\tools\compiler\ti-cgt-arm_16.9.6.LTS\lib\</path>
         <kind>archive</kind>
         <file>rtsv7M4_T_le_v4SPD16_eabi.lib</file>
         <name>fd_cmp_t2.obj</name>
      </input_file>
      <input_file id="fl-d8">
         <path>C:\ti\ccsv7\tools\compiler\ti-cgt-arm_16.9.6.LTS\lib\</path>
         <kind>archive</kind>
         <file>rtsv7M4_T_le_v4SPD16_eabi.lib</file>
         <name>fd_div_t2.obj</name>
      </input_file>
      <input_file id="fl-d9">
         <path>C:\ti\ccsv7\tools\compiler\ti-cgt-arm_16.9.6.LTS\lib\</path>
         <kind>archive</kind>
         <file>rtsv7M4_T_le_v4SPD16_eabi.lib</file>
         <name>fd_mul_t2.obj</name>
      </input_file>
      <input_file id="fl-da">
         <path>C:\ti\ccsv7\tools\compiler\ti-cgt-arm_16.9.6.LTS\lib\</path>
         <kind>archive</kind>
         <file>rtsv7M4_T_le_v4SPD16_eabi.lib</file>
         <name>fd_toi_t2.obj</name>
      </input_file>
      <input_file id="fl-db">
         <path>C:\ti\ccsv7\tools\compiler\ti-cgt-arm_16.9.6.LTS\lib\</path>
         <kind>archive</kind>
         <file>rtsv7M4_T_le_v4SPD16_eabi.lib</file>
         <name>i_div0.obj</name>
      </input_file>
      <input_file id="fl-dc">
         <path>C:\ti\ccsv7\tools\compiler\ti-cgt-arm_16.9.6.LTS\lib\</path>
         <kind>archive</kind>
         <file>rtsv7M4_T_le_v4SPD16_eabi.lib</file>
         <name>i_tofd_t2.obj</name>
      </input_file>
      <input_file id="fl-dd">
         <path>C:\ti\ccsv7\tools\compiler\ti-cgt-arm_16.9.6.LTS\lib\</path>
         <kind>archive</kind>
         <file>rtsv7M4_T_le_v4SPD16_eabi.lib</file>
         <name>ltoa.obj</name>
      </input_file>
      <input_file id="fl-de">
         <path>C:\ti\ccsv7\tools\compiler\ti-cgt-arm_16.9.6.LTS\lib\</path>
         <kind>archive</kind>
         <file>rtsv7M4_T_le_v4SPD16_eabi.lib</file>
         <name>memccpy.obj</name>
      </input_file>
      <input_file id="fl-df">
         <path>C:\ti\ccsv7\tools\compiler\ti-cgt-arm_16.9.6.LTS\lib\</path>
         <kind>archive</kind>
         <file>rtsv7M4_T_le_v4SPD16_eabi.lib</file>
         <name>s_frexp.obj</name>
      </input_file>
      <input_file id="fl-e0">
         <path>C:\ti\ccsv7\tools\compiler\ti-cgt-arm_16.9.6.LTS\lib\</path>
         <kind>archive</kind>
         <file>rtsv7M4_T_le_v4SPD16_eabi.lib</file>
         <name>s_scalbn.obj</name>
      </input_file>
      <input_file id="fl-e1">
         <path>C:\ti\ccsv7\tools\compiler\ti-cgt-arm_16.9.6.LTS\lib\</path>
         <kind>archive</kind>
         <file>rtsv7M4_T_le_v4SPD16_eabi.lib</file>
         <name>startup.obj</name>
      </input_file>
      <input_file id="fl-e2">
         <path>C:\ti\ccsv7\tools\compiler\ti-cgt-arm_16.9.6.LTS\lib\</path>
         <kind>archive</kind>
         <file>rtsv7M4_T_le_v4SPD16_eabi.lib</file>
         <name>strchr.obj</name>
      </input_file>
      <input_file id="fl-e3">
         <path>C:\ti\ccsv7\tools\compiler\ti-cgt-arm_16.9.6.LTS\lib\</path>
         <kind>archive</kind>
         <file>rtsv7M4_T_le_v4SPD16_eabi.lib</file>
         <name>strlen.obj</name>
      </input_file>
      <input_file id="fl-e4">
         <path>C:\ti\ccsv7\tools\compiler\ti-cgt-arm_16.9.6.LTS\lib\</path>
         <kind>archive</kind>
         <file>rtsv7M4_T_le_v4SPD16_eabi.lib</file>
         <name>ull_div_t2.obj</name>
      </input_file>
      <input_file id="fl-e5">
         <path>C:\ti\ccsv7\tools\compiler\ti-cgt-arm_16.9.6.LTS\lib\</path>
         <kind>archive</kind>
         <file>rtsv7M4_T_le_v4SPD16_eabi.lib</file>
         <name>errno.obj</name>
      </input_file>
      <input_file id="fl-e6">
         <path>C:\ti\ccsv7\tools\compiler\ti-cgt-arm_16.9.6.LTS\lib\</path>
         <kind>archive</kind>
         <file>rtsv7M4_T_le_v4SPD16_eabi.lib</file>
         <name>s_copysign.obj</name>
      </input_file>
      <input_file id="fl-e7">
         <path>C:\ti\TivaWare_C_Series-2.1.3.156\driverlib\ccs\Debug\</path>
         <kind>archive</kind>
         <file>driverlib.lib</file>
         <name>gpio.obj</name>
      </input_file>
      <input_file id="fl-e8">
         <path>C:\ti\TivaWare_C_Series-2.1.3.156\driverlib\ccs\Debug\</path>
         <kind>archive</kind>
         <file>driverlib.lib</file>
         <name>interrupt.obj</name>
      </input_file>
      <input_file id="fl-e9">
         <path>C:\ti\TivaWare_C_Series-2.1.3.156\driverlib\ccs\Debug\</path>
         <kind>archive</kind>
         <file>driverlib.lib</file>
         <name>sysctl.obj</name>
      </input_file>
      <input_file id="fl-ea">
         <path>C:\ti\TivaWare_C_Series-2.1.3.156\driverlib\ccs\Debug\</path>
         <kind>archive</kind>
         <file>driverlib.lib</file>
         <name>uart.obj</name>
      </input_file>
      <input_file id="fl-eb">
         <path>C:\ti\TivaWare_C_Series-2.1.3.156\driverlib\ccs\Debug\</path>
         <kind>archive</kind>
         <file>driverlib.lib</file>
         <name>cpu.obj</name>
      </input_file>
      <input_file id="fl-ec">
         <path>C:\ti\TivaWare_C_Series-2.1.3.156\grlib\ccs\Debug\</path>
         <kind>archive</kind>
         <file>grlib.lib</file>
         <name>context.obj</name>
      </input_file>
      <input_file id="fl-ed">
         <path>C:\ti\TivaWare_C_Series-2.1.3.156\grlib\ccs\Debug\</path>
         <kind>archive</kind>
         <file>grlib.lib</file>
         <name>rectangle.obj</name>
      </input_file>
      <input_file id="fl-ee">
         <path>C:\ti\TivaWare_C_Series-2.1.3.156\grlib\ccs\Debug\</path>
         <kind>archive</kind>
         <file>grlib.lib</file>
         <name>string.obj</name>
      </input_file>
      <input_file id="fl-ef">
         <path>C:\ti\TivaWare_C_Series-2.1.3.156\grlib\ccs\Debug\</path>
         <kind>archive</kind>
         <file>grlib.lib</file>
         <name>fontfixed6x8.obj</name>
      </input_file>
      <input_file id="fl-f0">
         <path>C:\ti\TivaWare_C_Series-2.1.3.156\grlib\ccs\Debug\</path>
         <kind>archive</kind>
         <file>grlib.lib</file>
         <name>charmap.obj</name>
      </input_file>
      <input_file id="fl-f1">
         <path>C:\ti\TivaWare_C_Series-2.1.3.156\grlib\ccs\Debug\</path>
         <kind>archive</kind>
         <file>grlib.lib</file>
         <name>line.obj</name>
      </input_file>
   </input_file_list>
   <object_component_list>
      <object_component id="oc-f">
         <name>.intvecs</name>
         <load_address>0x0</load_address>
         <run_address>0x0</run_address>
         <size>0x26c</size>
         <input_file_ref idref="fl-3"/>
      </object_component>
      <object_component id="oc-280">
         <name>.text</name>
         <load_address>0x26c</load_address>
         <run_address>0x26c</run_address>
         <size>0x113e</size>
         <input_file_ref idref="fl-d0"/>
      </object_component>
      <object_component id="oc-228">
         <name>.text:CFAL96x64x16Flush</name>
         <load_address>0x13aa</load_address>
         <run_address>0x13aa</run_address>
         <size>0x2</size>
         <input_file_ref idref="fl-5"/>
      </object_component>
      <object_component id="oc-bc">
         <name>.text:main</name>
         <load_address>0x13ac</load_address>
         <run_address>0x13ac</run_address>
         <size>0x2ec</size>
         <input_file_ref idref="fl-2"/>
      </object_component>
      <object_component id="oc-139">
         <name>.text:displayInfoOnBoard</name>
         <load_address>0x1698</load_address>
         <run_address>0x1698</run_address>
         <size>0x2c0</size>
         <input_file_ref idref="fl-2"/>
      </object_component>
      <object_component id="oc-240">
         <name>.text:GrFontGlyphRender</name>
         <load_address>0x1958</load_address>
         <run_address>0x1958</run_address>
         <size>0x254</size>
         <input_file_ref idref="fl-ee"/>
      </object_component>
      <object_component id="oc-2b4">
         <name>.text</name>
         <load_address>0x1bac</load_address>
         <run_address>0x1bac</run_address>
         <size>0x1f4</size>
         <input_file_ref idref="fl-e4"/>
      </object_component>
      <object_component id="oc-2e3">
         <name>.text</name>
         <load_address>0x1da0</load_address>
         <run_address>0x1da0</run_address>
         <size>0x1b6</size>
         <input_file_ref idref="fl-d6"/>
      </object_component>
      <object_component id="oc-37">
         <name>.text:FaultISR</name>
         <load_address>0x1f56</load_address>
         <run_address>0x1f56</run_address>
         <size>0x2</size>
         <input_file_ref idref="fl-3"/>
      </object_component>
      <object_component id="oc-e5">
         <name>.text:CFAL96x64x16Init</name>
         <load_address>0x1f58</load_address>
         <run_address>0x1f58</run_address>
         <size>0x184</size>
         <input_file_ref idref="fl-5"/>
      </object_component>
      <object_component id="oc-210">
         <name>.text:CFAL96x64x16PixelDrawMultiple</name>
         <load_address>0x20dc</load_address>
         <run_address>0x20dc</run_address>
         <size>0x13a</size>
         <input_file_ref idref="fl-5"/>
      </object_component>
      <object_component id="oc-2c9">
         <name>.text</name>
         <load_address>0x2216</load_address>
         <run_address>0x2216</run_address>
         <size>0x136</size>
         <input_file_ref idref="fl-d8"/>
      </object_component>
      <object_component id="oc-1c0">
         <name>.text:GPIOPadConfigSet</name>
         <load_address>0x234c</load_address>
         <run_address>0x234c</run_address>
         <size>0x132</size>
         <input_file_ref idref="fl-e7"/>
      </object_component>
      <object_component id="oc-3d">
         <name>.text:IntDefaultHandler</name>
         <load_address>0x247e</load_address>
         <run_address>0x247e</run_address>
         <size>0x2</size>
         <input_file_ref idref="fl-3"/>
      </object_component>
      <object_component id="oc-12d">
         <name>.text:readButtonPressFromBoard</name>
         <load_address>0x2480</load_address>
         <run_address>0x2480</run_address>
         <size>0xfc</size>
         <input_file_ref idref="fl-2"/>
      </object_component>
      <object_component id="oc-2c4">
         <name>.text</name>
         <load_address>0x257c</load_address>
         <run_address>0x257c</run_address>
         <size>0xfc</size>
         <input_file_ref idref="fl-d9"/>
      </object_component>
      <object_component id="oc-2ee">
         <name>.text</name>
         <load_address>0x2678</load_address>
         <run_address>0x2678</run_address>
         <size>0xfc</size>
         <input_file_ref idref="fl-e0"/>
      </object_component>
      <object_component id="oc-187">
         <name>.text:GrDefaultStringRenderer</name>
         <load_address>0x2774</load_address>
         <run_address>0x2774</run_address>
         <size>0xc0</size>
         <input_file_ref idref="fl-ee"/>
      </object_component>
      <object_component id="oc-51">
         <name>.text</name>
         <load_address>0x2834</load_address>
         <run_address>0x2834</run_address>
         <size>0x9c</size>
         <input_file_ref idref="fl-c7"/>
      </object_component>
      <object_component id="oc-21c">
         <name>.text:CFAL96x64x16LineDrawV</name>
         <load_address>0x28d0</load_address>
         <run_address>0x28d0</run_address>
         <size>0x8e</size>
         <input_file_ref idref="fl-5"/>
      </object_component>
      <object_component id="oc-f1">
         <name>.text:GrRectFill</name>
         <load_address>0x295e</load_address>
         <run_address>0x295e</run_address>
         <size>0x86</size>
         <input_file_ref idref="fl-ed"/>
      </object_component>
      <object_component id="oc-2bf">
         <name>.text:__aeabi_cdcmple</name>
         <load_address>0x29e4</load_address>
         <run_address>0x29e4</run_address>
         <size>0x86</size>
         <input_file_ref idref="fl-d7"/>
      </object_component>
      <object_component id="oc-2ce">
         <name>.text:__aeabi_cdrcmple</name>
         <load_address>0x2a6a</load_address>
         <run_address>0x2a6a</run_address>
         <size>0x86</size>
         <input_file_ref idref="fl-d7"/>
      </object_component>
      <object_component id="oc-5d">
         <name>.text</name>
         <load_address>0x2af0</load_address>
         <run_address>0x2af0</run_address>
         <size>0x7a</size>
         <input_file_ref idref="fl-c8"/>
      </object_component>
      <object_component id="oc-31">
         <name>.text:NmiSR</name>
         <load_address>0x2b6a</load_address>
         <run_address>0x2b6a</run_address>
         <size>0x2</size>
         <input_file_ref idref="fl-3"/>
      </object_component>
      <object_component id="oc-75">
         <name>.text</name>
         <load_address>0x2b6c</load_address>
         <run_address>0x2b6c</run_address>
         <size>0x70</size>
         <input_file_ref idref="fl-d3"/>
      </object_component>
      <object_component id="oc-216">
         <name>.text:CFAL96x64x16LineDrawH</name>
         <load_address>0x2bdc</load_address>
         <run_address>0x2bdc</run_address>
         <size>0x6c</size>
         <input_file_ref idref="fl-5"/>
      </object_component>
      <object_component id="oc-eb">
         <name>.text:GrContextInit</name>
         <load_address>0x2c48</load_address>
         <run_address>0x2c48</run_address>
         <size>0x68</size>
         <input_file_ref idref="fl-ec"/>
      </object_component>
      <object_component id="oc-fd">
         <name>.text:GrStringWidthGet</name>
         <load_address>0x2cb0</load_address>
         <run_address>0x2cb0</run_address>
         <size>0x68</size>
         <input_file_ref idref="fl-ee"/>
      </object_component>
      <object_component id="oc-12">
         <name>.text:decompress:lzss</name>
         <load_address>0x2d18</load_address>
         <run_address>0x2d18</run_address>
         <size>0x68</size>
         <input_file_ref idref="fl-c3"/>
      </object_component>
      <object_component id="oc-133">
         <name>.text:clearOLED</name>
         <load_address>0x2d80</load_address>
         <run_address>0x2d80</run_address>
         <size>0x64</size>
         <input_file_ref idref="fl-2"/>
      </object_component>
      <object_component id="oc-2e8">
         <name>.text</name>
         <load_address>0x2de4</load_address>
         <run_address>0x2de4</run_address>
         <size>0x64</size>
         <input_file_ref idref="fl-df"/>
      </object_component>
      <object_component id="oc-1fb">
         <name>.text</name>
         <load_address>0x2e48</load_address>
         <run_address>0x2e48</run_address>
         <size>0x60</size>
         <input_file_ref idref="fl-cb"/>
      </object_component>
      <object_component id="oc-10f">
         <name>.text:ButtonsInit</name>
         <load_address>0x2ea8</load_address>
         <run_address>0x2ea8</run_address>
         <size>0x5c</size>
         <input_file_ref idref="fl-4"/>
      </object_component>
      <object_component id="oc-11b">
         <name>.text:blinkLED</name>
         <load_address>0x2f04</load_address>
         <run_address>0x2f04</run_address>
         <size>0x5c</size>
         <input_file_ref idref="fl-2"/>
      </object_component>
      <object_component id="oc-25d">
         <name>.text:FontWideGlyphDataGet</name>
         <load_address>0x2f60</load_address>
         <run_address>0x2f60</run_address>
         <size>0x5a</size>
         <input_file_ref idref="fl-ee"/>
      </object_component>
      <object_component id="oc-69">
         <name>.text</name>
         <load_address>0x2fba</load_address>
         <run_address>0x2fba</run_address>
         <size>0x2</size>
         <input_file_ref idref="fl-c9"/>
      </object_component>
      <object_component id="oc-24">
         <name>.text</name>
         <load_address>0x2fbc</load_address>
         <run_address>0x2fbc</run_address>
         <size>0x54</size>
         <input_file_ref idref="fl-c2"/>
      </object_component>
      <object_component id="oc-81">
         <name>.text</name>
         <load_address>0x3010</load_address>
         <run_address>0x3010</run_address>
         <size>0x54</size>
         <input_file_ref idref="fl-c6"/>
      </object_component>
      <object_component id="oc-2d8">
         <name>.text</name>
         <load_address>0x3064</load_address>
         <run_address>0x3064</run_address>
         <size>0x54</size>
         <input_file_ref idref="fl-dd"/>
      </object_component>
      <object_component id="oc-172">
         <name>.text:CFAL96x64x16WriteCommand</name>
         <load_address>0x30b8</load_address>
         <run_address>0x30b8</run_address>
         <size>0x50</size>
         <input_file_ref idref="fl-5"/>
      </object_component>
      <object_component id="oc-28f">
         <name>.text:CFAL96x64x16WriteData</name>
         <load_address>0x3108</load_address>
         <run_address>0x3108</run_address>
         <size>0x50</size>
         <input_file_ref idref="fl-5"/>
      </object_component>
      <object_component id="oc-2fa">
         <name>.text</name>
         <load_address>0x3158</load_address>
         <run_address>0x3158</run_address>
         <size>0x4c</size>
         <input_file_ref idref="fl-d2"/>
      </object_component>
      <object_component id="oc-ae">
         <name>.text</name>
         <load_address>0x31a4</load_address>
         <run_address>0x31a4</run_address>
         <size>0x4c</size>
         <input_file_ref idref="fl-d4"/>
      </object_component>
      <object_component id="oc-196">
         <name>.text:UpdateContextCharMapping</name>
         <load_address>0x31f0</load_address>
         <run_address>0x31f0</run_address>
         <size>0x4a</size>
         <input_file_ref idref="fl-ee"/>
      </object_component>
      <object_component id="oc-2d3">
         <name>.text</name>
         <load_address>0x323a</load_address>
         <run_address>0x323a</run_address>
         <size>0x48</size>
         <input_file_ref idref="fl-da"/>
      </object_component>
      <object_component id="oc-263">
         <name>.text:FontGlyphDataGet</name>
         <load_address>0x3282</load_address>
         <run_address>0x3282</run_address>
         <size>0x3a</size>
         <input_file_ref idref="fl-ee"/>
      </object_component>
      <object_component id="oc-1cc">
         <name>.text:SysCtlPeripheralReady</name>
         <load_address>0x32bc</load_address>
         <run_address>0x32bc</run_address>
         <size>0x38</size>
         <input_file_ref idref="fl-e9"/>
      </object_component>
      <object_component id="oc-1b4">
         <name>.text:SysCtlPeripheralEnable</name>
         <load_address>0x32f4</load_address>
         <run_address>0x32f4</run_address>
         <size>0x34</size>
         <input_file_ref idref="fl-e9"/>
      </object_component>
      <object_component id="oc-127">
         <name>.text:getCharacterFromComputer</name>
         <load_address>0x3328</load_address>
         <run_address>0x3328</run_address>
         <size>0x34</size>
         <input_file_ref idref="fl-2"/>
      </object_component>
      <object_component id="oc-20a">
         <name>.text:CFAL96x64x16PixelDraw</name>
         <load_address>0x335c</load_address>
         <run_address>0x335c</run_address>
         <size>0x32</size>
         <input_file_ref idref="fl-5"/>
      </object_component>
      <object_component id="oc-19f">
         <name>.text:GrStringNextCharGet</name>
         <load_address>0x338e</load_address>
         <run_address>0x338e</run_address>
         <size>0x2e</size>
         <input_file_ref idref="fl-ee"/>
      </object_component>
      <object_component id="oc-2de">
         <name>.text</name>
         <load_address>0x33bc</load_address>
         <run_address>0x33bc</run_address>
         <size>0x2e</size>
         <input_file_ref idref="fl-dc"/>
      </object_component>
      <object_component id="oc-103">
         <name>.text:GrFontBaselineGet</name>
         <load_address>0x33ea</load_address>
         <run_address>0x33ea</run_address>
         <size>0x2c</size>
         <input_file_ref idref="fl-ee"/>
      </object_component>
      <object_component id="oc-178">
         <name>.text:CFAL96x64x16RectFill</name>
         <load_address>0x3416</load_address>
         <run_address>0x3416</run_address>
         <size>0x2a</size>
         <input_file_ref idref="fl-5"/>
      </object_component>
      <object_component id="oc-1ba">
         <name>.text:GPIODirModeSet</name>
         <load_address>0x3440</load_address>
         <run_address>0x3440</run_address>
         <size>0x2a</size>
         <input_file_ref idref="fl-e7"/>
      </object_component>
      <object_component id="oc-b4">
         <name>.text</name>
         <load_address>0x346a</load_address>
         <run_address>0x346a</run_address>
         <size>0x2</size>
         <input_file_ref idref="fl-e1"/>
      </object_component>
      <object_component id="oc-115">
         <name>.text:UARTSend</name>
         <load_address>0x346c</load_address>
         <run_address>0x346c</run_address>
         <size>0x28</size>
         <input_file_ref idref="fl-2"/>
      </object_component>
      <object_component id="oc-1ab">
         <name>.text:GrFontInfoGet</name>
         <load_address>0x3494</load_address>
         <run_address>0x3494</run_address>
         <size>0x26</size>
         <input_file_ref idref="fl-ee"/>
      </object_component>
      <object_component id="oc-1a5">
         <name>.text:GrFontGlyphDataGet</name>
         <load_address>0x34ba</load_address>
         <run_address>0x34ba</run_address>
         <size>0x22</size>
         <input_file_ref idref="fl-ee"/>
      </object_component>
      <object_component id="oc-253">
         <name>.text:GrFontCodepageGet</name>
         <load_address>0x34dc</load_address>
         <run_address>0x34dc</run_address>
         <size>0x1e</size>
         <input_file_ref idref="fl-ee"/>
      </object_component>
      <object_component id="oc-300">
         <name>.text</name>
         <load_address>0x34fa</load_address>
         <run_address>0x34fa</run_address>
         <size>0x1c</size>
         <input_file_ref idref="fl-de"/>
      </object_component>
      <object_component id="oc-1d2">
         <name>.text:GPIOPinTypeGPIOOutput</name>
         <load_address>0x3516</load_address>
         <run_address>0x3516</run_address>
         <size>0x18</size>
         <input_file_ref idref="fl-e7"/>
      </object_component>
      <object_component id="oc-7b">
         <name>.text</name>
         <load_address>0x3530</load_address>
         <run_address>0x3530</run_address>
         <size>0x18</size>
         <input_file_ref idref="fl-d1"/>
      </object_component>
      <object_component id="oc-201">
         <name>.text</name>
         <load_address>0x3548</load_address>
         <run_address>0x3548</run_address>
         <size>0x18</size>
         <input_file_ref idref="fl-cd"/>
      </object_component>
      <object_component id="oc-222">
         <name>.text:CFAL96x64x16ColorTranslate</name>
         <load_address>0x3560</load_address>
         <run_address>0x3560</run_address>
         <size>0x16</size>
         <input_file_ref idref="fl-5"/>
      </object_component>
      <object_component id="oc-109">
         <name>.text:GrStringDraw</name>
         <load_address>0x3576</load_address>
         <run_address>0x3576</run_address>
         <size>0x16</size>
         <input_file_ref idref="fl-ee"/>
      </object_component>
      <object_component id="oc-2f4">
         <name>.text</name>
         <load_address>0x358c</load_address>
         <run_address>0x358c</run_address>
         <size>0x16</size>
         <input_file_ref idref="fl-e2"/>
      </object_component>
      <object_component id="oc-15a">
         <name>.text</name>
         <load_address>0x35a4</load_address>
         <run_address>0x35a4</run_address>
         <size>0x14</size>
         <input_file_ref idref="fl-cf"/>
      </object_component>
      <object_component id="oc-331">
         <name>.text</name>
         <load_address>0x35b8</load_address>
         <run_address>0x35b8</run_address>
         <size>0x14</size>
         <input_file_ref idref="fl-e6"/>
      </object_component>
      <object_component id="oc-2b9">
         <name>.text</name>
         <load_address>0x35cc</load_address>
         <run_address>0x35cc</run_address>
         <size>0x14</size>
         <input_file_ref idref="fl-e3"/>
      </object_component>
      <object_component id="oc-121">
         <name>.text:floodCharacter</name>
         <load_address>0x35e0</load_address>
         <run_address>0x35e0</run_address>
         <size>0x12</size>
         <input_file_ref idref="fl-2"/>
      </object_component>
      <object_component id="oc-1ef">
         <name>.text:UARTCharGetNonBlocking</name>
         <load_address>0x35f2</load_address>
         <run_address>0x35f2</run_address>
         <size>0xe</size>
         <input_file_ref idref="fl-ea"/>
      </object_component>
      <object_component id="oc-1e9">
         <name>.text:UARTCharsAvail</name>
         <load_address>0x3600</load_address>
         <run_address>0x3600</run_address>
         <size>0xe</size>
         <input_file_ref idref="fl-ea"/>
      </object_component>
      <object_component id="oc-18">
         <name>.text:decompress:none</name>
         <load_address>0x360e</load_address>
         <run_address>0x360e</run_address>
         <size>0xe</size>
         <input_file_ref idref="fl-c4"/>
      </object_component>
      <object_component id="oc-1e">
         <name>.text:decompress:ZI</name>
         <load_address>0x361c</load_address>
         <run_address>0x361c</run_address>
         <size>0xc</size>
         <input_file_ref idref="fl-c5"/>
      </object_component>
      <object_component id="oc-247">
         <name>.text:GrMapISO8859_1_Unicode</name>
         <load_address>0x3628</load_address>
         <run_address>0x3628</run_address>
         <size>0x8</size>
         <input_file_ref idref="fl-f0"/>
      </object_component>
      <object_component id="oc-1c6">
         <name>.text:GPIOPinRead</name>
         <load_address>0x3630</load_address>
         <run_address>0x3630</run_address>
         <size>0x6</size>
         <input_file_ref idref="fl-e7"/>
      </object_component>
      <object_component id="oc-1e1">
         <name>.text:GPIOPinWrite</name>
         <load_address>0x3636</load_address>
         <run_address>0x3636</run_address>
         <size>0x6</size>
         <input_file_ref idref="fl-e7"/>
      </object_component>
      <object_component id="oc-f7">
         <name>.text:GrContextFontSet</name>
         <load_address>0x363c</load_address>
         <run_address>0x363c</run_address>
         <size>0x6</size>
         <input_file_ref idref="fl-ee"/>
      </object_component>
      <object_component id="oc-2b">
         <name>.text:ResetISR</name>
         <load_address>0x3642</load_address>
         <run_address>0x3642</run_address>
         <size>0x6</size>
         <input_file_ref idref="fl-3"/>
      </object_component>
      <object_component id="oc-6f">
         <name>.text</name>
         <load_address>0x3648</load_address>
         <run_address>0x3648</run_address>
         <size>0x4</size>
         <input_file_ref idref="fl-ca"/>
      </object_component>
      <object_component id="oc-233">
         <name>.const:.string:g_pui8FontFixed6x8Data</name>
         <load_address>0x364c</load_address>
         <run_address>0x364c</run_address>
         <size>0x2f8</size>
         <input_file_ref idref="fl-ef"/>
      </object_component>
      <object_component id="oc-33e">
         <name>.const:.string:_ctypes_</name>
         <load_address>0x3944</load_address>
         <run_address>0x3944</run_address>
         <size>0x101</size>
         <input_file_ref idref="fl-d5"/>
      </object_component>
      <object_component id="oc-148">
         <name>.const:g_sFontFixed6x8</name>
         <load_address>0x3a48</load_address>
         <run_address>0x3a48</run_address>
         <size>0xc8</size>
         <input_file_ref idref="fl-ef"/>
      </object_component>
      <object_component id="oc-142">
         <name>.const:g_sCFAL96x64x16</name>
         <load_address>0x3b10</load_address>
         <run_address>0x3b10</run_address>
         <size>0x28</size>
         <input_file_ref idref="fl-5"/>
      </object_component>
      <object_component id="oc-18d">
         <name>.const</name>
         <load_address>0x3b38</load_address>
         <run_address>0x3b38</run_address>
         <size>0x10</size>
         <input_file_ref idref="fl-ec"/>
      </object_component>
      <object_component id="oc-383">
         <name>.cinit..data.load</name>
         <load_address>0x3b48</load_address>
         <run_address>0x3b48</run_address>
         <size>0x29</size>
      </object_component>
      <object_component id="oc-381">
         <name>__TI_handler_table</name>
         <load_address>0x3b74</load_address>
         <run_address>0x3b74</run_address>
         <size>0xc</size>
      </object_component>
      <object_component id="oc-384">
         <name>.cinit..bss.load</name>
         <load_address>0x3b80</load_address>
         <run_address>0x3b80</run_address>
         <size>0x8</size>
      </object_component>
      <object_component id="oc-382">
         <name>__TI_cinit_table</name>
         <load_address>0x3b88</load_address>
         <run_address>0x3b88</run_address>
         <size>0x10</size>
      </object_component>
      <object_component id="oc-1f5">
         <name>.data</name>
         <load_address>0x20000860</load_address>
         <run_address>0x20000860</run_address>
         <size>0x4</size>
         <input_file_ref idref="fl-2"/>
      </object_component>
      <object_component id="oc-1d8">
         <name>.data</name>
         <load_address>0x2000086c</load_address>
         <run_address>0x2000086c</run_address>
         <size>0x3</size>
         <input_file_ref idref="fl-4"/>
      </object_component>
      <object_component id="oc-17e">
         <name>.data:g_ui8DisplayInitCommands</name>
         <load_address>0x20000838</load_address>
         <run_address>0x20000838</run_address>
         <size>0x13</size>
         <input_file_ref idref="fl-5"/>
      </object_component>
      <object_component id="oc-c4">
         <name>.data:$O1$$</name>
         <load_address>0x2000084c</load_address>
         <run_address>0x2000084c</run_address>
         <size>0xc</size>
         <input_file_ref idref="fl-c6"/>
      </object_component>
      <object_component id="oc-87">
         <name>.data</name>
         <load_address>0x20000868</load_address>
         <run_address>0x20000868</run_address>
         <size>0x4</size>
         <input_file_ref idref="fl-cc"/>
      </object_component>
      <object_component id="oc-c7">
         <name>.data:$O1$$</name>
         <load_address>0x20000858</load_address>
         <run_address>0x20000858</run_address>
         <size>0x8</size>
         <input_file_ref idref="fl-cf"/>
      </object_component>
      <object_component id="oc-337">
         <name>.data</name>
         <load_address>0x20000864</load_address>
         <run_address>0x20000864</run_address>
         <size>0x4</size>
         <input_file_ref idref="fl-e5"/>
      </object_component>
      <object_component id="oc-13f">
         <name>.bss:sContext</name>
         <uninitialized>true</uninitialized>
         <run_address>0x20000800</run_address>
         <size>0x2c</size>
         <input_file_ref idref="fl-2"/>
      </object_component>
      <object_component id="oc-145">
         <name>.bss:sRect</name>
         <uninitialized>true</uninitialized>
         <run_address>0x2000082c</run_address>
         <size>0x8</size>
         <input_file_ref idref="fl-2"/>
      </object_component>
      <object_component id="oc-190">
         <name>.common:g_psGrLibDefaults</name>
         <uninitialized>true</uninitialized>
         <run_address>0x20000834</run_address>
         <size>0x4</size>
      </object_component>
      <object_component id="oc-2a">
         <name>.stack</name>
         <uninitialized>true</uninitialized>
         <run_address>0x20000000</run_address>
         <size>0x0</size>
         <input_file_ref idref="fl-c2"/>
      </object_component>
      <object_component id="oc-385">
         <name>.stack</name>
         <uninitialized>true</uninitialized>
         <run_address>0x20000000</run_address>
         <size>0x0</size>
      </object_component>
      <object_component id="oc-1e0">
         <name>.debug_info</name>
         <load_address>0x0</load_address>
         <run_address>0x0</run_address>
         <size>0x7bc</size>
         <input_file_ref idref="fl-2"/>
      </object_component>
      <object_component id="oc-1f6">
         <name>.debug_info</name>
         <load_address>0x7bc</load_address>
         <run_address>0x7bc</run_address>
         <size>0xf9</size>
         <input_file_ref idref="fl-2"/>
      </object_component>
      <object_component id="oc-140">
         <name>.debug_info</name>
         <load_address>0x8b5</load_address>
         <run_address>0x8b5</run_address>
         <size>0xcd</size>
         <input_file_ref idref="fl-2"/>
      </object_component>
      <object_component id="oc-146">
         <name>.debug_info</name>
         <load_address>0x982</load_address>
         <run_address>0x982</run_address>
         <size>0xc7</size>
         <input_file_ref idref="fl-2"/>
      </object_component>
      <object_component id="oc-12e">
         <name>.debug_info</name>
         <load_address>0xa49</load_address>
         <run_address>0xa49</run_address>
         <size>0x157</size>
         <input_file_ref idref="fl-2"/>
      </object_component>
      <object_component id="oc-116">
         <name>.debug_info</name>
         <load_address>0xba0</load_address>
         <run_address>0xba0</run_address>
         <size>0x174</size>
         <input_file_ref idref="fl-2"/>
      </object_component>
      <object_component id="oc-11c">
         <name>.debug_info</name>
         <load_address>0xd14</load_address>
         <run_address>0xd14</run_address>
         <size>0x165</size>
         <input_file_ref idref="fl-2"/>
      </object_component>
      <object_component id="oc-122">
         <name>.debug_info</name>
         <load_address>0xe79</load_address>
         <run_address>0xe79</run_address>
         <size>0x178</size>
         <input_file_ref idref="fl-2"/>
      </object_component>
      <object_component id="oc-128">
         <name>.debug_info</name>
         <load_address>0xff1</load_address>
         <run_address>0xff1</run_address>
         <size>0x16b</size>
         <input_file_ref idref="fl-2"/>
      </object_component>
      <object_component id="oc-134">
         <name>.debug_info</name>
         <load_address>0x115c</load_address>
         <run_address>0x115c</run_address>
         <size>0x14c</size>
         <input_file_ref idref="fl-2"/>
      </object_component>
      <object_component id="oc-13a">
         <name>.debug_info</name>
         <load_address>0x12a8</load_address>
         <run_address>0x12a8</run_address>
         <size>0x460</size>
         <input_file_ref idref="fl-2"/>
      </object_component>
      <object_component id="oc-bd">
         <name>.debug_info</name>
         <load_address>0x1708</load_address>
         <run_address>0x1708</run_address>
         <size>0x420</size>
         <input_file_ref idref="fl-2"/>
      </object_component>
      <object_component id="oc-182">
         <name>.debug_info</name>
         <load_address>0x1b28</load_address>
         <run_address>0x1b28</run_address>
         <size>0x6bd</size>
         <input_file_ref idref="fl-2"/>
      </object_component>
      <object_component id="oc-14c">
         <name>.debug_info</name>
         <load_address>0x21e5</load_address>
         <run_address>0x21e5</run_address>
         <size>0xae</size>
         <input_file_ref idref="fl-2"/>
      </object_component>
      <object_component id="oc-cf">
         <name>.debug_info</name>
         <load_address>0x2293</load_address>
         <run_address>0x2293</run_address>
         <size>0x8b</size>
         <input_file_ref idref="fl-2"/>
      </object_component>
      <object_component id="oc-91">
         <name>.debug_info</name>
         <load_address>0x231e</load_address>
         <run_address>0x231e</run_address>
         <size>0x18b</size>
         <input_file_ref idref="fl-2"/>
      </object_component>
      <object_component id="oc-288">
         <name>.debug_info</name>
         <load_address>0x24a9</load_address>
         <run_address>0x24a9</run_address>
         <size>0x4e</size>
         <input_file_ref idref="fl-2"/>
      </object_component>
      <object_component id="oc-45">
         <name>.debug_info</name>
         <load_address>0x24f7</load_address>
         <run_address>0x24f7</run_address>
         <size>0x28b</size>
         <input_file_ref idref="fl-3"/>
      </object_component>
      <object_component id="oc-10">
         <name>.debug_info</name>
         <load_address>0x2782</load_address>
         <run_address>0x2782</run_address>
         <size>0xdc</size>
         <input_file_ref idref="fl-3"/>
      </object_component>
      <object_component id="oc-2f">
         <name>.debug_info</name>
         <load_address>0x285e</load_address>
         <run_address>0x285e</run_address>
         <size>0x10c</size>
         <input_file_ref idref="fl-3"/>
      </object_component>
      <object_component id="oc-35">
         <name>.debug_info</name>
         <load_address>0x296a</load_address>
         <run_address>0x296a</run_address>
         <size>0xfb</size>
         <input_file_ref idref="fl-3"/>
      </object_component>
      <object_component id="oc-41">
         <name>.debug_info</name>
         <load_address>0x2a65</load_address>
         <run_address>0x2a65</run_address>
         <size>0x115</size>
         <input_file_ref idref="fl-3"/>
      </object_component>
      <object_component id="oc-3b">
         <name>.debug_info</name>
         <load_address>0x2b7a</load_address>
         <run_address>0x2b7a</run_address>
         <size>0x103</size>
         <input_file_ref idref="fl-3"/>
      </object_component>
      <object_component id="oc-4c">
         <name>.debug_info</name>
         <load_address>0x2c7d</load_address>
         <run_address>0x2c7d</run_address>
         <size>0x84</size>
         <input_file_ref idref="fl-3"/>
      </object_component>
      <object_component id="oc-275">
         <name>.debug_info</name>
         <load_address>0x2d01</load_address>
         <run_address>0x2d01</run_address>
         <size>0x3c7</size>
         <input_file_ref idref="fl-4"/>
      </object_component>
      <object_component id="oc-1dc">
         <name>.debug_info</name>
         <load_address>0x30c8</load_address>
         <run_address>0x30c8</run_address>
         <size>0xe9</size>
         <input_file_ref idref="fl-4"/>
      </object_component>
      <object_component id="oc-1d9">
         <name>.debug_info</name>
         <load_address>0x31b1</load_address>
         <run_address>0x31b1</run_address>
         <size>0x23a</size>
         <input_file_ref idref="fl-4"/>
      </object_component>
      <object_component id="oc-110">
         <name>.debug_info</name>
         <load_address>0x33eb</load_address>
         <run_address>0x33eb</run_address>
         <size>0x1ce</size>
         <input_file_ref idref="fl-4"/>
      </object_component>
      <object_component id="oc-230">
         <name>.debug_info</name>
         <load_address>0x35b9</load_address>
         <run_address>0x35b9</run_address>
         <size>0x4f2</size>
         <input_file_ref idref="fl-5"/>
      </object_component>
      <object_component id="oc-17f">
         <name>.debug_info</name>
         <load_address>0x3aab</load_address>
         <run_address>0x3aab</run_address>
         <size>0x137</size>
         <input_file_ref idref="fl-5"/>
      </object_component>
      <object_component id="oc-143">
         <name>.debug_info</name>
         <load_address>0x3be2</load_address>
         <run_address>0x3be2</run_address>
         <size>0x127</size>
         <input_file_ref idref="fl-5"/>
      </object_component>
      <object_component id="oc-22a">
         <name>.debug_info</name>
         <load_address>0x3d09</load_address>
         <run_address>0x3d09</run_address>
         <size>0x20f</size>
         <input_file_ref idref="fl-5"/>
      </object_component>
      <object_component id="oc-224">
         <name>.debug_info</name>
         <load_address>0x3f18</load_address>
         <run_address>0x3f18</run_address>
         <size>0x25b</size>
         <input_file_ref idref="fl-5"/>
      </object_component>
      <object_component id="oc-212">
         <name>.debug_info</name>
         <load_address>0x4173</load_address>
         <run_address>0x4173</run_address>
         <size>0x486</size>
         <input_file_ref idref="fl-5"/>
      </object_component>
      <object_component id="oc-20b">
         <name>.debug_info</name>
         <load_address>0x45f9</load_address>
         <run_address>0x45f9</run_address>
         <size>0x2e3</size>
         <input_file_ref idref="fl-5"/>
      </object_component>
      <object_component id="oc-291">
         <name>.debug_info</name>
         <load_address>0x48dc</load_address>
         <run_address>0x48dc</run_address>
         <size>0x26a</size>
         <input_file_ref idref="fl-5"/>
      </object_component>
      <object_component id="oc-21d">
         <name>.debug_info</name>
         <load_address>0x4b46</load_address>
         <run_address>0x4b46</run_address>
         <size>0x32a</size>
         <input_file_ref idref="fl-5"/>
      </object_component>
      <object_component id="oc-174">
         <name>.debug_info</name>
         <load_address>0x4e70</load_address>
         <run_address>0x4e70</run_address>
         <size>0x26c</size>
         <input_file_ref idref="fl-5"/>
      </object_component>
      <object_component id="oc-218">
         <name>.debug_info</name>
         <load_address>0x50dc</load_address>
         <run_address>0x50dc</run_address>
         <size>0x30b</size>
         <input_file_ref idref="fl-5"/>
      </object_component>
      <object_component id="oc-179">
         <name>.debug_info</name>
         <load_address>0x53e7</load_address>
         <run_address>0x53e7</run_address>
         <size>0x29a</size>
         <input_file_ref idref="fl-5"/>
      </object_component>
      <object_component id="oc-e7">
         <name>.debug_info</name>
         <load_address>0x5681</load_address>
         <run_address>0x5681</run_address>
         <size>0x2e1</size>
         <input_file_ref idref="fl-5"/>
      </object_component>
      <object_component id="oc-26">
         <name>.debug_info</name>
         <load_address>0x5962</load_address>
         <run_address>0x5962</run_address>
         <size>0x160</size>
         <input_file_ref idref="fl-c2"/>
      </object_component>
      <object_component id="oc-9b">
         <name>.debug_info</name>
         <load_address>0x5ac2</load_address>
         <run_address>0x5ac2</run_address>
         <size>0x293</size>
         <input_file_ref idref="fl-c3"/>
      </object_component>
      <object_component id="oc-15">
         <name>.debug_info</name>
         <load_address>0x5d55</load_address>
         <run_address>0x5d55</run_address>
         <size>0x245</size>
         <input_file_ref idref="fl-c3"/>
      </object_component>
      <object_component id="oc-47">
         <name>.debug_info</name>
         <load_address>0x5f9a</load_address>
         <run_address>0x5f9a</run_address>
         <size>0x60</size>
         <input_file_ref idref="fl-c3"/>
      </object_component>
      <object_component id="oc-96">
         <name>.debug_info</name>
         <load_address>0x5ffa</load_address>
         <run_address>0x5ffa</run_address>
         <size>0x46</size>
         <input_file_ref idref="fl-c3"/>
      </object_component>
      <object_component id="oc-5c">
         <name>.debug_info</name>
         <load_address>0x6040</load_address>
         <run_address>0x6040</run_address>
         <size>0x2da</size>
         <input_file_ref idref="fl-c4"/>
      </object_component>
      <object_component id="oc-1b">
         <name>.debug_info</name>
         <load_address>0x631a</load_address>
         <run_address>0x631a</run_address>
         <size>0x1df</size>
         <input_file_ref idref="fl-c4"/>
      </object_component>
      <object_component id="oc-57">
         <name>.debug_info</name>
         <load_address>0x64f9</load_address>
         <run_address>0x64f9</run_address>
         <size>0x46</size>
         <input_file_ref idref="fl-c4"/>
      </object_component>
      <object_component id="oc-9d">
         <name>.debug_info</name>
         <load_address>0x653f</load_address>
         <run_address>0x653f</run_address>
         <size>0x2c</size>
         <input_file_ref idref="fl-c4"/>
      </object_component>
      <object_component id="oc-68">
         <name>.debug_info</name>
         <load_address>0x656b</load_address>
         <run_address>0x656b</run_address>
         <size>0x2c9</size>
         <input_file_ref idref="fl-c5"/>
      </object_component>
      <object_component id="oc-20">
         <name>.debug_info</name>
         <load_address>0x6834</load_address>
         <run_address>0x6834</run_address>
         <size>0x1aa</size>
         <input_file_ref idref="fl-c5"/>
      </object_component>
      <object_component id="oc-63">
         <name>.debug_info</name>
         <load_address>0x69de</load_address>
         <run_address>0x69de</run_address>
         <size>0x46</size>
         <input_file_ref idref="fl-c5"/>
      </object_component>
      <object_component id="oc-a5">
         <name>.debug_info</name>
         <load_address>0x6a24</load_address>
         <run_address>0x6a24</run_address>
         <size>0x2c</size>
         <input_file_ref idref="fl-c5"/>
      </object_component>
      <object_component id="oc-cb">
         <name>.debug_info</name>
         <load_address>0x6a50</load_address>
         <run_address>0x6a50</run_address>
         <size>0x3ce</size>
         <input_file_ref idref="fl-c6"/>
      </object_component>
      <object_component id="oc-c5">
         <name>.debug_info</name>
         <load_address>0x6e1e</load_address>
         <run_address>0x6e1e</run_address>
         <size>0x185</size>
         <input_file_ref idref="fl-c6"/>
      </object_component>
      <object_component id="oc-83">
         <name>.debug_info</name>
         <load_address>0x6fa3</load_address>
         <run_address>0x6fa3</run_address>
         <size>0x214</size>
         <input_file_ref idref="fl-c6"/>
      </object_component>
      <object_component id="oc-54">
         <name>.debug_info</name>
         <load_address>0x71b7</load_address>
         <run_address>0x71b7</run_address>
         <size>0x111</size>
         <input_file_ref idref="fl-c7"/>
      </object_component>
      <object_component id="oc-60">
         <name>.debug_info</name>
         <load_address>0x72c8</load_address>
         <run_address>0x72c8</run_address>
         <size>0x13f</size>
         <input_file_ref idref="fl-c8"/>
      </object_component>
      <object_component id="oc-6b">
         <name>.debug_info</name>
         <load_address>0x7407</load_address>
         <run_address>0x7407</run_address>
         <size>0x138</size>
         <input_file_ref idref="fl-c9"/>
      </object_component>
      <object_component id="oc-70">
         <name>.debug_info</name>
         <load_address>0x753f</load_address>
         <run_address>0x753f</run_address>
         <size>0x148</size>
         <input_file_ref idref="fl-ca"/>
      </object_component>
      <object_component id="oc-287">
         <name>.debug_info</name>
         <load_address>0x7687</load_address>
         <run_address>0x7687</run_address>
         <size>0x355</size>
         <input_file_ref idref="fl-cb"/>
      </object_component>
      <object_component id="oc-1fd">
         <name>.debug_info</name>
         <load_address>0x79dc</load_address>
         <run_address>0x79dc</run_address>
         <size>0x2e4</size>
         <input_file_ref idref="fl-cb"/>
      </object_component>
      <object_component id="oc-312">
         <name>.debug_info</name>
         <load_address>0x7cc0</load_address>
         <run_address>0x7cc0</run_address>
         <size>0x2c</size>
         <input_file_ref idref="fl-cb"/>
      </object_component>
      <object_component id="oc-88">
         <name>.debug_info</name>
         <load_address>0x7cec</load_address>
         <run_address>0x7cec</run_address>
         <size>0x109</size>
         <input_file_ref idref="fl-cc"/>
      </object_component>
      <object_component id="oc-28e">
         <name>.debug_info</name>
         <load_address>0x7df5</load_address>
         <run_address>0x7df5</run_address>
         <size>0x27f</size>
         <input_file_ref idref="fl-cd"/>
      </object_component>
      <object_component id="oc-202">
         <name>.debug_info</name>
         <load_address>0x8074</load_address>
         <run_address>0x8074</run_address>
         <size>0x258</size>
         <input_file_ref idref="fl-cd"/>
      </object_component>
      <object_component id="oc-162">
         <name>.debug_info</name>
         <load_address>0x82cc</load_address>
         <run_address>0x82cc</run_address>
         <size>0x2be</size>
         <input_file_ref idref="fl-cf"/>
      </object_component>
      <object_component id="oc-c8">
         <name>.debug_info</name>
         <load_address>0x858a</load_address>
         <run_address>0x858a</run_address>
         <size>0x113</size>
         <input_file_ref idref="fl-cf"/>
      </object_component>
      <object_component id="oc-15b">
         <name>.debug_info</name>
         <load_address>0x869d</load_address>
         <run_address>0x869d</run_address>
         <size>0x21f</size>
         <input_file_ref idref="fl-cf"/>
      </object_component>
      <object_component id="oc-307">
         <name>.debug_info</name>
         <load_address>0x88bc</load_address>
         <run_address>0x88bc</run_address>
         <size>0x51f</size>
         <input_file_ref idref="fl-d0"/>
      </object_component>
      <object_component id="oc-281">
         <name>.debug_info</name>
         <load_address>0x8ddb</load_address>
         <run_address>0x8ddb</run_address>
         <size>0x1543</size>
         <input_file_ref idref="fl-d0"/>
      </object_component>
      <object_component id="oc-308">
         <name>.debug_info</name>
         <load_address>0xa31e</load_address>
         <run_address>0xa31e</run_address>
         <size>0x86</size>
         <input_file_ref idref="fl-d0"/>
      </object_component>
      <object_component id="oc-347">
         <name>.debug_info</name>
         <load_address>0xa3a4</load_address>
         <run_address>0xa3a4</run_address>
         <size>0x46</size>
         <input_file_ref idref="fl-d0"/>
      </object_component>
      <object_component id="oc-30d">
         <name>.debug_info</name>
         <load_address>0xa3ea</load_address>
         <run_address>0xa3ea</run_address>
         <size>0x39</size>
         <input_file_ref idref="fl-d0"/>
      </object_component>
      <object_component id="oc-c3">
         <name>.debug_info</name>
         <load_address>0xa423</load_address>
         <run_address>0xa423</run_address>
         <size>0x300</size>
         <input_file_ref idref="fl-d1"/>
      </object_component>
      <object_component id="oc-7d">
         <name>.debug_info</name>
         <load_address>0xa723</load_address>
         <run_address>0xa723</run_address>
         <size>0x167</size>
         <input_file_ref idref="fl-d1"/>
      </object_component>
      <object_component id="oc-153">
         <name>.debug_info</name>
         <load_address>0xa88a</load_address>
         <run_address>0xa88a</run_address>
         <size>0x5e</size>
         <input_file_ref idref="fl-d1"/>
      </object_component>
      <object_component id="oc-342">
         <name>.debug_info</name>
         <load_address>0xa8e8</load_address>
         <run_address>0xa8e8</run_address>
         <size>0x2ae</size>
         <input_file_ref idref="fl-d2"/>
      </object_component>
      <object_component id="oc-2fb">
         <name>.debug_info</name>
         <load_address>0xab96</load_address>
         <run_address>0xab96</run_address>
         <size>0x171</size>
         <input_file_ref idref="fl-d2"/>
      </object_component>
      <object_component id="oc-bb">
         <name>.debug_info</name>
         <load_address>0xad07</load_address>
         <run_address>0xad07</run_address>
         <size>0x483</size>
         <input_file_ref idref="fl-d3"/>
      </object_component>
      <object_component id="oc-76">
         <name>.debug_info</name>
         <load_address>0xb18a</load_address>
         <run_address>0xb18a</run_address>
         <size>0x190</size>
         <input_file_ref idref="fl-d3"/>
      </object_component>
      <object_component id="oc-db">
         <name>.debug_info</name>
         <load_address>0xb31a</load_address>
         <run_address>0xb31a</run_address>
         <size>0x39</size>
         <input_file_ref idref="fl-d3"/>
      </object_component>
      <object_component id="oc-16d">
         <name>.debug_info</name>
         <load_address>0xb353</load_address>
         <run_address>0xb353</run_address>
         <size>0x39</size>
         <input_file_ref idref="fl-d3"/>
      </object_component>
      <object_component id="oc-e0">
         <name>.debug_info</name>
         <load_address>0xb38c</load_address>
         <run_address>0xb38c</run_address>
         <size>0xcd</size>
         <input_file_ref idref="fl-d3"/>
      </object_component>
      <object_component id="oc-d7">
         <name>.debug_info</name>
         <load_address>0xb459</load_address>
         <run_address>0xb459</run_address>
         <size>0x37a</size>
         <input_file_ref idref="fl-d4"/>
      </object_component>
      <object_component id="oc-af">
         <name>.debug_info</name>
         <load_address>0xb7d3</load_address>
         <run_address>0xb7d3</run_address>
         <size>0x183</size>
         <input_file_ref idref="fl-d4"/>
      </object_component>
      <object_component id="oc-168">
         <name>.debug_info</name>
         <load_address>0xb956</load_address>
         <run_address>0xb956</run_address>
         <size>0x2c</size>
         <input_file_ref idref="fl-d4"/>
      </object_component>
      <object_component id="oc-35b">
         <name>.debug_info</name>
         <load_address>0xb982</load_address>
         <run_address>0xb982</run_address>
         <size>0xee</size>
         <input_file_ref idref="fl-d5"/>
      </object_component>
      <object_component id="oc-33f">
         <name>.debug_info</name>
         <load_address>0xba70</load_address>
         <run_address>0xba70</run_address>
         <size>0xfa</size>
         <input_file_ref idref="fl-d5"/>
      </object_component>
      <object_component id="oc-2e4">
         <name>.debug_info</name>
         <load_address>0xbb6a</load_address>
         <run_address>0xbb6a</run_address>
         <size>0x144</size>
         <input_file_ref idref="fl-d6"/>
      </object_component>
      <object_component id="oc-2c2">
         <name>.debug_info</name>
         <load_address>0xbcae</load_address>
         <run_address>0xbcae</run_address>
         <size>0x120</size>
         <input_file_ref idref="fl-d7"/>
      </object_component>
      <object_component id="oc-2d1">
         <name>.debug_info</name>
         <load_address>0xbdce</load_address>
         <run_address>0xbdce</run_address>
         <size>0x122</size>
         <input_file_ref idref="fl-d7"/>
      </object_component>
      <object_component id="oc-2cc">
         <name>.debug_info</name>
         <load_address>0xbef0</load_address>
         <run_address>0xbef0</run_address>
         <size>0x132</size>
         <input_file_ref idref="fl-d8"/>
      </object_component>
      <object_component id="oc-2c7">
         <name>.debug_info</name>
         <load_address>0xc022</load_address>
         <run_address>0xc022</run_address>
         <size>0x132</size>
         <input_file_ref idref="fl-d9"/>
      </object_component>
      <object_component id="oc-2d6">
         <name>.debug_info</name>
         <load_address>0xc154</load_address>
         <run_address>0xc154</run_address>
         <size>0x126</size>
         <input_file_ref idref="fl-da"/>
      </object_component>
      <object_component id="oc-2e0">
         <name>.debug_info</name>
         <load_address>0xc27a</load_address>
         <run_address>0xc27a</run_address>
         <size>0x124</size>
         <input_file_ref idref="fl-dc"/>
      </object_component>
      <object_component id="oc-327">
         <name>.debug_info</name>
         <load_address>0xc39e</load_address>
         <run_address>0xc39e</run_address>
         <size>0x2e6</size>
         <input_file_ref idref="fl-dd"/>
      </object_component>
      <object_component id="oc-2d9">
         <name>.debug_info</name>
         <load_address>0xc684</load_address>
         <run_address>0xc684</run_address>
         <size>0x1c2</size>
         <input_file_ref idref="fl-dd"/>
      </object_component>
      <object_component id="oc-344">
         <name>.debug_info</name>
         <load_address>0xc846</load_address>
         <run_address>0xc846</run_address>
         <size>0x28b</size>
         <input_file_ref idref="fl-de"/>
      </object_component>
      <object_component id="oc-301">
         <name>.debug_info</name>
         <load_address>0xcad1</load_address>
         <run_address>0xcad1</run_address>
         <size>0x1ab</size>
         <input_file_ref idref="fl-de"/>
      </object_component>
      <object_component id="oc-32b">
         <name>.debug_info</name>
         <load_address>0xcc7c</load_address>
         <run_address>0xcc7c</run_address>
         <size>0x2d9</size>
         <input_file_ref idref="fl-df"/>
      </object_component>
      <object_component id="oc-2eb">
         <name>.debug_info</name>
         <load_address>0xcf55</load_address>
         <run_address>0xcf55</run_address>
         <size>0x18a</size>
         <input_file_ref idref="fl-df"/>
      </object_component>
      <object_component id="oc-32c">
         <name>.debug_info</name>
         <load_address>0xd0df</load_address>
         <run_address>0xd0df</run_address>
         <size>0x2c</size>
         <input_file_ref idref="fl-df"/>
      </object_component>
      <object_component id="oc-33b">
         <name>.debug_info</name>
         <load_address>0xd10b</load_address>
         <run_address>0xd10b</run_address>
         <size>0x316</size>
         <input_file_ref idref="fl-e0"/>
      </object_component>
      <object_component id="oc-2ef">
         <name>.debug_info</name>
         <load_address>0xd421</load_address>
         <run_address>0xd421</run_address>
         <size>0x1d5</size>
         <input_file_ref idref="fl-e0"/>
      </object_component>
      <object_component id="oc-b6">
         <name>.debug_info</name>
         <load_address>0xd5f6</load_address>
         <run_address>0xd5f6</run_address>
         <size>0x145</size>
         <input_file_ref idref="fl-e1"/>
      </object_component>
      <object_component id="oc-33d">
         <name>.debug_info</name>
         <load_address>0xd73b</load_address>
         <run_address>0xd73b</run_address>
         <size>0x28f</size>
         <input_file_ref idref="fl-e2"/>
      </object_component>
      <object_component id="oc-2f8">
         <name>.debug_info</name>
         <load_address>0xd9ca</load_address>
         <run_address>0xd9ca</run_address>
         <size>0x244</size>
         <input_file_ref idref="fl-e2"/>
      </object_component>
      <object_component id="oc-320">
         <name>.debug_info</name>
         <load_address>0xdc0e</load_address>
         <run_address>0xdc0e</run_address>
         <size>0x284</size>
         <input_file_ref idref="fl-e3"/>
      </object_component>
      <object_component id="oc-2bd">
         <name>.debug_info</name>
         <load_address>0xde92</load_address>
         <run_address>0xde92</run_address>
         <size>0x22a</size>
         <input_file_ref idref="fl-e3"/>
      </object_component>
      <object_component id="oc-2b5">
         <name>.debug_info</name>
         <load_address>0xe0bc</load_address>
         <run_address>0xe0bc</run_address>
         <size>0x17d</size>
         <input_file_ref idref="fl-e4"/>
      </object_component>
      <object_component id="oc-338">
         <name>.debug_info</name>
         <load_address>0xe239</load_address>
         <run_address>0xe239</run_address>
         <size>0xf3</size>
         <input_file_ref idref="fl-e5"/>
      </object_component>
      <object_component id="oc-334">
         <name>.debug_info</name>
         <load_address>0xe32c</load_address>
         <run_address>0xe32c</run_address>
         <size>0x156</size>
         <input_file_ref idref="fl-e6"/>
      </object_component>
      <object_component id="oc-26e">
         <name>.debug_info</name>
         <load_address>0xe482</load_address>
         <run_address>0xe482</run_address>
         <size>0x230</size>
         <input_file_ref idref="fl-e7"/>
      </object_component>
      <object_component id="oc-1e2">
         <name>.debug_info</name>
         <load_address>0xe6b2</load_address>
         <run_address>0xe6b2</run_address>
         <size>0x2a3</size>
         <input_file_ref idref="fl-e7"/>
      </object_component>
      <object_component id="oc-1bb">
         <name>.debug_info</name>
         <load_address>0xe955</load_address>
         <run_address>0xe955</run_address>
         <size>0x2b3</size>
         <input_file_ref idref="fl-e7"/>
      </object_component>
      <object_component id="oc-1c1">
         <name>.debug_info</name>
         <load_address>0xec08</load_address>
         <run_address>0xec08</run_address>
         <size>0x316</size>
         <input_file_ref idref="fl-e7"/>
      </object_component>
      <object_component id="oc-1d3">
         <name>.debug_info</name>
         <load_address>0xef1e</load_address>
         <run_address>0xef1e</run_address>
         <size>0x2b7</size>
         <input_file_ref idref="fl-e7"/>
      </object_component>
      <object_component id="oc-1c8">
         <name>.debug_info</name>
         <load_address>0xf1d5</load_address>
         <run_address>0xf1d5</run_address>
         <size>0x27b</size>
         <input_file_ref idref="fl-e7"/>
      </object_component>
      <object_component id="oc-26c">
         <name>.debug_info</name>
         <load_address>0xf450</load_address>
         <run_address>0xf450</run_address>
         <size>0x298</size>
         <input_file_ref idref="fl-e9"/>
      </object_component>
      <object_component id="oc-1cd">
         <name>.debug_info</name>
         <load_address>0xf6e8</load_address>
         <run_address>0xf6e8</run_address>
         <size>0x27f</size>
         <input_file_ref idref="fl-e9"/>
      </object_component>
      <object_component id="oc-1b5">
         <name>.debug_info</name>
         <load_address>0xf967</load_address>
         <run_address>0xf967</run_address>
         <size>0x27d</size>
         <input_file_ref idref="fl-e9"/>
      </object_component>
      <object_component id="oc-2a9">
         <name>.debug_info</name>
         <load_address>0xfbe4</load_address>
         <run_address>0xfbe4</run_address>
         <size>0x5f</size>
         <input_file_ref idref="fl-e9"/>
      </object_component>
      <object_component id="oc-27c">
         <name>.debug_info</name>
         <load_address>0xfc43</load_address>
         <run_address>0xfc43</run_address>
         <size>0x227</size>
         <input_file_ref idref="fl-ea"/>
      </object_component>
      <object_component id="oc-1ea">
         <name>.debug_info</name>
         <load_address>0xfe6a</load_address>
         <run_address>0xfe6a</run_address>
         <size>0x253</size>
         <input_file_ref idref="fl-ea"/>
      </object_component>
      <object_component id="oc-1f0">
         <name>.debug_info</name>
         <load_address>0x100bd</load_address>
         <run_address>0x100bd</run_address>
         <size>0x263</size>
         <input_file_ref idref="fl-ea"/>
      </object_component>
      <object_component id="oc-191">
         <name>.debug_info</name>
         <load_address>0x10320</load_address>
         <run_address>0x10320</run_address>
         <size>0x464</size>
         <input_file_ref idref="fl-ec"/>
      </object_component>
      <object_component id="oc-18e">
         <name>.debug_info</name>
         <load_address>0x10784</load_address>
         <run_address>0x10784</run_address>
         <size>0x167</size>
         <input_file_ref idref="fl-ec"/>
      </object_component>
      <object_component id="oc-ec">
         <name>.debug_info</name>
         <load_address>0x108eb</load_address>
         <run_address>0x108eb</run_address>
         <size>0x27d</size>
         <input_file_ref idref="fl-ec"/>
      </object_component>
      <object_component id="oc-195">
         <name>.debug_info</name>
         <load_address>0x10b68</load_address>
         <run_address>0x10b68</run_address>
         <size>0x3d9</size>
         <input_file_ref idref="fl-ed"/>
      </object_component>
      <object_component id="oc-f2">
         <name>.debug_info</name>
         <load_address>0x10f41</load_address>
         <run_address>0x10f41</run_address>
         <size>0x284</size>
         <input_file_ref idref="fl-ed"/>
      </object_component>
      <object_component id="oc-19d">
         <name>.debug_info</name>
         <load_address>0x111c5</load_address>
         <run_address>0x111c5</run_address>
         <size>0x51c</size>
         <input_file_ref idref="fl-ee"/>
      </object_component>
      <object_component id="oc-1a1">
         <name>.debug_info</name>
         <load_address>0x116e1</load_address>
         <run_address>0x116e1</run_address>
         <size>0x2fe</size>
         <input_file_ref idref="fl-ee"/>
      </object_component>
      <object_component id="oc-25f">
         <name>.debug_info</name>
         <load_address>0x119df</load_address>
         <run_address>0x119df</run_address>
         <size>0x315</size>
         <input_file_ref idref="fl-ee"/>
      </object_component>
      <object_component id="oc-265">
         <name>.debug_info</name>
         <load_address>0x11cf4</load_address>
         <run_address>0x11cf4</run_address>
         <size>0x34b</size>
         <input_file_ref idref="fl-ee"/>
      </object_component>
      <object_component id="oc-1a7">
         <name>.debug_info</name>
         <load_address>0x1203f</load_address>
         <run_address>0x1203f</run_address>
         <size>0x2cc</size>
         <input_file_ref idref="fl-ee"/>
      </object_component>
      <object_component id="oc-1ad">
         <name>.debug_info</name>
         <load_address>0x1230b</load_address>
         <run_address>0x1230b</run_address>
         <size>0x341</size>
         <input_file_ref idref="fl-ee"/>
      </object_component>
      <object_component id="oc-ff">
         <name>.debug_info</name>
         <load_address>0x1264c</load_address>
         <run_address>0x1264c</run_address>
         <size>0x450</size>
         <input_file_ref idref="fl-ee"/>
      </object_component>
      <object_component id="oc-10b">
         <name>.debug_info</name>
         <load_address>0x12a9c</load_address>
         <run_address>0x12a9c</run_address>
         <size>0x2b7</size>
         <input_file_ref idref="fl-ee"/>
      </object_component>
      <object_component id="oc-255">
         <name>.debug_info</name>
         <load_address>0x12d53</load_address>
         <run_address>0x12d53</run_address>
         <size>0x254</size>
         <input_file_ref idref="fl-ee"/>
      </object_component>
      <object_component id="oc-198">
         <name>.debug_info</name>
         <load_address>0x12fa7</load_address>
         <run_address>0x12fa7</run_address>
         <size>0x2b6</size>
         <input_file_ref idref="fl-ee"/>
      </object_component>
      <object_component id="oc-242">
         <name>.debug_info</name>
         <load_address>0x1325d</load_address>
         <run_address>0x1325d</run_address>
         <size>0x47f</size>
         <input_file_ref idref="fl-ee"/>
      </object_component>
      <object_component id="oc-105">
         <name>.debug_info</name>
         <load_address>0x136dc</load_address>
         <run_address>0x136dc</run_address>
         <size>0x2c0</size>
         <input_file_ref idref="fl-ee"/>
      </object_component>
      <object_component id="oc-189">
         <name>.debug_info</name>
         <load_address>0x1399c</load_address>
         <run_address>0x1399c</run_address>
         <size>0x4bd</size>
         <input_file_ref idref="fl-ee"/>
      </object_component>
      <object_component id="oc-f9">
         <name>.debug_info</name>
         <load_address>0x13e59</load_address>
         <run_address>0x13e59</run_address>
         <size>0x28d</size>
         <input_file_ref idref="fl-ee"/>
      </object_component>
      <object_component id="oc-238">
         <name>.debug_info</name>
         <load_address>0x140e6</load_address>
         <run_address>0x140e6</run_address>
         <size>0x362</size>
         <input_file_ref idref="fl-ef"/>
      </object_component>
      <object_component id="oc-234">
         <name>.debug_info</name>
         <load_address>0x14448</load_address>
         <run_address>0x14448</run_address>
         <size>0x165</size>
         <input_file_ref idref="fl-ef"/>
      </object_component>
      <object_component id="oc-149">
         <name>.debug_info</name>
         <load_address>0x145ad</load_address>
         <run_address>0x145ad</run_address>
         <size>0x158</size>
         <input_file_ref idref="fl-ef"/>
      </object_component>
      <object_component id="oc-2a3">
         <name>.debug_info</name>
         <load_address>0x14705</load_address>
         <run_address>0x14705</run_address>
         <size>0x3cd</size>
         <input_file_ref idref="fl-f0"/>
      </object_component>
      <object_component id="oc-249">
         <name>.debug_info</name>
         <load_address>0x14ad2</load_address>
         <run_address>0x14ad2</run_address>
         <size>0x2b1</size>
         <input_file_ref idref="fl-f0"/>
      </object_component>
      <object_component id="oc-386">
         <name>.debug_info</name>
         <load_address>0x14d83</load_address>
         <run_address>0x14d83</run_address>
         <size>0x9f</size>
      </object_component>
      <object_component id="oc-279">
         <name>.debug_line</name>
         <load_address>0x0</load_address>
         <run_address>0x0</run_address>
         <size>0x1b8</size>
         <input_file_ref idref="fl-2"/>
      </object_component>
      <object_component id="oc-27f">
         <name>.debug_line</name>
         <load_address>0x1b8</load_address>
         <run_address>0x1b8</run_address>
         <size>0x2e</size>
         <input_file_ref idref="fl-2"/>
      </object_component>
      <object_component id="oc-209">
         <name>.debug_line</name>
         <load_address>0x1e6</load_address>
         <run_address>0x1e6</run_address>
         <size>0x2e</size>
         <input_file_ref idref="fl-2"/>
      </object_component>
      <object_component id="oc-232">
         <name>.debug_line</name>
         <load_address>0x214</load_address>
         <run_address>0x214</run_address>
         <size>0x2e</size>
         <input_file_ref idref="fl-2"/>
      </object_component>
      <object_component id="oc-131">
         <name>.debug_line</name>
         <load_address>0x242</load_address>
         <run_address>0x242</run_address>
         <size>0x8c</size>
         <input_file_ref idref="fl-2"/>
      </object_component>
      <object_component id="oc-119">
         <name>.debug_line</name>
         <load_address>0x2ce</load_address>
         <run_address>0x2ce</run_address>
         <size>0x4f</size>
         <input_file_ref idref="fl-2"/>
      </object_component>
      <object_component id="oc-11f">
         <name>.debug_line</name>
         <load_address>0x31d</load_address>
         <run_address>0x31d</run_address>
         <size>0x60</size>
         <input_file_ref idref="fl-2"/>
      </object_component>
      <object_component id="oc-125">
         <name>.debug_line</name>
         <load_address>0x37d</load_address>
         <run_address>0x37d</run_address>
         <size>0x46</size>
         <input_file_ref idref="fl-2"/>
      </object_component>
      <object_component id="oc-12c">
         <name>.debug_line</name>
         <load_address>0x3c3</load_address>
         <run_address>0x3c3</run_address>
         <size>0x4f</size>
         <input_file_ref idref="fl-2"/>
      </object_component>
[...]
               <logical_group_ref idref="lg-6"/>
            </allocated_space>
            <available_space>
               <start_address>0x3b98</start_address>
               <size>0x3c468</size>
            </available_space>
         </usage_details>
      </memory_area>
      <memory_area display="yes" color="green">
         <name>SRAM</name>
         <page_id>0x0</page_id>
         <origin>0x20000000</origin>
         <length>0x8000</length>
         <used_space>0x86f</used_space>
         <unused_space>0x7791</unused_space>
         <attributes>RWX</attributes>
         <usage_details>
            <allocated_space>
               <start_address>0x20000000</start_address>
               <size>0x800</size>
               <logical_group_ref idref="lg-d"/>
            </allocated_space>
            <allocated_space>
               <start_address>0x20000800</start_address>
               <size>0x38</size>
               <logical_group_ref idref="lg-b"/>
            </allocated_space>
            <allocated_space>
               <start_address>0x20000838</start_address>
               <size>0x37</size>
               <logical_group_ref idref="lg-a"/>
            </allocated_space>
            <available_space>
               <start_address>0x2000086f</start_address>
               <size>0x7791</size>
            </available_space>
         </usage_details>
      </memory_area>
   </placement_map>
   <cptbl_list>
      <cptbl>
         <name>__TI_cinit_table</name>
         <cprec>
            <name>.data</name>
            <load_address>0x3b48</load_address>
            <load_size>0x29</load_size>
            <run_address>0x20000838</run_address>
            <run_size>0x37</run_size>
            <compression>lzss</compression>
         </cprec>
         <cprec>
            <name>.bss</name>
            <load_address>0x3b80</load_address>
            <load_size>0x8</load_size>
            <run_address>0x20000800</run_address>
            <run_size>0x38</run_size>
            <compression>zero_init</compression>
         </cprec>
      </cptbl>
   </cptbl_list>
   <handler_table>
      <handler_table_name>__TI_handler_table</handler_table_name>
      <handler>
         <index>0x0</index>
         <name>__TI_decompress_lzss</name>
      </handler>
      <handler>
         <index>0x1</index>
         <name>__TI_decompress_none</name>
      </handler>
      <handler>
         <index>0x2</index>
         <name>__TI_zero_init</name>
      </handler>
   </handler_table>
   <symbol_table>
      <symbol id="sm-1">
         <name>__STACK_TOP</name>
         <value>0x20000200</value>
      </symbol>
      <symbol id="sm-2">
         <name>__TI_CINIT_Base</name>
         <value>0x3b88</value>
      </symbol>
      <symbol id="sm-3">
         <name>__TI_CINIT_Limit</name>
         <value>0x3b98</value>
      </symbol>
      <symbol id="sm-4">
         <name>__TI_Handler_Table_Base</name>
         <value>0x3b74</value>
      </symbol>
      <symbol id="sm-5">
         <name>__TI_Handler_Table_Limit</name>
         <value>0x3b80</value>
      </symbol>
      <symbol id="sm-6">
         <name>binit</name>
         <value>0xffffffff</value>
      </symbol>
      <symbol id="sm-7">
         <name>__binit__</name>
         <value>0xffffffff</value>
      </symbol>
      <symbol id="sm-8">
         <name>__STACK_SIZE</name>
         <value>0x800</value>
      </symbol>
      <symbol id="sm-9">
         <name>__STACK_END</name>
         <value>0x20000800</value>
      </symbol>
      <symbol id="sm-a">
         <name>__c_args__</name>
         <value>0xffffffff</value>
      </symbol>
      <symbol id="sm-b">
         <name>__TI_pprof_out_hndl</name>
         <value>0xffffffff</value>
      </symbol>
      <symbol id="sm-c">
         <name>__TI_prof_data_start</name>
         <value>0xffffffff</value>
      </symbol>
      <symbol id="sm-d">
         <name>__TI_prof_data_size</name>
         <value>0xffffffff</value>
      </symbol>
      <symbol id="sm-f7">
         <name>readButtonPressFromBoard</name>
         <value>0x2481</value>
         <object_component_ref idref="oc-12d"/>
      </symbol>
      <symbol id="sm-f8">
         <name>displayInfoOnBoard</name>
         <value>0x1699</value>
         <object_component_ref idref="oc-139"/>
      </symbol>
      <symbol id="sm-f9">
         <name>floodCharacter</name>
         <value>0x35e1</value>
         <object_component_ref idref="oc-121"/>
      </symbol>
      <symbol id="sm-fa">
         <name>main</name>
         <value>0x13ad</value>
         <object_component_ref idref="oc-bc"/>
      </symbol>
      <symbol id="sm-fb">
         <name>getCharacterFromComputer</name>
         <value>0x3329</value>
         <object_component_ref idref="oc-127"/>
      </symbol>
      <symbol id="sm-fc">
         <name>blinkLED</name>
         <value>0x2f05</value>
         <object_component_ref idref="oc-11b"/>
      </symbol>
      <symbol id="sm-fd">
         <name>UARTSend</name>
         <value>0x346d</value>
         <object_component_ref idref="oc-115"/>
      </symbol>
      <symbol id="sm-fe">
         <name>clearOLED</name>
         <value>0x2d81</value>
         <object_component_ref idref="oc-133"/>
      </symbol>
      <symbol id="sm-134">
         <name>ResetISR</name>
         <value>0x3643</value>
         <object_component_ref idref="oc-2b"/>
      </symbol>
      <symbol id="sm-135">
         <name>g_pfnVectors</name>
         <value>0x0</value>
         <object_component_ref idref="oc-f"/>
      </symbol>
      <symbol id="sm-158">
         <name>ButtonsInit</name>
         <value>0x2ea9</value>
         <object_component_ref idref="oc-10f"/>
      </symbol>
      <symbol id="sm-1ef">
         <name>g_sCFAL96x64x16</name>
         <value>0x3b10</value>
         <object_component_ref idref="oc-142"/>
      </symbol>
      <symbol id="sm-1f0">
         <name>CFAL96x64x16Init</name>
         <value>0x1f59</value>
         <object_component_ref idref="oc-e5"/>
      </symbol>
      <symbol id="sm-202">
         <name>_c_int00</name>
         <value>0x2fbd</value>
         <object_component_ref idref="oc-24"/>
      </symbol>
      <symbol id="sm-203">
         <name>__stack</name>
         <value>0x20000000</value>
         <object_component_ref idref="oc-2a"/>
      </symbol>
      <symbol id="sm-221">
         <name>__TI_decompress_lzss</name>
         <value>0x2d19</value>
         <object_component_ref idref="oc-12"/>
      </symbol>
      <symbol id="sm-238">
         <name>__TI_decompress_none</name>
         <value>0x360f</value>
         <object_component_ref idref="oc-18"/>
      </symbol>
      <symbol id="sm-24f">
         <name>__TI_zero_init</name>
         <value>0x361d</value>
         <object_component_ref idref="oc-1e"/>
      </symbol>
      <symbol id="sm-270">
         <name>C$$EXIT</name>
         <value>0x3011</value>
         <object_component_ref idref="oc-81"/>
      </symbol>
      <symbol id="sm-271">
         <name>abort</name>
         <value>0x3015</value>
         <object_component_ref idref="oc-81"/>
      </symbol>
      <symbol id="sm-272">
         <name>exit</name>
         <value>0x301d</value>
         <object_component_ref idref="oc-81"/>
      </symbol>
      <symbol id="sm-273">
         <name>__TI_dtors_ptr</name>
         <value>0x20000850</value>
         <object_component_ref idref="oc-c4"/>
      </symbol>
      <symbol id="sm-274">
         <name>__TI_cleanup_ptr</name>
         <value>0x2000084c</value>
         <object_component_ref idref="oc-c4"/>
      </symbol>
      <symbol id="sm-275">
         <name>__TI_enable_exit_profile_output</name>
         <value>0x20000854</value>
         <object_component_ref idref="oc-c4"/>
      </symbol>
      <symbol id="sm-290">
         <name>memcpy</name>
         <value>0x2835</value>
         <object_component_ref idref="oc-51"/>
      </symbol>
      <symbol id="sm-291">
         <name>__aeabi_memcpy</name>
         <value>0x2835</value>
         <object_component_ref idref="oc-51"/>
      </symbol>
      <symbol id="sm-292">
         <name>__aeabi_memcpy8</name>
         <value>0x2835</value>
         <object_component_ref idref="oc-51"/>
      </symbol>
      <symbol id="sm-293">
         <name>__aeabi_memcpy4</name>
         <value>0x2835</value>
         <object_component_ref idref="oc-51"/>
      </symbol>
      <symbol id="sm-2a2">
         <name>__aeabi_memset</name>
         <value>0x2af3</value>
         <object_component_ref idref="oc-5d"/>
      </symbol>
      <symbol id="sm-2a3">
         <name>memset</name>
         <value>0x2af9</value>
         <object_component_ref idref="oc-5d"/>
      </symbol>
      <symbol id="sm-2a4">
         <name>__aeabi_memset8</name>
         <value>0x2af3</value>
         <object_component_ref idref="oc-5d"/>
      </symbol>
      <symbol id="sm-2a5">
         <name>__aeabi_memset4</name>
         <value>0x2af3</value>
         <object_component_ref idref="oc-5d"/>
      </symbol>
      <symbol id="sm-2a6">
         <name>__aeabi_memclr8</name>
         <value>0x2af1</value>
         <object_component_ref idref="oc-5d"/>
      </symbol>
      <symbol id="sm-2a7">
         <name>__aeabi_memclr4</name>
         <value>0x2af1</value>
         <object_component_ref idref="oc-5d"/>
      </symbol>
      <symbol id="sm-2a8">
         <name>__aeabi_memclr</name>
         <value>0x2af1</value>
         <object_component_ref idref="oc-5d"/>
      </symbol>
      <symbol id="sm-2b2">
         <name>__mpu_init</name>
         <value>0x2fbb</value>
         <object_component_ref idref="oc-69"/>
      </symbol>
      <symbol id="sm-2bc">
         <name>_system_pre_init</name>
         <value>0x3649</value>
         <object_component_ref idref="oc-6f"/>
      </symbol>
      <symbol id="sm-2d5">
         <name>sprintf</name>
         <value>0x2e49</value>
         <object_component_ref idref="oc-1fb"/>
      </symbol>
      <symbol id="sm-2dd">
         <name>main_func_sp</name>
         <value>0x20000868</value>
         <object_component_ref idref="oc-87"/>
      </symbol>
      <symbol id="sm-2ec">
         <name>strcmp</name>
         <value>0x3549</value>
         <object_component_ref idref="oc-201"/>
      </symbol>
      <symbol id="sm-306">
         <name>_nop</name>
         <value>0x35b3</value>
         <object_component_ref idref="oc-15a"/>
      </symbol>
      <symbol id="sm-307">
         <name>_lock</name>
         <value>0x20000858</value>
         <object_component_ref idref="oc-c7"/>
      </symbol>
      <symbol id="sm-308">
         <name>_unlock</name>
         <value>0x2000085c</value>
         <object_component_ref idref="oc-c7"/>
      </symbol>
      <symbol id="sm-309">
         <name>_register_lock</name>
         <value>0x35ab</value>
         <object_component_ref idref="oc-15a"/>
      </symbol>
      <symbol id="sm-30a">
         <name>_register_unlock</name>
         <value>0x35a5</value>
         <object_component_ref idref="oc-15a"/>
      </symbol>
      <symbol id="sm-40b">
         <name>__TI_printfi</name>
         <value>0xab1</value>
         <object_component_ref idref="oc-280"/>
      </symbol>
      <symbol id="sm-41f">
         <name>_args_main</name>
         <value>0x3531</value>
         <object_component_ref idref="oc-7b"/>
      </symbol>
      <symbol id="sm-435">
         <name>atoi</name>
         <value>0x3159</value>
         <object_component_ref idref="oc-2fa"/>
      </symbol>
      <symbol id="sm-45f">
         <name>__TI_auto_init</name>
         <value>0x2b6d</value>
         <object_component_ref idref="oc-75"/>
      </symbol>
      <symbol id="sm-479">
         <name>copy_in</name>
         <value>0x31a5</value>
         <object_component_ref idref="oc-ae"/>
      </symbol>
      <symbol id="sm-484">
         <name>_ctypes_</name>
         <value>0x3944</value>
         <object_component_ref idref="oc-33e"/>
      </symbol>
      <symbol id="sm-49b">
         <name>__aeabi_dsub</name>
         <value>0x1da1</value>
         <object_component_ref idref="oc-2e3"/>
      </symbol>
      <symbol id="sm-49c">
         <name>__aeabi_dadd</name>
         <value>0x1dab</value>
         <object_component_ref idref="oc-2e3"/>
      </symbol>
      <symbol id="sm-4be">
         <name>__aeabi_cdcmpeq</name>
         <value>0x29e5</value>
         <object_component_ref idref="oc-2bf"/>
      </symbol>
      <symbol id="sm-4bf">
         <name>__aeabi_cdcmple</name>
         <value>0x29e5</value>
         <object_component_ref idref="oc-2bf"/>
      </symbol>
      <symbol id="sm-4c0">
         <name>__aeabi_cdrcmple</name>
         <value>0x2a6b</value>
         <object_component_ref idref="oc-2ce"/>
      </symbol>
      <symbol id="sm-4d4">
         <name>__aeabi_ddiv</name>
         <value>0x2217</value>
         <object_component_ref idref="oc-2c9"/>
      </symbol>
      <symbol id="sm-4df">
         <name>__aeabi_dmul</name>
         <value>0x257d</value>
         <object_component_ref idref="oc-2c4"/>
      </symbol>
      <symbol id="sm-4e9">
         <name>__aeabi_d2iz</name>
         <value>0x323b</value>
         <object_component_ref idref="oc-2d3"/>
      </symbol>
      <symbol id="sm-4f4">
         <name>__aeabi_i2d</name>
         <value>0x33bd</value>
         <object_component_ref idref="oc-2de"/>
      </symbol>
      <symbol id="sm-503">
         <name>ltoa</name>
         <value>0x3065</value>
         <object_component_ref idref="oc-2d8"/>
      </symbol>
      <symbol id="sm-513">
         <name>memccpy</name>
         <value>0x34fb</value>
         <object_component_ref idref="oc-300"/>
      </symbol>
      <symbol id="sm-52e">
         <name>frexpl</name>
         <value>0x2de5</value>
         <object_component_ref idref="oc-2e8"/>
      </symbol>
      <symbol id="sm-52f">
         <name>frexp</name>
         <value>0x2de5</value>
         <object_component_ref idref="oc-2e8"/>
      </symbol>
      <symbol id="sm-54c">
         <name>scalbn</name>
         <value>0x2679</value>
         <object_component_ref idref="oc-2ee"/>
      </symbol>
      <symbol id="sm-54d">
         <name>scalbnl</name>
         <value>0x2679</value>
         <object_component_ref idref="oc-2ee"/>
      </symbol>
      <symbol id="sm-54e">
         <name>ldexpl</name>
         <value>0x2679</value>
         <object_component_ref idref="oc-2ee"/>
      </symbol>
      <symbol id="sm-54f">
         <name>ldexp</name>
         <value>0x2679</value>
         <object_component_ref idref="oc-2ee"/>
      </symbol>
      <symbol id="sm-559">
         <name>_system_post_cinit</name>
         <value>0x346b</value>
         <object_component_ref idref="oc-b4"/>
      </symbol>
      <symbol id="sm-569">
         <name>strchr</name>
         <value>0x358d</value>
         <object_component_ref idref="oc-2f4"/>
      </symbol>
      <symbol id="sm-577">
         <name>strlen</name>
         <value>0x35cd</value>
         <object_component_ref idref="oc-2b9"/>
      </symbol>
      <symbol id="sm-593">
         <name>__aeabi_uldivmod</name>
         <value>0x1bad</value>
         <object_component_ref idref="oc-2b4"/>
      </symbol>
      <symbol id="sm-59b">
         <name>errno</name>
         <value>0x20000864</value>
         <object_component_ref idref="oc-337"/>
      </symbol>
      <symbol id="sm-5a5">
         <name>copysign</name>
         <value>0x35b9</value>
         <object_component_ref idref="oc-331"/>
      </symbol>
      <symbol id="sm-5a6">
         <name>copysignl</name>
         <value>0x35b9</value>
         <object_component_ref idref="oc-331"/>
      </symbol>
      <symbol id="sm-5d5">
         <name>GPIOPinTypeGPIOOutput</name>
         <value>0x3517</value>
         <object_component_ref idref="oc-1d2"/>
      </symbol>
      <symbol id="sm-5d6">
         <name>GPIOPinRead</name>
         <value>0x3631</value>
         <object_component_ref idref="oc-1c6"/>
      </symbol>
      <symbol id="sm-5d7">
         <name>GPIODirModeSet</name>
         <value>0x3441</value>
         <object_component_ref idref="oc-1ba"/>
      </symbol>
      <symbol id="sm-5d8">
         <name>GPIOPinWrite</name>
         <value>0x3637</value>
         <object_component_ref idref="oc-1e1"/>
      </symbol>
      <symbol id="sm-5d9">
         <name>GPIOPadConfigSet</name>
         <value>0x234d</value>
         <object_component_ref idref="oc-1c0"/>
      </symbol>
      <symbol id="sm-5f9">
         <name>SysCtlPeripheralEnable</name>
         <value>0x32f5</value>
         <object_component_ref idref="oc-1b4"/>
      </symbol>
      <symbol id="sm-5fa">
         <name>SysCtlPeripheralReady</name>
         <value>0x32bd</value>
         <object_component_ref idref="oc-1cc"/>
      </symbol>
      <symbol id="sm-60f">
         <name>UARTCharsAvail</name>
         <value>0x3601</value>
         <object_component_ref idref="oc-1e9"/>
      </symbol>
      <symbol id="sm-610">
         <name>UARTCharGetNonBlocking</name>
         <value>0x35f3</value>
         <object_component_ref idref="oc-1ef"/>
      </symbol>
      <symbol id="sm-62c">
         <name>GrContextInit</name>
         <value>0x2c49</value>
         <object_component_ref idref="oc-eb"/>
      </symbol>
      <symbol id="sm-62d">
         <name>g_psDefaultCodePointMapTable</name>
         <value>0x3b38</value>
         <object_component_ref idref="oc-18d"/>
      </symbol>
      <symbol id="sm-63b">
         <name>GrRectFill</name>
         <value>0x295f</value>
         <object_component_ref idref="oc-f1"/>
      </symbol>
      <symbol id="sm-6de">
         <name>GrFontInfoGet</name>
         <value>0x3495</value>
         <object_component_ref idref="oc-1ab"/>
      </symbol>
      <symbol id="sm-6df">
         <name>GrDefaultStringRenderer</name>
         <value>0x2775</value>
         <object_component_ref idref="oc-187"/>
      </symbol>
      <symbol id="sm-6e0">
         <name>GrFontGlyphRender</name>
         <value>0x1959</value>
         <object_component_ref idref="oc-240"/>
      </symbol>
      <symbol id="sm-6e1">
         <name>GrContextFontSet</name>
         <value>0x363d</value>
         <object_component_ref idref="oc-f7"/>
      </symbol>
      <symbol id="sm-6e2">
         <name>GrFontGlyphDataGet</name>
         <value>0x34bb</value>
         <object_component_ref idref="oc-1a5"/>
      </symbol>
      <symbol id="sm-6e3">
         <name>GrStringDraw</name>
         <value>0x3577</value>
         <object_component_ref idref="oc-109"/>
      </symbol>
      <symbol id="sm-6e4">
         <name>GrFontCodepageGet</name>
         <value>0x34dd</value>
         <object_component_ref idref="oc-253"/>
      </symbol>
      <symbol id="sm-6e5">
         <name>GrStringNextCharGet</name>
         <value>0x338f</value>
         <object_component_ref idref="oc-19f"/>
      </symbol>
      <symbol id="sm-6e6">
         <name>GrStringWidthGet</name>
         <value>0x2cb1</value>
         <object_component_ref idref="oc-fd"/>
      </symbol>
      <symbol id="sm-6e7">
         <name>GrFontBaselineGet</name>
         <value>0x33eb</value>
         <object_component_ref idref="oc-103"/>
      </symbol>
      <symbol id="sm-6f9">
         <name>g_sFontFixed6x8</name>
         <value>0x3a48</value>
         <object_component_ref idref="oc-148"/>
      </symbol>
      <symbol id="sm-706">
         <name>GrMapISO8859_1_Unicode</name>
         <value>0x3629</value>
         <object_component_ref idref="oc-247"/>
      </symbol>
      <symbol id="sm-708">
         <name>__TI_static_base__</name>
         <value>0x0</value>
      </symbol>
      <symbol id="sm-70b">
         <name>SHT$$INIT_ARRAY$$Limit</name>
         <value>0x0</value>
      </symbol>
      <symbol id="sm-70c">
         <name>SHT$$INIT_ARRAY$$Base</name>
         <value>0x0</value>
      </symbol>
   </symbol_table>
   <title>Link successful</title>
</link_info>
